<!doctype html public "-//w3c//dtd html 4.0 transitional//en">
<html><head>
<title>Static Call Graph - [..\OBJ\NRF24L01.axf]</title></head>
<body><HR>
<H1>Static Call Graph for image ..\OBJ\NRF24L01.axf</H1><HR>
<BR><P>#&#060CALLGRAPH&#062# ARM Linker, 5050106: Last Updated: Thu May 16 18:21:02 2019
<BR><P>
<H3>Maximum Stack Usage =        736 bytes + Unknown(Functions without stacksize, Cycles, Untraceable Function Pointers)</H3><H3>
Call chain for Maximum Stack Depth:</H3>
ethernet_input &rArr; ip_input &rArr; tcp_input &rArr; tcp_listen_input &rArr; tcp_alloc &rArr; tcp_kill_prio &rArr; tcp_abort &rArr; tcp_abandon &rArr; tcp_pcb_remove &rArr; tcp_output &rArr; tcp_output_segment &rArr; ip_output &rArr; ip_output_if &rArr; ip_frag &rArr; pbuf_alloc &rArr; pbuf_free &rArr; mem_free &rArr; plug_holes &rArr; __2printf &rArr; _printf_char_file &rArr; _printf_char_common &rArr; __printf
<P>
<H3>
Functions with no stack information
</H3><UL>
 <LI><a href="#[211]">__user_initial_stackheap</a>
</UL>
</UL>
<P>
<H3>
Mutually Recursive functions
</H3> <LI><a href="#[2d]">ADC1_2_IRQHandler</a>&nbsp;&nbsp;&nbsp;&rArr;&nbsp;&nbsp;&nbsp;<a href="#[2d]">ADC1_2_IRQHandler</a><BR>
</UL>
<P>
<H3>
Function Pointers
</H3><UL>
 <LI><a href="#[2d]">ADC1_2_IRQHandler</a> from startup_stm32f10x_hd.o(.text) referenced from startup_stm32f10x_hd.o(RESET)
 <LI><a href="#[4a]">ADC3_IRQHandler</a> from startup_stm32f10x_hd.o(.text) referenced from startup_stm32f10x_hd.o(RESET)
 <LI><a href="#[15]">BusFault_Handler</a> from stm32f10x_it.o(.text) referenced from startup_stm32f10x_hd.o(RESET)
 <LI><a href="#[30]">CAN1_RX1_IRQHandler</a> from startup_stm32f10x_hd.o(.text) referenced from startup_stm32f10x_hd.o(RESET)
 <LI><a href="#[31]">CAN1_SCE_IRQHandler</a> from startup_stm32f10x_hd.o(.text) referenced from startup_stm32f10x_hd.o(RESET)
 <LI><a href="#[26]">DMA1_Channel1_IRQHandler</a> from startup_stm32f10x_hd.o(.text) referenced from startup_stm32f10x_hd.o(RESET)
 <LI><a href="#[27]">DMA1_Channel2_IRQHandler</a> from startup_stm32f10x_hd.o(.text) referenced from startup_stm32f10x_hd.o(RESET)
 <LI><a href="#[28]">DMA1_Channel3_IRQHandler</a> from startup_stm32f10x_hd.o(.text) referenced from startup_stm32f10x_hd.o(RESET)
 <LI><a href="#[29]">DMA1_Channel4_IRQHandler</a> from startup_stm32f10x_hd.o(.text) referenced from startup_stm32f10x_hd.o(RESET)
 <LI><a href="#[2a]">DMA1_Channel5_IRQHandler</a> from startup_stm32f10x_hd.o(.text) referenced from startup_stm32f10x_hd.o(RESET)
 <LI><a href="#[2b]">DMA1_Channel6_IRQHandler</a> from startup_stm32f10x_hd.o(.text) referenced from startup_stm32f10x_hd.o(RESET)
 <LI><a href="#[2c]">DMA1_Channel7_IRQHandler</a> from startup_stm32f10x_hd.o(.text) referenced from startup_stm32f10x_hd.o(RESET)
 <LI><a href="#[53]">DMA2_Channel1_IRQHandler</a> from startup_stm32f10x_hd.o(.text) referenced from startup_stm32f10x_hd.o(RESET)
 <LI><a href="#[54]">DMA2_Channel2_IRQHandler</a> from startup_stm32f10x_hd.o(.text) referenced from startup_stm32f10x_hd.o(RESET)
 <LI><a href="#[55]">DMA2_Channel3_IRQHandler</a> from startup_stm32f10x_hd.o(.text) referenced from startup_stm32f10x_hd.o(RESET)
 <LI><a href="#[56]">DMA2_Channel4_5_IRQHandler</a> from startup_stm32f10x_hd.o(.text) referenced from startup_stm32f10x_hd.o(RESET)
 <LI><a href="#[18]">DebugMon_Handler</a> from stm32f10x_it.o(.text) referenced from startup_stm32f10x_hd.o(RESET)
 <LI><a href="#[9]">ENC28J60_PHY_Read</a> from enc28j60.o(.text) referenced 2 times from usmart_config.o(.data)
 <LI><a href="#[a]">ENC28J60_PHY_Write</a> from enc28j60.o(.text) referenced 2 times from usmart_config.o(.data)
 <LI><a href="#[7]">ENC28J60_Read</a> from enc28j60.o(.text) referenced 2 times from usmart_config.o(.data)
 <LI><a href="#[8]">ENC28J60_Write</a> from enc28j60.o(.text) referenced 2 times from usmart_config.o(.data)
 <LI><a href="#[21]">EXTI0_IRQHandler</a> from exti.o(.text) referenced from startup_stm32f10x_hd.o(RESET)
 <LI><a href="#[43]">EXTI15_10_IRQHandler</a> from startup_stm32f10x_hd.o(.text) referenced from startup_stm32f10x_hd.o(RESET)
 <LI><a href="#[22]">EXTI1_IRQHandler</a> from enc28j60.o(.text) referenced from startup_stm32f10x_hd.o(RESET)
 <LI><a href="#[23]">EXTI2_IRQHandler</a> from startup_stm32f10x_hd.o(.text) referenced from startup_stm32f10x_hd.o(RESET)
 <LI><a href="#[24]">EXTI3_IRQHandler</a> from startup_stm32f10x_hd.o(.text) referenced from startup_stm32f10x_hd.o(RESET)
 <LI><a href="#[25]">EXTI4_IRQHandler</a> from startup_stm32f10x_hd.o(.text) referenced from startup_stm32f10x_hd.o(RESET)
 <LI><a href="#[32]">EXTI9_5_IRQHandler</a> from startup_stm32f10x_hd.o(.text) referenced from startup_stm32f10x_hd.o(RESET)
 <LI><a href="#[1f]">FLASH_IRQHandler</a> from startup_stm32f10x_hd.o(.text) referenced from startup_stm32f10x_hd.o(RESET)
 <LI><a href="#[4b]">FSMC_IRQHandler</a> from startup_stm32f10x_hd.o(.text) referenced from startup_stm32f10x_hd.o(RESET)
 <LI><a href="#[13]">HardFault_Handler</a> from stm32f10x_it.o(.text) referenced from startup_stm32f10x_hd.o(RESET)
 <LI><a href="#[3b]">I2C1_ER_IRQHandler</a> from startup_stm32f10x_hd.o(.text) referenced from startup_stm32f10x_hd.o(RESET)
 <LI><a href="#[3a]">I2C1_EV_IRQHandler</a> from startup_stm32f10x_hd.o(.text) referenced from startup_stm32f10x_hd.o(RESET)
 <LI><a href="#[3d]">I2C2_ER_IRQHandler</a> from startup_stm32f10x_hd.o(.text) referenced from startup_stm32f10x_hd.o(RESET)
 <LI><a href="#[3c]">I2C2_EV_IRQHandler</a> from startup_stm32f10x_hd.o(.text) referenced from startup_stm32f10x_hd.o(RESET)
 <LI><a href="#[14]">MemManage_Handler</a> from stm32f10x_it.o(.text) referenced from startup_stm32f10x_hd.o(RESET)
 <LI><a href="#[12]">NMI_Handler</a> from stm32f10x_it.o(.text) referenced from startup_stm32f10x_hd.o(RESET)
 <LI><a href="#[1c]">PVD_IRQHandler</a> from startup_stm32f10x_hd.o(.text) referenced from startup_stm32f10x_hd.o(RESET)
 <LI><a href="#[19]">PendSV_Handler</a> from stm32f10x_it.o(.text) referenced from startup_stm32f10x_hd.o(RESET)
 <LI><a href="#[20]">RCC_IRQHandler</a> from startup_stm32f10x_hd.o(.text) referenced from startup_stm32f10x_hd.o(RESET)
 <LI><a href="#[44]">RTCAlarm_IRQHandler</a> from startup_stm32f10x_hd.o(.text) referenced from startup_stm32f10x_hd.o(RESET)
 <LI><a href="#[1e]">RTC_IRQHandler</a> from startup_stm32f10x_hd.o(.text) referenced from startup_stm32f10x_hd.o(RESET)
 <LI><a href="#[11]">Reset_Handler</a> from startup_stm32f10x_hd.o(.text) referenced from startup_stm32f10x_hd.o(RESET)
 <LI><a href="#[4c]">SDIO_IRQHandler</a> from startup_stm32f10x_hd.o(.text) referenced from startup_stm32f10x_hd.o(RESET)
 <LI><a href="#[3e]">SPI1_IRQHandler</a> from startup_stm32f10x_hd.o(.text) referenced from startup_stm32f10x_hd.o(RESET)
 <LI><a href="#[3f]">SPI2_IRQHandler</a> from startup_stm32f10x_hd.o(.text) referenced from startup_stm32f10x_hd.o(RESET)
 <LI><a href="#[4e]">SPI3_IRQHandler</a> from startup_stm32f10x_hd.o(.text) referenced from startup_stm32f10x_hd.o(RESET)
 <LI><a href="#[17]">SVC_Handler</a> from stm32f10x_it.o(.text) referenced from startup_stm32f10x_hd.o(RESET)
 <LI><a href="#[1a]">SysTick_Handler</a> from stm32f10x_it.o(.text) referenced from startup_stm32f10x_hd.o(RESET)
 <LI><a href="#[57]">SystemInit</a> from system_stm32f10x.o(.text) referenced from startup_stm32f10x_hd.o(.text)
 <LI><a href="#[1d]">TAMPER_IRQHandler</a> from startup_stm32f10x_hd.o(.text) referenced from startup_stm32f10x_hd.o(RESET)
 <LI><a href="#[33]">TIM1_BRK_IRQHandler</a> from startup_stm32f10x_hd.o(.text) referenced from startup_stm32f10x_hd.o(RESET)
 <LI><a href="#[36]">TIM1_CC_IRQHandler</a> from startup_stm32f10x_hd.o(.text) referenced from startup_stm32f10x_hd.o(RESET)
 <LI><a href="#[35]">TIM1_TRG_COM_IRQHandler</a> from startup_stm32f10x_hd.o(.text) referenced from startup_stm32f10x_hd.o(RESET)
 <LI><a href="#[34]">TIM1_UP_IRQHandler</a> from startup_stm32f10x_hd.o(.text) referenced from startup_stm32f10x_hd.o(RESET)
 <LI><a href="#[37]">TIM2_IRQHandler</a> from startup_stm32f10x_hd.o(.text) referenced from startup_stm32f10x_hd.o(RESET)
 <LI><a href="#[38]">TIM3_IRQHandler</a> from timer.o(.text) referenced from startup_stm32f10x_hd.o(RESET)
 <LI><a href="#[39]">TIM4_IRQHandler</a> from usmart.o(.text) referenced from startup_stm32f10x_hd.o(RESET)
 <LI><a href="#[4d]">TIM5_IRQHandler</a> from startup_stm32f10x_hd.o(.text) referenced from startup_stm32f10x_hd.o(RESET)
 <LI><a href="#[51]">TIM6_IRQHandler</a> from startup_stm32f10x_hd.o(.text) referenced from startup_stm32f10x_hd.o(RESET)
 <LI><a href="#[52]">TIM7_IRQHandler</a> from startup_stm32f10x_hd.o(.text) referenced from startup_stm32f10x_hd.o(RESET)
 <LI><a href="#[46]">TIM8_BRK_IRQHandler</a> from startup_stm32f10x_hd.o(.text) referenced from startup_stm32f10x_hd.o(RESET)
 <LI><a href="#[49]">TIM8_CC_IRQHandler</a> from startup_stm32f10x_hd.o(.text) referenced from startup_stm32f10x_hd.o(RESET)
 <LI><a href="#[48]">TIM8_TRG_COM_IRQHandler</a> from startup_stm32f10x_hd.o(.text) referenced from startup_stm32f10x_hd.o(RESET)
 <LI><a href="#[47]">TIM8_UP_IRQHandler</a> from startup_stm32f10x_hd.o(.text) referenced from startup_stm32f10x_hd.o(RESET)
 <LI><a href="#[4f]">UART4_IRQHandler</a> from startup_stm32f10x_hd.o(.text) referenced from startup_stm32f10x_hd.o(RESET)
 <LI><a href="#[50]">UART5_IRQHandler</a> from startup_stm32f10x_hd.o(.text) referenced from startup_stm32f10x_hd.o(RESET)
 <LI><a href="#[40]">USART1_IRQHandler</a> from usart.o(.text) referenced from startup_stm32f10x_hd.o(RESET)
 <LI><a href="#[41]">USART2_IRQHandler</a> from startup_stm32f10x_hd.o(.text) referenced from startup_stm32f10x_hd.o(RESET)
 <LI><a href="#[42]">USART3_IRQHandler</a> from startup_stm32f10x_hd.o(.text) referenced from startup_stm32f10x_hd.o(RESET)
 <LI><a href="#[45]">USBWakeUp_IRQHandler</a> from startup_stm32f10x_hd.o(.text) referenced from startup_stm32f10x_hd.o(RESET)
 <LI><a href="#[2e]">USB_HP_CAN1_TX_IRQHandler</a> from startup_stm32f10x_hd.o(.text) referenced from startup_stm32f10x_hd.o(RESET)
 <LI><a href="#[2f]">USB_LP_CAN1_RX0_IRQHandler</a> from startup_stm32f10x_hd.o(.text) referenced from startup_stm32f10x_hd.o(RESET)
 <LI><a href="#[16]">UsageFault_Handler</a> from stm32f10x_it.o(.text) referenced from startup_stm32f10x_hd.o(RESET)
 <LI><a href="#[1b]">WWDG_IRQHandler</a> from startup_stm32f10x_hd.o(.text) referenced from startup_stm32f10x_hd.o(RESET)
 <LI><a href="#[68]">__main</a> from __main.o(!!!main) referenced from startup_stm32f10x_hd.o(.text)
 <LI><a href="#[66]">_printf_input_char</a> from _printf_char_common.o(.text) referenced from _printf_char_common.o(.text)
 <LI><a href="#[65]">_sputc</a> from _sputc.o(.text) referenced from noretval__2sprintf.o(.text)
 <LI><a href="#[62]">arp_timer</a> from timers.o(.text) referenced from timers.o(.text)
 <LI><a href="#[5]">delay_ms</a> from delay.o(.text) referenced 2 times from usmart_config.o(.data)
 <LI><a href="#[6]">delay_us</a> from delay.o(.text) referenced 2 times from usmart_config.o(.data)
 <LI><a href="#[5e]">dhcp_recv</a> from dhcp.o(.text) referenced from dhcp.o(.text)
 <LI><a href="#[63]">dhcp_timer_coarse</a> from timers.o(.text) referenced from timers.o(.text)
 <LI><a href="#[64]">dhcp_timer_fine</a> from timers.o(.text) referenced from timers.o(.text)
 <LI><a href="#[5b]">etharp_output</a> from etharp.o(.text) referenced from ethernetif.o(.text)
 <LI><a href="#[59]">ethernet_input</a> from etharp.o(.text) referenced from lwip_comm.o(.text)
 <LI><a href="#[5a]">ethernetif_init</a> from ethernetif.o(.text) referenced from lwip_comm.o(.text)
 <LI><a href="#[67]">fputc</a> from usart.o(.text) referenced from _printf_char_file.o(.text)
 <LI><a href="#[61]">ip_reass_timer</a> from timers.o(.text) referenced from timers.o(.text)
 <LI><a href="#[5d]">ipfrag_free_pbuf_custom</a> from ip_frag.o(.text) referenced from ip_frag.o(.text)
 <LI><a href="#[5c]">low_level_output</a> from ethernetif.o(.text) referenced from ethernetif.o(.text)
 <LI><a href="#[f]">my_mem_init</a> from malloc.o(.text) referenced 2 times from malloc.o(.data)
 <LI><a href="#[10]">my_mem_perused</a> from malloc.o(.text) referenced 2 times from malloc.o(.data)
 <LI><a href="#[3]">read_addr</a> from usmart.o(.text) referenced 2 times from usmart_config.o(.data)
 <LI><a href="#[5f]">tcp_accept_null</a> from tcp.o(.text) referenced from tcp.o(.text)
 <LI><a href="#[1d8]">tcp_recv_null</a> from tcp.o(.text) referenced from tcp.o(.text)
 <LI><a href="#[60]">tcpip_tcp_timer</a> from timers.o(.text) referenced from timers.o(.text)
 <LI><a href="#[146]">udp_demo_recv</a> from udp_demo.o(.text) referenced from udp_demo.o(.text)
 <LI><a href="#[c]">usmart_cmd_rec</a> from usmart.o(.text) referenced 2 times from usmart_config.o(.data)
 <LI><a href="#[d]">usmart_exe</a> from usmart.o(.text) referenced 2 times from usmart_config.o(.data)
 <LI><a href="#[b]">usmart_init</a> from usmart.o(.text) referenced 2 times from usmart_config.o(.data)
 <LI><a href="#[e]">usmart_scan</a> from usmart.o(.text) referenced 2 times from usmart_config.o(.data)
 <LI><a href="#[4]">write_addr</a> from usmart.o(.text) referenced 2 times from usmart_config.o(.data)
</UL>
<P>
<H3>
Global Symbols
</H3>
<P><STRONG><a name="[68]"></a>__main</STRONG> (Thumb, 8 bytes, Stack size 0 bytes, __main.o(!!!main))
<BR><BR>[Calls]<UL><LI><a href="#[6a]">&gt;&gt;</a>&nbsp;&nbsp;&nbsp;__rt_entry
<LI><a href="#[69]">&gt;&gt;</a>&nbsp;&nbsp;&nbsp;__scatterload
</UL>

<P><STRONG><a name="[69]"></a>__scatterload</STRONG> (Thumb, 0 bytes, Stack size unknown bytes, __scatter.o(!!!scatter))
<BR><BR>[Called By]<UL><LI><a href="#[68]">&gt;&gt;</a>&nbsp;&nbsp;&nbsp;__main
</UL>

<P><STRONG><a name="[6b]"></a>__scatterload_rt2</STRONG> (Thumb, 44 bytes, Stack size unknown bytes, __scatter.o(!!!scatter), UNUSED)
<BR><BR>[Calls]<UL><LI><a href="#[6a]">&gt;&gt;</a>&nbsp;&nbsp;&nbsp;__rt_entry
</UL>

<P><STRONG><a name="[213]"></a>__scatterload_rt2_thumb_only</STRONG> (Thumb, 0 bytes, Stack size unknown bytes, __scatter.o(!!!scatter), UNUSED)

<P><STRONG><a name="[214]"></a>__scatterload_null</STRONG> (Thumb, 0 bytes, Stack size unknown bytes, __scatter.o(!!!scatter), UNUSED)

<P><STRONG><a name="[215]"></a>__decompress</STRONG> (Thumb, 90 bytes, Stack size unknown bytes, __dczerorl2.o(!!dczerorl2), UNUSED)

<P><STRONG><a name="[216]"></a>__decompress1</STRONG> (Thumb, 0 bytes, Stack size unknown bytes, __dczerorl2.o(!!dczerorl2), UNUSED)

<P><STRONG><a name="[217]"></a>__scatterload_zeroinit</STRONG> (Thumb, 28 bytes, Stack size unknown bytes, __scatter_zi.o(!!handler_zi), UNUSED)

<P><STRONG><a name="[6c]"></a>_printf_d</STRONG> (Thumb, 0 bytes, Stack size unknown bytes, _printf_d.o(.ARM.Collect$$_printf_percent$$00000009))
<BR><BR>[Stack]<UL><LI>Max Depth = 72 + Unknown Stack Size
<LI>Call Chain = _printf_d &rArr; _printf_int_dec &rArr; _printf_int_common &rArr; _printf_post_padding
</UL>
<BR>[Calls]<UL><LI><a href="#[6d]">&gt;&gt;</a>&nbsp;&nbsp;&nbsp;_printf_int_dec
</UL>

<P><STRONG><a name="[209]"></a>_printf_percent</STRONG> (Thumb, 0 bytes, Stack size unknown bytes, _printf_percent.o(.ARM.Collect$$_printf_percent$$00000000))
<BR><BR>[Called By]<UL><LI><a href="#[207]">&gt;&gt;</a>&nbsp;&nbsp;&nbsp;__printf
</UL>

<P><STRONG><a name="[6e]"></a>_printf_u</STRONG> (Thumb, 0 bytes, Stack size unknown bytes, _printf_u.o(.ARM.Collect$$_printf_percent$$0000000A))
<BR><BR>[Stack]<UL><LI>Max Depth = 72 + Unknown Stack Size
<LI>Call Chain = _printf_u &rArr; _printf_int_dec &rArr; _printf_int_common &rArr; _printf_post_padding
</UL>
<BR>[Calls]<UL><LI><a href="#[6d]">&gt;&gt;</a>&nbsp;&nbsp;&nbsp;_printf_int_dec
</UL>

<P><STRONG><a name="[6f]"></a>_printf_x</STRONG> (Thumb, 0 bytes, Stack size unknown bytes, _printf_x.o(.ARM.Collect$$_printf_percent$$0000000C))
<BR><BR>[Stack]<UL><LI>Max Depth = 64 + Unknown Stack Size
<LI>Call Chain = _printf_x &rArr; _printf_int_hex &rArr; _printf_int_common &rArr; _printf_post_padding
</UL>
<BR>[Calls]<UL><LI><a href="#[70]">&gt;&gt;</a>&nbsp;&nbsp;&nbsp;_printf_int_hex
</UL>

<P><STRONG><a name="[71]"></a>_printf_c</STRONG> (Thumb, 0 bytes, Stack size unknown bytes, _printf_c.o(.ARM.Collect$$_printf_percent$$00000013))
<BR><BR>[Stack]<UL><LI>Max Depth = 40 + Unknown Stack Size
<LI>Call Chain = _printf_c &rArr; _printf_char &rArr; _printf_cs_common &rArr; _printf_str &rArr; _printf_post_padding
</UL>
<BR>[Calls]<UL><LI><a href="#[72]">&gt;&gt;</a>&nbsp;&nbsp;&nbsp;_printf_char
</UL>

<P><STRONG><a name="[73]"></a>_printf_s</STRONG> (Thumb, 0 bytes, Stack size unknown bytes, _printf_s.o(.ARM.Collect$$_printf_percent$$00000014))
<BR><BR>[Stack]<UL><LI>Max Depth = 40 + Unknown Stack Size
<LI>Call Chain = _printf_s &rArr; _printf_string &rArr; _printf_cs_common &rArr; _printf_str &rArr; _printf_post_padding
</UL>
<BR>[Calls]<UL><LI><a href="#[74]">&gt;&gt;</a>&nbsp;&nbsp;&nbsp;_printf_string
</UL>

<P><STRONG><a name="[218]"></a>_printf_percent_end</STRONG> (Thumb, 0 bytes, Stack size unknown bytes, _printf_percent_end.o(.ARM.Collect$$_printf_percent$$00000017))

<P><STRONG><a name="[78]"></a>__rt_lib_init</STRONG> (Thumb, 0 bytes, Stack size unknown bytes, libinit.o(.ARM.Collect$$libinit$$00000000))
<BR><BR>[Called By]<UL><LI><a href="#[77]">&gt;&gt;</a>&nbsp;&nbsp;&nbsp;__rt_entry_li
</UL>

<P><STRONG><a name="[219]"></a>__rt_lib_init_alloca_1</STRONG> (Thumb, 0 bytes, Stack size unknown bytes, libinit2.o(.ARM.Collect$$libinit$$0000002E))

<P><STRONG><a name="[21a]"></a>__rt_lib_init_argv_1</STRONG> (Thumb, 0 bytes, Stack size unknown bytes, libinit2.o(.ARM.Collect$$libinit$$0000002C))

<P><STRONG><a name="[21b]"></a>__rt_lib_init_atexit_1</STRONG> (Thumb, 0 bytes, Stack size unknown bytes, libinit2.o(.ARM.Collect$$libinit$$0000001B))

<P><STRONG><a name="[21c]"></a>__rt_lib_init_clock_1</STRONG> (Thumb, 0 bytes, Stack size unknown bytes, libinit2.o(.ARM.Collect$$libinit$$00000021))

<P><STRONG><a name="[21d]"></a>__rt_lib_init_cpp_1</STRONG> (Thumb, 0 bytes, Stack size unknown bytes, libinit2.o(.ARM.Collect$$libinit$$00000032))

<P><STRONG><a name="[21e]"></a>__rt_lib_init_exceptions_1</STRONG> (Thumb, 0 bytes, Stack size unknown bytes, libinit2.o(.ARM.Collect$$libinit$$00000030))

<P><STRONG><a name="[21f]"></a>__rt_lib_init_fp_1</STRONG> (Thumb, 0 bytes, Stack size unknown bytes, libinit2.o(.ARM.Collect$$libinit$$00000002))

<P><STRONG><a name="[220]"></a>__rt_lib_init_fp_trap_1</STRONG> (Thumb, 0 bytes, Stack size unknown bytes, libinit2.o(.ARM.Collect$$libinit$$0000001F))

<P><STRONG><a name="[221]"></a>__rt_lib_init_getenv_1</STRONG> (Thumb, 0 bytes, Stack size unknown bytes, libinit2.o(.ARM.Collect$$libinit$$00000023))

<P><STRONG><a name="[222]"></a>__rt_lib_init_heap_1</STRONG> (Thumb, 0 bytes, Stack size unknown bytes, libinit2.o(.ARM.Collect$$libinit$$0000000A))

<P><STRONG><a name="[223]"></a>__rt_lib_init_lc_collate_1</STRONG> (Thumb, 0 bytes, Stack size unknown bytes, libinit2.o(.ARM.Collect$$libinit$$00000011))

<P><STRONG><a name="[224]"></a>__rt_lib_init_lc_ctype_1</STRONG> (Thumb, 0 bytes, Stack size unknown bytes, libinit2.o(.ARM.Collect$$libinit$$00000013))

<P><STRONG><a name="[225]"></a>__rt_lib_init_lc_monetary_1</STRONG> (Thumb, 0 bytes, Stack size unknown bytes, libinit2.o(.ARM.Collect$$libinit$$00000015))

<P><STRONG><a name="[226]"></a>__rt_lib_init_lc_numeric_1</STRONG> (Thumb, 0 bytes, Stack size unknown bytes, libinit2.o(.ARM.Collect$$libinit$$00000017))

<P><STRONG><a name="[227]"></a>__rt_lib_init_lc_time_1</STRONG> (Thumb, 0 bytes, Stack size unknown bytes, libinit2.o(.ARM.Collect$$libinit$$00000019))

<P><STRONG><a name="[228]"></a>__rt_lib_init_preinit_1</STRONG> (Thumb, 0 bytes, Stack size unknown bytes, libinit2.o(.ARM.Collect$$libinit$$00000004))

<P><STRONG><a name="[229]"></a>__rt_lib_init_rand_1</STRONG> (Thumb, 0 bytes, Stack size unknown bytes, libinit2.o(.ARM.Collect$$libinit$$0000000E))

<P><STRONG><a name="[22a]"></a>__rt_lib_init_return</STRONG> (Thumb, 0 bytes, Stack size unknown bytes, libinit2.o(.ARM.Collect$$libinit$$00000033))

<P><STRONG><a name="[22b]"></a>__rt_lib_init_signal_1</STRONG> (Thumb, 0 bytes, Stack size unknown bytes, libinit2.o(.ARM.Collect$$libinit$$0000001D))

<P><STRONG><a name="[22c]"></a>__rt_lib_init_stdio_1</STRONG> (Thumb, 0 bytes, Stack size unknown bytes, libinit2.o(.ARM.Collect$$libinit$$00000025))

<P><STRONG><a name="[22d]"></a>__rt_lib_init_user_alloc_1</STRONG> (Thumb, 0 bytes, Stack size unknown bytes, libinit2.o(.ARM.Collect$$libinit$$0000000C))

<P><STRONG><a name="[7d]"></a>__rt_lib_shutdown</STRONG> (Thumb, 0 bytes, Stack size unknown bytes, libshutdown.o(.ARM.Collect$$libshutdown$$00000000))
<BR><BR>[Called By]<UL><LI><a href="#[7c]">&gt;&gt;</a>&nbsp;&nbsp;&nbsp;__rt_exit_ls
</UL>

<P><STRONG><a name="[22e]"></a>__rt_lib_shutdown_fp_trap_1</STRONG> (Thumb, 0 bytes, Stack size unknown bytes, libshutdown2.o(.ARM.Collect$$libshutdown$$00000006))

<P><STRONG><a name="[22f]"></a>__rt_lib_shutdown_heap_1</STRONG> (Thumb, 0 bytes, Stack size unknown bytes, libshutdown2.o(.ARM.Collect$$libshutdown$$0000000E))

<P><STRONG><a name="[230]"></a>__rt_lib_shutdown_return</STRONG> (Thumb, 0 bytes, Stack size unknown bytes, libshutdown2.o(.ARM.Collect$$libshutdown$$0000000F))

<P><STRONG><a name="[231]"></a>__rt_lib_shutdown_signal_1</STRONG> (Thumb, 0 bytes, Stack size unknown bytes, libshutdown2.o(.ARM.Collect$$libshutdown$$00000009))

<P><STRONG><a name="[232]"></a>__rt_lib_shutdown_stdio_1</STRONG> (Thumb, 0 bytes, Stack size unknown bytes, libshutdown2.o(.ARM.Collect$$libshutdown$$00000003))

<P><STRONG><a name="[233]"></a>__rt_lib_shutdown_user_alloc_1</STRONG> (Thumb, 0 bytes, Stack size unknown bytes, libshutdown2.o(.ARM.Collect$$libshutdown$$0000000B))

<P><STRONG><a name="[6a]"></a>__rt_entry</STRONG> (Thumb, 0 bytes, Stack size unknown bytes, __rtentry.o(.ARM.Collect$$rtentry$$00000000))
<BR><BR>[Called By]<UL><LI><a href="#[68]">&gt;&gt;</a>&nbsp;&nbsp;&nbsp;__main
<LI><a href="#[6b]">&gt;&gt;</a>&nbsp;&nbsp;&nbsp;__scatterload_rt2
</UL>

<P><STRONG><a name="[234]"></a>__rt_entry_presh_1</STRONG> (Thumb, 0 bytes, Stack size unknown bytes, __rtentry2.o(.ARM.Collect$$rtentry$$00000002))

<P><STRONG><a name="[75]"></a>__rt_entry_sh</STRONG> (Thumb, 0 bytes, Stack size unknown bytes, __rtentry4.o(.ARM.Collect$$rtentry$$00000004))
<BR><BR>[Stack]<UL><LI>Max Depth = 8 + Unknown Stack Size
<LI>Call Chain = __rt_entry_sh &rArr; __user_setup_stackheap
</UL>
<BR>[Calls]<UL><LI><a href="#[76]">&gt;&gt;</a>&nbsp;&nbsp;&nbsp;__user_setup_stackheap
</UL>

<P><STRONG><a name="[77]"></a>__rt_entry_li</STRONG> (Thumb, 0 bytes, Stack size unknown bytes, __rtentry2.o(.ARM.Collect$$rtentry$$0000000A))
<BR><BR>[Calls]<UL><LI><a href="#[78]">&gt;&gt;</a>&nbsp;&nbsp;&nbsp;__rt_lib_init
</UL>

<P><STRONG><a name="[235]"></a>__rt_entry_postsh_1</STRONG> (Thumb, 0 bytes, Stack size unknown bytes, __rtentry2.o(.ARM.Collect$$rtentry$$00000009))

<P><STRONG><a name="[79]"></a>__rt_entry_main</STRONG> (Thumb, 0 bytes, Stack size unknown bytes, __rtentry2.o(.ARM.Collect$$rtentry$$0000000D))
<BR><BR>[Stack]<UL><LI>Max Depth = 688 + Unknown Stack Size
<LI>Call Chain = __rt_entry_main &rArr; main &rArr; udp_demo_test &rArr; lwip_periodic_handle &rArr; dhcp_fine_tmr &rArr; dhcp_timeout &rArr; dhcp_release &rArr; netif_set_ipaddr &rArr; tcp_abort &rArr; tcp_abandon &rArr; tcp_pcb_remove &rArr; tcp_output &rArr; tcp_output_segment &rArr; ip_output &rArr; ip_output_if &rArr; ip_frag &rArr; pbuf_alloc &rArr; pbuf_free &rArr; mem_free &rArr; plug_holes &rArr; __2printf &rArr; _printf_char_file &rArr; _printf_char_common &rArr; __printf
</UL>
<BR>[Calls]<UL><LI><a href="#[7a]">&gt;&gt;</a>&nbsp;&nbsp;&nbsp;main
<LI><a href="#[7b]">&gt;&gt;</a>&nbsp;&nbsp;&nbsp;exit
</UL>

<P><STRONG><a name="[236]"></a>__rt_entry_postli_1</STRONG> (Thumb, 0 bytes, Stack size unknown bytes, __rtentry2.o(.ARM.Collect$$rtentry$$0000000C))

<P><STRONG><a name="[212]"></a>__rt_exit</STRONG> (Thumb, 0 bytes, Stack size unknown bytes, rtexit.o(.ARM.Collect$$rtexit$$00000000))
<BR><BR>[Called By]<UL><LI><a href="#[7b]">&gt;&gt;</a>&nbsp;&nbsp;&nbsp;exit
</UL>

<P><STRONG><a name="[7c]"></a>__rt_exit_ls</STRONG> (Thumb, 0 bytes, Stack size unknown bytes, rtexit2.o(.ARM.Collect$$rtexit$$00000003))
<BR><BR>[Calls]<UL><LI><a href="#[7d]">&gt;&gt;</a>&nbsp;&nbsp;&nbsp;__rt_lib_shutdown
</UL>

<P><STRONG><a name="[237]"></a>__rt_exit_prels_1</STRONG> (Thumb, 0 bytes, Stack size unknown bytes, rtexit2.o(.ARM.Collect$$rtexit$$00000002))

<P><STRONG><a name="[7e]"></a>__rt_exit_exit</STRONG> (Thumb, 0 bytes, Stack size unknown bytes, rtexit2.o(.ARM.Collect$$rtexit$$00000004))
<BR><BR>[Calls]<UL><LI><a href="#[7f]">&gt;&gt;</a>&nbsp;&nbsp;&nbsp;_sys_exit
</UL>

<P><STRONG><a name="[7a]"></a>main</STRONG> (Thumb, 176 bytes, Stack size 0 bytes, main.o(.text))
<BR><BR>[Stack]<UL><LI>Max Depth = 688 + Unknown Stack Size
<LI>Call Chain = main &rArr; udp_demo_test &rArr; lwip_periodic_handle &rArr; dhcp_fine_tmr &rArr; dhcp_timeout &rArr; dhcp_release &rArr; netif_set_ipaddr &rArr; tcp_abort &rArr; tcp_abandon &rArr; tcp_pcb_remove &rArr; tcp_output &rArr; tcp_output_segment &rArr; ip_output &rArr; ip_output_if &rArr; ip_frag &rArr; pbuf_alloc &rArr; pbuf_free &rArr; mem_free &rArr; plug_holes &rArr; __2printf &rArr; _printf_char_file &rArr; _printf_char_common &rArr; __printf
</UL>
<BR>[Calls]<UL><LI><a href="#[8b]">&gt;&gt;</a>&nbsp;&nbsp;&nbsp;udp_demo_test
<LI><a href="#[82]">&gt;&gt;</a>&nbsp;&nbsp;&nbsp;uart_init
<LI><a href="#[f]">&gt;&gt;</a>&nbsp;&nbsp;&nbsp;my_mem_init
<LI><a href="#[8a]">&gt;&gt;</a>&nbsp;&nbsp;&nbsp;lwip_periodic_handle
<LI><a href="#[88]">&gt;&gt;</a>&nbsp;&nbsp;&nbsp;lwip_comm_init
<LI><a href="#[5]">&gt;&gt;</a>&nbsp;&nbsp;&nbsp;delay_ms
<LI><a href="#[80]">&gt;&gt;</a>&nbsp;&nbsp;&nbsp;delay_init
<LI><a href="#[85]">&gt;&gt;</a>&nbsp;&nbsp;&nbsp;TIM3_Int_Init
<LI><a href="#[81]">&gt;&gt;</a>&nbsp;&nbsp;&nbsp;NVIC_PriorityGroupConfig
<LI><a href="#[86]">&gt;&gt;</a>&nbsp;&nbsp;&nbsp;MOTOR_PWM_Init
<LI><a href="#[84]">&gt;&gt;</a>&nbsp;&nbsp;&nbsp;LED_Init
<LI><a href="#[8c]">&gt;&gt;</a>&nbsp;&nbsp;&nbsp;KEY_Scan
<LI><a href="#[83]">&gt;&gt;</a>&nbsp;&nbsp;&nbsp;KEY_Init
<LI><a href="#[87]">&gt;&gt;</a>&nbsp;&nbsp;&nbsp;FSMC_SRAM_Init
<LI><a href="#[89]">&gt;&gt;</a>&nbsp;&nbsp;&nbsp;__2printf
</UL>
<BR>[Called By]<UL><LI><a href="#[79]">&gt;&gt;</a>&nbsp;&nbsp;&nbsp;__rt_entry_main
</UL>

<P><STRONG><a name="[12]"></a>NMI_Handler</STRONG> (Thumb, 2 bytes, Stack size 0 bytes, stm32f10x_it.o(.text))
<BR>[Address Reference Count : 1]<UL><LI> startup_stm32f10x_hd.o(RESET)
</UL>
<P><STRONG><a name="[13]"></a>HardFault_Handler</STRONG> (Thumb, 4 bytes, Stack size 0 bytes, stm32f10x_it.o(.text))
<BR>[Address Reference Count : 1]<UL><LI> startup_stm32f10x_hd.o(RESET)
</UL>
<P><STRONG><a name="[14]"></a>MemManage_Handler</STRONG> (Thumb, 4 bytes, Stack size 0 bytes, stm32f10x_it.o(.text))
<BR>[Address Reference Count : 1]<UL><LI> startup_stm32f10x_hd.o(RESET)
</UL>
<P><STRONG><a name="[15]"></a>BusFault_Handler</STRONG> (Thumb, 4 bytes, Stack size 0 bytes, stm32f10x_it.o(.text))
<BR>[Address Reference Count : 1]<UL><LI> startup_stm32f10x_hd.o(RESET)
</UL>
<P><STRONG><a name="[16]"></a>UsageFault_Handler</STRONG> (Thumb, 4 bytes, Stack size 0 bytes, stm32f10x_it.o(.text))
<BR>[Address Reference Count : 1]<UL><LI> startup_stm32f10x_hd.o(RESET)
</UL>
<P><STRONG><a name="[17]"></a>SVC_Handler</STRONG> (Thumb, 2 bytes, Stack size 0 bytes, stm32f10x_it.o(.text))
<BR>[Address Reference Count : 1]<UL><LI> startup_stm32f10x_hd.o(RESET)
</UL>
<P><STRONG><a name="[18]"></a>DebugMon_Handler</STRONG> (Thumb, 2 bytes, Stack size 0 bytes, stm32f10x_it.o(.text))
<BR>[Address Reference Count : 1]<UL><LI> startup_stm32f10x_hd.o(RESET)
</UL>
<P><STRONG><a name="[19]"></a>PendSV_Handler</STRONG> (Thumb, 2 bytes, Stack size 0 bytes, stm32f10x_it.o(.text))
<BR>[Address Reference Count : 1]<UL><LI> startup_stm32f10x_hd.o(RESET)
</UL>
<P><STRONG><a name="[1a]"></a>SysTick_Handler</STRONG> (Thumb, 2 bytes, Stack size 0 bytes, stm32f10x_it.o(.text))
<BR>[Address Reference Count : 1]<UL><LI> startup_stm32f10x_hd.o(RESET)
</UL>
<P><STRONG><a name="[57]"></a>SystemInit</STRONG> (Thumb, 78 bytes, Stack size 8 bytes, system_stm32f10x.o(.text))
<BR><BR>[Stack]<UL><LI>Max Depth = 28<LI>Call Chain = SystemInit &rArr; SetSysClock &rArr; SetSysClockTo72
</UL>
<BR>[Calls]<UL><LI><a href="#[8d]">&gt;&gt;</a>&nbsp;&nbsp;&nbsp;SetSysClock
</UL>
<BR>[Address Reference Count : 1]<UL><LI> startup_stm32f10x_hd.o(.text)
</UL>
<P><STRONG><a name="[238]"></a>SystemCoreClockUpdate</STRONG> (Thumb, 142 bytes, Stack size 8 bytes, system_stm32f10x.o(.text), UNUSED)

<P><STRONG><a name="[11]"></a>Reset_Handler</STRONG> (Thumb, 8 bytes, Stack size 0 bytes, startup_stm32f10x_hd.o(.text))
<BR>[Address Reference Count : 1]<UL><LI> startup_stm32f10x_hd.o(RESET)
</UL>
<P><STRONG><a name="[2d]"></a>ADC1_2_IRQHandler</STRONG> (Thumb, 0 bytes, Stack size 0 bytes, startup_stm32f10x_hd.o(.text))
<BR><BR>[Calls]<UL><LI><a href="#[2d]">&gt;&gt;</a>&nbsp;&nbsp;&nbsp;ADC1_2_IRQHandler
</UL>
<BR>[Called By]<UL><LI><a href="#[2d]">&gt;&gt;</a>&nbsp;&nbsp;&nbsp;ADC1_2_IRQHandler
</UL>
<BR>[Address Reference Count : 1]<UL><LI> startup_stm32f10x_hd.o(RESET)
</UL>
<P><STRONG><a name="[4a]"></a>ADC3_IRQHandler</STRONG> (Thumb, 0 bytes, Stack size 0 bytes, startup_stm32f10x_hd.o(.text))
<BR>[Address Reference Count : 1]<UL><LI> startup_stm32f10x_hd.o(RESET)
</UL>
<P><STRONG><a name="[30]"></a>CAN1_RX1_IRQHandler</STRONG> (Thumb, 0 bytes, Stack size 0 bytes, startup_stm32f10x_hd.o(.text))
<BR>[Address Reference Count : 1]<UL><LI> startup_stm32f10x_hd.o(RESET)
</UL>
<P><STRONG><a name="[31]"></a>CAN1_SCE_IRQHandler</STRONG> (Thumb, 0 bytes, Stack size 0 bytes, startup_stm32f10x_hd.o(.text))
<BR>[Address Reference Count : 1]<UL><LI> startup_stm32f10x_hd.o(RESET)
</UL>
<P><STRONG><a name="[26]"></a>DMA1_Channel1_IRQHandler</STRONG> (Thumb, 0 bytes, Stack size 0 bytes, startup_stm32f10x_hd.o(.text))
<BR>[Address Reference Count : 1]<UL><LI> startup_stm32f10x_hd.o(RESET)
</UL>
<P><STRONG><a name="[27]"></a>DMA1_Channel2_IRQHandler</STRONG> (Thumb, 0 bytes, Stack size 0 bytes, startup_stm32f10x_hd.o(.text))
<BR>[Address Reference Count : 1]<UL><LI> startup_stm32f10x_hd.o(RESET)
</UL>
<P><STRONG><a name="[28]"></a>DMA1_Channel3_IRQHandler</STRONG> (Thumb, 0 bytes, Stack size 0 bytes, startup_stm32f10x_hd.o(.text))
<BR>[Address Reference Count : 1]<UL><LI> startup_stm32f10x_hd.o(RESET)
</UL>
<P><STRONG><a name="[29]"></a>DMA1_Channel4_IRQHandler</STRONG> (Thumb, 0 bytes, Stack size 0 bytes, startup_stm32f10x_hd.o(.text))
<BR>[Address Reference Count : 1]<UL><LI> startup_stm32f10x_hd.o(RESET)
</UL>
<P><STRONG><a name="[2a]"></a>DMA1_Channel5_IRQHandler</STRONG> (Thumb, 0 bytes, Stack size 0 bytes, startup_stm32f10x_hd.o(.text))
<BR>[Address Reference Count : 1]<UL><LI> startup_stm32f10x_hd.o(RESET)
</UL>
<P><STRONG><a name="[2b]"></a>DMA1_Channel6_IRQHandler</STRONG> (Thumb, 0 bytes, Stack size 0 bytes, startup_stm32f10x_hd.o(.text))
<BR>[Address Reference Count : 1]<UL><LI> startup_stm32f10x_hd.o(RESET)
</UL>
<P><STRONG><a name="[2c]"></a>DMA1_Channel7_IRQHandler</STRONG> (Thumb, 0 bytes, Stack size 0 bytes, startup_stm32f10x_hd.o(.text))
<BR>[Address Reference Count : 1]<UL><LI> startup_stm32f10x_hd.o(RESET)
</UL>
<P><STRONG><a name="[53]"></a>DMA2_Channel1_IRQHandler</STRONG> (Thumb, 0 bytes, Stack size 0 bytes, startup_stm32f10x_hd.o(.text))
<BR>[Address Reference Count : 1]<UL><LI> startup_stm32f10x_hd.o(RESET)
</UL>
<P><STRONG><a name="[54]"></a>DMA2_Channel2_IRQHandler</STRONG> (Thumb, 0 bytes, Stack size 0 bytes, startup_stm32f10x_hd.o(.text))
<BR>[Address Reference Count : 1]<UL><LI> startup_stm32f10x_hd.o(RESET)
</UL>
<P><STRONG><a name="[55]"></a>DMA2_Channel3_IRQHandler</STRONG> (Thumb, 0 bytes, Stack size 0 bytes, startup_stm32f10x_hd.o(.text))
<BR>[Address Reference Count : 1]<UL><LI> startup_stm32f10x_hd.o(RESET)
</UL>
<P><STRONG><a name="[56]"></a>DMA2_Channel4_5_IRQHandler</STRONG> (Thumb, 0 bytes, Stack size 0 bytes, startup_stm32f10x_hd.o(.text))
<BR>[Address Reference Count : 1]<UL><LI> startup_stm32f10x_hd.o(RESET)
</UL>
<P><STRONG><a name="[43]"></a>EXTI15_10_IRQHandler</STRONG> (Thumb, 0 bytes, Stack size 0 bytes, startup_stm32f10x_hd.o(.text))
<BR>[Address Reference Count : 1]<UL><LI> startup_stm32f10x_hd.o(RESET)
</UL>
<P><STRONG><a name="[23]"></a>EXTI2_IRQHandler</STRONG> (Thumb, 0 bytes, Stack size 0 bytes, startup_stm32f10x_hd.o(.text))
<BR>[Address Reference Count : 1]<UL><LI> startup_stm32f10x_hd.o(RESET)
</UL>
<P><STRONG><a name="[24]"></a>EXTI3_IRQHandler</STRONG> (Thumb, 0 bytes, Stack size 0 bytes, startup_stm32f10x_hd.o(.text))
<BR>[Address Reference Count : 1]<UL><LI> startup_stm32f10x_hd.o(RESET)
</UL>
<P><STRONG><a name="[25]"></a>EXTI4_IRQHandler</STRONG> (Thumb, 0 bytes, Stack size 0 bytes, startup_stm32f10x_hd.o(.text))
<BR>[Address Reference Count : 1]<UL><LI> startup_stm32f10x_hd.o(RESET)
</UL>
<P><STRONG><a name="[32]"></a>EXTI9_5_IRQHandler</STRONG> (Thumb, 0 bytes, Stack size 0 bytes, startup_stm32f10x_hd.o(.text))
<BR>[Address Reference Count : 1]<UL><LI> startup_stm32f10x_hd.o(RESET)
</UL>
<P><STRONG><a name="[1f]"></a>FLASH_IRQHandler</STRONG> (Thumb, 0 bytes, Stack size 0 bytes, startup_stm32f10x_hd.o(.text))
<BR>[Address Reference Count : 1]<UL><LI> startup_stm32f10x_hd.o(RESET)
</UL>
<P><STRONG><a name="[4b]"></a>FSMC_IRQHandler</STRONG> (Thumb, 0 bytes, Stack size 0 bytes, startup_stm32f10x_hd.o(.text))
<BR>[Address Reference Count : 1]<UL><LI> startup_stm32f10x_hd.o(RESET)
</UL>
<P><STRONG><a name="[3b]"></a>I2C1_ER_IRQHandler</STRONG> (Thumb, 0 bytes, Stack size 0 bytes, startup_stm32f10x_hd.o(.text))
<BR>[Address Reference Count : 1]<UL><LI> startup_stm32f10x_hd.o(RESET)
</UL>
<P><STRONG><a name="[3a]"></a>I2C1_EV_IRQHandler</STRONG> (Thumb, 0 bytes, Stack size 0 bytes, startup_stm32f10x_hd.o(.text))
<BR>[Address Reference Count : 1]<UL><LI> startup_stm32f10x_hd.o(RESET)
</UL>
<P><STRONG><a name="[3d]"></a>I2C2_ER_IRQHandler</STRONG> (Thumb, 0 bytes, Stack size 0 bytes, startup_stm32f10x_hd.o(.text))
<BR>[Address Reference Count : 1]<UL><LI> startup_stm32f10x_hd.o(RESET)
</UL>
<P><STRONG><a name="[3c]"></a>I2C2_EV_IRQHandler</STRONG> (Thumb, 0 bytes, Stack size 0 bytes, startup_stm32f10x_hd.o(.text))
<BR>[Address Reference Count : 1]<UL><LI> startup_stm32f10x_hd.o(RESET)
</UL>
<P><STRONG><a name="[1c]"></a>PVD_IRQHandler</STRONG> (Thumb, 0 bytes, Stack size 0 bytes, startup_stm32f10x_hd.o(.text))
<BR>[Address Reference Count : 1]<UL><LI> startup_stm32f10x_hd.o(RESET)
</UL>
<P><STRONG><a name="[20]"></a>RCC_IRQHandler</STRONG> (Thumb, 0 bytes, Stack size 0 bytes, startup_stm32f10x_hd.o(.text))
<BR>[Address Reference Count : 1]<UL><LI> startup_stm32f10x_hd.o(RESET)
</UL>
<P><STRONG><a name="[44]"></a>RTCAlarm_IRQHandler</STRONG> (Thumb, 0 bytes, Stack size 0 bytes, startup_stm32f10x_hd.o(.text))
<BR>[Address Reference Count : 1]<UL><LI> startup_stm32f10x_hd.o(RESET)
</UL>
<P><STRONG><a name="[1e]"></a>RTC_IRQHandler</STRONG> (Thumb, 0 bytes, Stack size 0 bytes, startup_stm32f10x_hd.o(.text))
<BR>[Address Reference Count : 1]<UL><LI> startup_stm32f10x_hd.o(RESET)
</UL>
<P><STRONG><a name="[4c]"></a>SDIO_IRQHandler</STRONG> (Thumb, 0 bytes, Stack size 0 bytes, startup_stm32f10x_hd.o(.text))
<BR>[Address Reference Count : 1]<UL><LI> startup_stm32f10x_hd.o(RESET)
</UL>
<P><STRONG><a name="[3e]"></a>SPI1_IRQHandler</STRONG> (Thumb, 0 bytes, Stack size 0 bytes, startup_stm32f10x_hd.o(.text))
<BR>[Address Reference Count : 1]<UL><LI> startup_stm32f10x_hd.o(RESET)
</UL>
<P><STRONG><a name="[3f]"></a>SPI2_IRQHandler</STRONG> (Thumb, 0 bytes, Stack size 0 bytes, startup_stm32f10x_hd.o(.text))
<BR>[Address Reference Count : 1]<UL><LI> startup_stm32f10x_hd.o(RESET)
</UL>
<P><STRONG><a name="[4e]"></a>SPI3_IRQHandler</STRONG> (Thumb, 0 bytes, Stack size 0 bytes, startup_stm32f10x_hd.o(.text))
<BR>[Address Reference Count : 1]<UL><LI> startup_stm32f10x_hd.o(RESET)
</UL>
<P><STRONG><a name="[1d]"></a>TAMPER_IRQHandler</STRONG> (Thumb, 0 bytes, Stack size 0 bytes, startup_stm32f10x_hd.o(.text))
<BR>[Address Reference Count : 1]<UL><LI> startup_stm32f10x_hd.o(RESET)
</UL>
<P><STRONG><a name="[33]"></a>TIM1_BRK_IRQHandler</STRONG> (Thumb, 0 bytes, Stack size 0 bytes, startup_stm32f10x_hd.o(.text))
<BR>[Address Reference Count : 1]<UL><LI> startup_stm32f10x_hd.o(RESET)
</UL>
<P><STRONG><a name="[36]"></a>TIM1_CC_IRQHandler</STRONG> (Thumb, 0 bytes, Stack size 0 bytes, startup_stm32f10x_hd.o(.text))
<BR>[Address Reference Count : 1]<UL><LI> startup_stm32f10x_hd.o(RESET)
</UL>
<P><STRONG><a name="[35]"></a>TIM1_TRG_COM_IRQHandler</STRONG> (Thumb, 0 bytes, Stack size 0 bytes, startup_stm32f10x_hd.o(.text))
<BR>[Address Reference Count : 1]<UL><LI> startup_stm32f10x_hd.o(RESET)
</UL>
<P><STRONG><a name="[34]"></a>TIM1_UP_IRQHandler</STRONG> (Thumb, 0 bytes, Stack size 0 bytes, startup_stm32f10x_hd.o(.text))
<BR>[Address Reference Count : 1]<UL><LI> startup_stm32f10x_hd.o(RESET)
</UL>
<P><STRONG><a name="[37]"></a>TIM2_IRQHandler</STRONG> (Thumb, 0 bytes, Stack size 0 bytes, startup_stm32f10x_hd.o(.text))
<BR>[Address Reference Count : 1]<UL><LI> startup_stm32f10x_hd.o(RESET)
</UL>
<P><STRONG><a name="[4d]"></a>TIM5_IRQHandler</STRONG> (Thumb, 0 bytes, Stack size 0 bytes, startup_stm32f10x_hd.o(.text))
<BR>[Address Reference Count : 1]<UL><LI> startup_stm32f10x_hd.o(RESET)
</UL>
<P><STRONG><a name="[51]"></a>TIM6_IRQHandler</STRONG> (Thumb, 0 bytes, Stack size 0 bytes, startup_stm32f10x_hd.o(.text))
<BR>[Address Reference Count : 1]<UL><LI> startup_stm32f10x_hd.o(RESET)
</UL>
<P><STRONG><a name="[52]"></a>TIM7_IRQHandler</STRONG> (Thumb, 0 bytes, Stack size 0 bytes, startup_stm32f10x_hd.o(.text))
<BR>[Address Reference Count : 1]<UL><LI> startup_stm32f10x_hd.o(RESET)
</UL>
<P><STRONG><a name="[46]"></a>TIM8_BRK_IRQHandler</STRONG> (Thumb, 0 bytes, Stack size 0 bytes, startup_stm32f10x_hd.o(.text))
<BR>[Address Reference Count : 1]<UL><LI> startup_stm32f10x_hd.o(RESET)
</UL>
<P><STRONG><a name="[49]"></a>TIM8_CC_IRQHandler</STRONG> (Thumb, 0 bytes, Stack size 0 bytes, startup_stm32f10x_hd.o(.text))
<BR>[Address Reference Count : 1]<UL><LI> startup_stm32f10x_hd.o(RESET)
</UL>
<P><STRONG><a name="[48]"></a>TIM8_TRG_COM_IRQHandler</STRONG> (Thumb, 0 bytes, Stack size 0 bytes, startup_stm32f10x_hd.o(.text))
<BR>[Address Reference Count : 1]<UL><LI> startup_stm32f10x_hd.o(RESET)
</UL>
<P><STRONG><a name="[47]"></a>TIM8_UP_IRQHandler</STRONG> (Thumb, 0 bytes, Stack size 0 bytes, startup_stm32f10x_hd.o(.text))
<BR>[Address Reference Count : 1]<UL><LI> startup_stm32f10x_hd.o(RESET)
</UL>
<P><STRONG><a name="[4f]"></a>UART4_IRQHandler</STRONG> (Thumb, 0 bytes, Stack size 0 bytes, startup_stm32f10x_hd.o(.text))
<BR>[Address Reference Count : 1]<UL><LI> startup_stm32f10x_hd.o(RESET)
</UL>
<P><STRONG><a name="[50]"></a>UART5_IRQHandler</STRONG> (Thumb, 0 bytes, Stack size 0 bytes, startup_stm32f10x_hd.o(.text))
<BR>[Address Reference Count : 1]<UL><LI> startup_stm32f10x_hd.o(RESET)
</UL>
<P><STRONG><a name="[41]"></a>USART2_IRQHandler</STRONG> (Thumb, 0 bytes, Stack size 0 bytes, startup_stm32f10x_hd.o(.text))
<BR>[Address Reference Count : 1]<UL><LI> startup_stm32f10x_hd.o(RESET)
</UL>
<P><STRONG><a name="[42]"></a>USART3_IRQHandler</STRONG> (Thumb, 0 bytes, Stack size 0 bytes, startup_stm32f10x_hd.o(.text))
<BR>[Address Reference Count : 1]<UL><LI> startup_stm32f10x_hd.o(RESET)
</UL>
<P><STRONG><a name="[45]"></a>USBWakeUp_IRQHandler</STRONG> (Thumb, 0 bytes, Stack size 0 bytes, startup_stm32f10x_hd.o(.text))
<BR>[Address Reference Count : 1]<UL><LI> startup_stm32f10x_hd.o(RESET)
</UL>
<P><STRONG><a name="[2e]"></a>USB_HP_CAN1_TX_IRQHandler</STRONG> (Thumb, 0 bytes, Stack size 0 bytes, startup_stm32f10x_hd.o(.text))
<BR>[Address Reference Count : 1]<UL><LI> startup_stm32f10x_hd.o(RESET)
</UL>
<P><STRONG><a name="[2f]"></a>USB_LP_CAN1_RX0_IRQHandler</STRONG> (Thumb, 0 bytes, Stack size 0 bytes, startup_stm32f10x_hd.o(.text))
<BR>[Address Reference Count : 1]<UL><LI> startup_stm32f10x_hd.o(RESET)
</UL>
<P><STRONG><a name="[1b]"></a>WWDG_IRQHandler</STRONG> (Thumb, 0 bytes, Stack size 0 bytes, startup_stm32f10x_hd.o(.text))
<BR>[Address Reference Count : 1]<UL><LI> startup_stm32f10x_hd.o(RESET)
</UL>
<P><STRONG><a name="[211]"></a>__user_initial_stackheap</STRONG> (Thumb, 0 bytes, Stack size unknown bytes, startup_stm32f10x_hd.o(.text))
<BR><BR>[Called By]<UL><LI><a href="#[76]">&gt;&gt;</a>&nbsp;&nbsp;&nbsp;__user_setup_stackheap
</UL>

<P><STRONG><a name="[81]"></a>NVIC_PriorityGroupConfig</STRONG> (Thumb, 10 bytes, Stack size 0 bytes, misc.o(.text))
<BR><BR>[Called By]<UL><LI><a href="#[7a]">&gt;&gt;</a>&nbsp;&nbsp;&nbsp;main
</UL>

<P><STRONG><a name="[ae]"></a>NVIC_Init</STRONG> (Thumb, 100 bytes, Stack size 16 bytes, misc.o(.text))
<BR><BR>[Stack]<UL><LI>Max Depth = 16<LI>Call Chain = NVIC_Init
</UL>
<BR>[Called By]<UL><LI><a href="#[82]">&gt;&gt;</a>&nbsp;&nbsp;&nbsp;uart_init
<LI><a href="#[85]">&gt;&gt;</a>&nbsp;&nbsp;&nbsp;TIM3_Int_Init
<LI><a href="#[119]">&gt;&gt;</a>&nbsp;&nbsp;&nbsp;Timer4_Init
<LI><a href="#[106]">&gt;&gt;</a>&nbsp;&nbsp;&nbsp;EXTIX_Init
<LI><a href="#[e2]">&gt;&gt;</a>&nbsp;&nbsp;&nbsp;ENC28J60_Init
</UL>

<P><STRONG><a name="[239]"></a>NVIC_SetVectorTable</STRONG> (Thumb, 14 bytes, Stack size 0 bytes, misc.o(.text), UNUSED)

<P><STRONG><a name="[23a]"></a>NVIC_SystemLPConfig</STRONG> (Thumb, 34 bytes, Stack size 0 bytes, misc.o(.text), UNUSED)

<P><STRONG><a name="[ab]"></a>SysTick_CLKSourceConfig</STRONG> (Thumb, 40 bytes, Stack size 0 bytes, misc.o(.text))
<BR><BR>[Called By]<UL><LI><a href="#[80]">&gt;&gt;</a>&nbsp;&nbsp;&nbsp;delay_init
</UL>

<P><STRONG><a name="[23b]"></a>RCC_DeInit</STRONG> (Thumb, 64 bytes, Stack size 0 bytes, stm32f10x_rcc.o(.text), UNUSED)

<P><STRONG><a name="[23c]"></a>RCC_HSEConfig</STRONG> (Thumb, 70 bytes, Stack size 0 bytes, stm32f10x_rcc.o(.text), UNUSED)

<P><STRONG><a name="[90]"></a>RCC_GetFlagStatus</STRONG> (Thumb, 56 bytes, Stack size 8 bytes, stm32f10x_rcc.o(.text), UNUSED)
<BR><BR>[Called By]<UL><LI><a href="#[8f]">&gt;&gt;</a>&nbsp;&nbsp;&nbsp;RCC_WaitForHSEStartUp
</UL>

<P><STRONG><a name="[8f]"></a>RCC_WaitForHSEStartUp</STRONG> (Thumb, 56 bytes, Stack size 16 bytes, stm32f10x_rcc.o(.text), UNUSED)
<BR><BR>[Calls]<UL><LI><a href="#[90]">&gt;&gt;</a>&nbsp;&nbsp;&nbsp;RCC_GetFlagStatus
</UL>

<P><STRONG><a name="[23d]"></a>RCC_AdjustHSICalibrationValue</STRONG> (Thumb, 20 bytes, Stack size 0 bytes, stm32f10x_rcc.o(.text), UNUSED)

<P><STRONG><a name="[23e]"></a>RCC_HSICmd</STRONG> (Thumb, 6 bytes, Stack size 0 bytes, stm32f10x_rcc.o(.text), UNUSED)

<P><STRONG><a name="[23f]"></a>RCC_PLLConfig</STRONG> (Thumb, 24 bytes, Stack size 0 bytes, stm32f10x_rcc.o(.text), UNUSED)

<P><STRONG><a name="[240]"></a>RCC_PLLCmd</STRONG> (Thumb, 6 bytes, Stack size 0 bytes, stm32f10x_rcc.o(.text), UNUSED)

<P><STRONG><a name="[241]"></a>RCC_SYSCLKConfig</STRONG> (Thumb, 18 bytes, Stack size 0 bytes, stm32f10x_rcc.o(.text), UNUSED)

<P><STRONG><a name="[242]"></a>RCC_GetSYSCLKSource</STRONG> (Thumb, 10 bytes, Stack size 0 bytes, stm32f10x_rcc.o(.text), UNUSED)

<P><STRONG><a name="[243]"></a>RCC_HCLKConfig</STRONG> (Thumb, 18 bytes, Stack size 0 bytes, stm32f10x_rcc.o(.text), UNUSED)

<P><STRONG><a name="[244]"></a>RCC_PCLK1Config</STRONG> (Thumb, 18 bytes, Stack size 0 bytes, stm32f10x_rcc.o(.text), UNUSED)

<P><STRONG><a name="[245]"></a>RCC_PCLK2Config</STRONG> (Thumb, 20 bytes, Stack size 0 bytes, stm32f10x_rcc.o(.text), UNUSED)

<P><STRONG><a name="[246]"></a>RCC_ITConfig</STRONG> (Thumb, 26 bytes, Stack size 0 bytes, stm32f10x_rcc.o(.text), UNUSED)

<P><STRONG><a name="[247]"></a>RCC_USBCLKConfig</STRONG> (Thumb, 8 bytes, Stack size 0 bytes, stm32f10x_rcc.o(.text), UNUSED)

<P><STRONG><a name="[248]"></a>RCC_ADCCLKConfig</STRONG> (Thumb, 18 bytes, Stack size 0 bytes, stm32f10x_rcc.o(.text), UNUSED)

<P><STRONG><a name="[249]"></a>RCC_LSEConfig</STRONG> (Thumb, 50 bytes, Stack size 0 bytes, stm32f10x_rcc.o(.text), UNUSED)

<P><STRONG><a name="[24a]"></a>RCC_LSICmd</STRONG> (Thumb, 6 bytes, Stack size 0 bytes, stm32f10x_rcc.o(.text), UNUSED)

<P><STRONG><a name="[24b]"></a>RCC_RTCCLKConfig</STRONG> (Thumb, 12 bytes, Stack size 0 bytes, stm32f10x_rcc.o(.text), UNUSED)

<P><STRONG><a name="[24c]"></a>RCC_RTCCLKCmd</STRONG> (Thumb, 8 bytes, Stack size 0 bytes, stm32f10x_rcc.o(.text), UNUSED)

<P><STRONG><a name="[95]"></a>RCC_GetClocksFreq</STRONG> (Thumb, 192 bytes, Stack size 12 bytes, stm32f10x_rcc.o(.text))
<BR><BR>[Stack]<UL><LI>Max Depth = 12<LI>Call Chain = RCC_GetClocksFreq
</UL>
<BR>[Called By]<UL><LI><a href="#[97]">&gt;&gt;</a>&nbsp;&nbsp;&nbsp;USART_Init
<LI><a href="#[94]">&gt;&gt;</a>&nbsp;&nbsp;&nbsp;I2S_Init
</UL>

<P><STRONG><a name="[ef]"></a>RCC_AHBPeriphClockCmd</STRONG> (Thumb, 26 bytes, Stack size 0 bytes, stm32f10x_rcc.o(.text))
<BR><BR>[Called By]<UL><LI><a href="#[87]">&gt;&gt;</a>&nbsp;&nbsp;&nbsp;FSMC_SRAM_Init
</UL>

<P><STRONG><a name="[ac]"></a>RCC_APB2PeriphClockCmd</STRONG> (Thumb, 26 bytes, Stack size 0 bytes, stm32f10x_rcc.o(.text))
<BR><BR>[Called By]<UL><LI><a href="#[82]">&gt;&gt;</a>&nbsp;&nbsp;&nbsp;uart_init
<LI><a href="#[83]">&gt;&gt;</a>&nbsp;&nbsp;&nbsp;KEY_Init
<LI><a href="#[87]">&gt;&gt;</a>&nbsp;&nbsp;&nbsp;FSMC_SRAM_Init
<LI><a href="#[107]">&gt;&gt;</a>&nbsp;&nbsp;&nbsp;dianjiqudong
<LI><a href="#[106]">&gt;&gt;</a>&nbsp;&nbsp;&nbsp;EXTIX_Init
<LI><a href="#[104]">&gt;&gt;</a>&nbsp;&nbsp;&nbsp;DHT11_Init1
<LI><a href="#[e2]">&gt;&gt;</a>&nbsp;&nbsp;&nbsp;ENC28J60_Init
<LI><a href="#[da]">&gt;&gt;</a>&nbsp;&nbsp;&nbsp;SPI1_Init
<LI><a href="#[cb]">&gt;&gt;</a>&nbsp;&nbsp;&nbsp;LCD_Init
</UL>

<P><STRONG><a name="[f6]"></a>RCC_APB1PeriphClockCmd</STRONG> (Thumb, 26 bytes, Stack size 0 bytes, stm32f10x_rcc.o(.text))
<BR><BR>[Called By]<UL><LI><a href="#[85]">&gt;&gt;</a>&nbsp;&nbsp;&nbsp;TIM3_Int_Init
<LI><a href="#[119]">&gt;&gt;</a>&nbsp;&nbsp;&nbsp;Timer4_Init
</UL>

<P><STRONG><a name="[92]"></a>RCC_APB2PeriphResetCmd</STRONG> (Thumb, 26 bytes, Stack size 0 bytes, stm32f10x_rcc.o(.text), UNUSED)
<BR><BR>[Called By]<UL><LI><a href="#[9a]">&gt;&gt;</a>&nbsp;&nbsp;&nbsp;TIM_DeInit
<LI><a href="#[99]">&gt;&gt;</a>&nbsp;&nbsp;&nbsp;GPIO_AFIODeInit
<LI><a href="#[98]">&gt;&gt;</a>&nbsp;&nbsp;&nbsp;GPIO_DeInit
<LI><a href="#[96]">&gt;&gt;</a>&nbsp;&nbsp;&nbsp;USART_DeInit
<LI><a href="#[91]">&gt;&gt;</a>&nbsp;&nbsp;&nbsp;SPI_I2S_DeInit
</UL>

<P><STRONG><a name="[93]"></a>RCC_APB1PeriphResetCmd</STRONG> (Thumb, 26 bytes, Stack size 0 bytes, stm32f10x_rcc.o(.text), UNUSED)
<BR><BR>[Called By]<UL><LI><a href="#[9a]">&gt;&gt;</a>&nbsp;&nbsp;&nbsp;TIM_DeInit
<LI><a href="#[96]">&gt;&gt;</a>&nbsp;&nbsp;&nbsp;USART_DeInit
<LI><a href="#[91]">&gt;&gt;</a>&nbsp;&nbsp;&nbsp;SPI_I2S_DeInit
</UL>

<P><STRONG><a name="[24d]"></a>RCC_BackupResetCmd</STRONG> (Thumb, 8 bytes, Stack size 0 bytes, stm32f10x_rcc.o(.text), UNUSED)

<P><STRONG><a name="[24e]"></a>RCC_ClockSecuritySystemCmd</STRONG> (Thumb, 6 bytes, Stack size 0 bytes, stm32f10x_rcc.o(.text), UNUSED)

<P><STRONG><a name="[24f]"></a>RCC_MCOConfig</STRONG> (Thumb, 6 bytes, Stack size 0 bytes, stm32f10x_rcc.o(.text), UNUSED)

<P><STRONG><a name="[250]"></a>RCC_ClearFlag</STRONG> (Thumb, 14 bytes, Stack size 0 bytes, stm32f10x_rcc.o(.text), UNUSED)

<P><STRONG><a name="[251]"></a>RCC_GetITStatus</STRONG> (Thumb, 20 bytes, Stack size 0 bytes, stm32f10x_rcc.o(.text), UNUSED)

<P><STRONG><a name="[252]"></a>RCC_ClearITPendingBit</STRONG> (Thumb, 6 bytes, Stack size 0 bytes, stm32f10x_rcc.o(.text), UNUSED)

<P><STRONG><a name="[91]"></a>SPI_I2S_DeInit</STRONG> (Thumb, 76 bytes, Stack size 8 bytes, stm32f10x_spi.o(.text), UNUSED)
<BR><BR>[Calls]<UL><LI><a href="#[93]">&gt;&gt;</a>&nbsp;&nbsp;&nbsp;RCC_APB1PeriphResetCmd
<LI><a href="#[92]">&gt;&gt;</a>&nbsp;&nbsp;&nbsp;RCC_APB2PeriphResetCmd
</UL>

<P><STRONG><a name="[db]"></a>SPI_Init</STRONG> (Thumb, 60 bytes, Stack size 8 bytes, stm32f10x_spi.o(.text))
<BR><BR>[Stack]<UL><LI>Max Depth = 8<LI>Call Chain = SPI_Init
</UL>
<BR>[Called By]<UL><LI><a href="#[e2]">&gt;&gt;</a>&nbsp;&nbsp;&nbsp;ENC28J60_Init
<LI><a href="#[da]">&gt;&gt;</a>&nbsp;&nbsp;&nbsp;SPI1_Init
</UL>

<P><STRONG><a name="[94]"></a>I2S_Init</STRONG> (Thumb, 226 bytes, Stack size 56 bytes, stm32f10x_spi.o(.text), UNUSED)
<BR><BR>[Calls]<UL><LI><a href="#[95]">&gt;&gt;</a>&nbsp;&nbsp;&nbsp;RCC_GetClocksFreq
</UL>

<P><STRONG><a name="[253]"></a>SPI_StructInit</STRONG> (Thumb, 24 bytes, Stack size 0 bytes, stm32f10x_spi.o(.text), UNUSED)

<P><STRONG><a name="[254]"></a>I2S_StructInit</STRONG> (Thumb, 20 bytes, Stack size 0 bytes, stm32f10x_spi.o(.text), UNUSED)

<P><STRONG><a name="[dc]"></a>SPI_Cmd</STRONG> (Thumb, 24 bytes, Stack size 0 bytes, stm32f10x_spi.o(.text))
<BR><BR>[Called By]<UL><LI><a href="#[e2]">&gt;&gt;</a>&nbsp;&nbsp;&nbsp;ENC28J60_Init
<LI><a href="#[da]">&gt;&gt;</a>&nbsp;&nbsp;&nbsp;SPI1_Init
</UL>

<P><STRONG><a name="[255]"></a>I2S_Cmd</STRONG> (Thumb, 24 bytes, Stack size 0 bytes, stm32f10x_spi.o(.text), UNUSED)

<P><STRONG><a name="[256]"></a>SPI_I2S_ITConfig</STRONG> (Thumb, 32 bytes, Stack size 12 bytes, stm32f10x_spi.o(.text), UNUSED)

<P><STRONG><a name="[257]"></a>SPI_I2S_DMACmd</STRONG> (Thumb, 18 bytes, Stack size 0 bytes, stm32f10x_spi.o(.text), UNUSED)

<P><STRONG><a name="[d8]"></a>SPI_I2S_SendData</STRONG> (Thumb, 4 bytes, Stack size 0 bytes, stm32f10x_spi.o(.text))
<BR><BR>[Called By]<UL><LI><a href="#[d6]">&gt;&gt;</a>&nbsp;&nbsp;&nbsp;SPI1_ReadWriteByte
</UL>

<P><STRONG><a name="[d9]"></a>SPI_I2S_ReceiveData</STRONG> (Thumb, 6 bytes, Stack size 0 bytes, stm32f10x_spi.o(.text))
<BR><BR>[Called By]<UL><LI><a href="#[d6]">&gt;&gt;</a>&nbsp;&nbsp;&nbsp;SPI1_ReadWriteByte
</UL>

<P><STRONG><a name="[258]"></a>SPI_NSSInternalSoftwareConfig</STRONG> (Thumb, 30 bytes, Stack size 0 bytes, stm32f10x_spi.o(.text), UNUSED)

<P><STRONG><a name="[259]"></a>SPI_SSOutputCmd</STRONG> (Thumb, 24 bytes, Stack size 0 bytes, stm32f10x_spi.o(.text), UNUSED)

<P><STRONG><a name="[25a]"></a>SPI_DataSizeConfig</STRONG> (Thumb, 18 bytes, Stack size 0 bytes, stm32f10x_spi.o(.text), UNUSED)

<P><STRONG><a name="[25b]"></a>SPI_TransmitCRC</STRONG> (Thumb, 10 bytes, Stack size 0 bytes, stm32f10x_spi.o(.text), UNUSED)

<P><STRONG><a name="[25c]"></a>SPI_CalculateCRC</STRONG> (Thumb, 24 bytes, Stack size 0 bytes, stm32f10x_spi.o(.text), UNUSED)

<P><STRONG><a name="[25d]"></a>SPI_GetCRC</STRONG> (Thumb, 16 bytes, Stack size 0 bytes, stm32f10x_spi.o(.text), UNUSED)

<P><STRONG><a name="[25e]"></a>SPI_GetCRCPolynomial</STRONG> (Thumb, 6 bytes, Stack size 0 bytes, stm32f10x_spi.o(.text), UNUSED)

<P><STRONG><a name="[25f]"></a>SPI_BiDirectionalLineConfig</STRONG> (Thumb, 28 bytes, Stack size 0 bytes, stm32f10x_spi.o(.text), UNUSED)

<P><STRONG><a name="[d7]"></a>SPI_I2S_GetFlagStatus</STRONG> (Thumb, 18 bytes, Stack size 0 bytes, stm32f10x_spi.o(.text))
<BR><BR>[Called By]<UL><LI><a href="#[d6]">&gt;&gt;</a>&nbsp;&nbsp;&nbsp;SPI1_ReadWriteByte
</UL>

<P><STRONG><a name="[260]"></a>SPI_I2S_ClearFlag</STRONG> (Thumb, 6 bytes, Stack size 0 bytes, stm32f10x_spi.o(.text), UNUSED)

<P><STRONG><a name="[261]"></a>SPI_I2S_GetITStatus</STRONG> (Thumb, 52 bytes, Stack size 20 bytes, stm32f10x_spi.o(.text), UNUSED)

<P><STRONG><a name="[262]"></a>SPI_I2S_ClearITPendingBit</STRONG> (Thumb, 20 bytes, Stack size 8 bytes, stm32f10x_spi.o(.text), UNUSED)

<P><STRONG><a name="[96]"></a>USART_DeInit</STRONG> (Thumb, 134 bytes, Stack size 8 bytes, stm32f10x_usart.o(.text), UNUSED)
<BR><BR>[Calls]<UL><LI><a href="#[93]">&gt;&gt;</a>&nbsp;&nbsp;&nbsp;RCC_APB1PeriphResetCmd
<LI><a href="#[92]">&gt;&gt;</a>&nbsp;&nbsp;&nbsp;RCC_APB2PeriphResetCmd
</UL>

<P><STRONG><a name="[97]"></a>USART_Init</STRONG> (Thumb, 210 bytes, Stack size 56 bytes, stm32f10x_usart.o(.text))
<BR><BR>[Stack]<UL><LI>Max Depth = 68<LI>Call Chain = USART_Init &rArr; RCC_GetClocksFreq
</UL>
<BR>[Calls]<UL><LI><a href="#[95]">&gt;&gt;</a>&nbsp;&nbsp;&nbsp;RCC_GetClocksFreq
</UL>
<BR>[Called By]<UL><LI><a href="#[82]">&gt;&gt;</a>&nbsp;&nbsp;&nbsp;uart_init
</UL>

<P><STRONG><a name="[263]"></a>USART_StructInit</STRONG> (Thumb, 24 bytes, Stack size 0 bytes, stm32f10x_usart.o(.text), UNUSED)

<P><STRONG><a name="[264]"></a>USART_ClockInit</STRONG> (Thumb, 34 bytes, Stack size 8 bytes, stm32f10x_usart.o(.text), UNUSED)

<P><STRONG><a name="[265]"></a>USART_ClockStructInit</STRONG> (Thumb, 12 bytes, Stack size 0 bytes, stm32f10x_usart.o(.text), UNUSED)

<P><STRONG><a name="[b0]"></a>USART_Cmd</STRONG> (Thumb, 24 bytes, Stack size 0 bytes, stm32f10x_usart.o(.text))
<BR><BR>[Called By]<UL><LI><a href="#[82]">&gt;&gt;</a>&nbsp;&nbsp;&nbsp;uart_init
</UL>

<P><STRONG><a name="[af]"></a>USART_ITConfig</STRONG> (Thumb, 74 bytes, Stack size 20 bytes, stm32f10x_usart.o(.text))
<BR><BR>[Stack]<UL><LI>Max Depth = 20<LI>Call Chain = USART_ITConfig
</UL>
<BR>[Called By]<UL><LI><a href="#[82]">&gt;&gt;</a>&nbsp;&nbsp;&nbsp;uart_init
</UL>

<P><STRONG><a name="[266]"></a>USART_DMACmd</STRONG> (Thumb, 18 bytes, Stack size 0 bytes, stm32f10x_usart.o(.text), UNUSED)

<P><STRONG><a name="[267]"></a>USART_SetAddress</STRONG> (Thumb, 18 bytes, Stack size 0 bytes, stm32f10x_usart.o(.text), UNUSED)

<P><STRONG><a name="[268]"></a>USART_WakeUpConfig</STRONG> (Thumb, 18 bytes, Stack size 0 bytes, stm32f10x_usart.o(.text), UNUSED)

<P><STRONG><a name="[269]"></a>USART_ReceiverWakeUpCmd</STRONG> (Thumb, 24 bytes, Stack size 0 bytes, stm32f10x_usart.o(.text), UNUSED)

<P><STRONG><a name="[26a]"></a>USART_LINBreakDetectLengthConfig</STRONG> (Thumb, 18 bytes, Stack size 0 bytes, stm32f10x_usart.o(.text), UNUSED)

<P><STRONG><a name="[26b]"></a>USART_LINCmd</STRONG> (Thumb, 24 bytes, Stack size 0 bytes, stm32f10x_usart.o(.text), UNUSED)

<P><STRONG><a name="[26c]"></a>USART_SendData</STRONG> (Thumb, 8 bytes, Stack size 0 bytes, stm32f10x_usart.o(.text), UNUSED)

<P><STRONG><a name="[b2]"></a>USART_ReceiveData</STRONG> (Thumb, 10 bytes, Stack size 0 bytes, stm32f10x_usart.o(.text))
<BR><BR>[Called By]<UL><LI><a href="#[40]">&gt;&gt;</a>&nbsp;&nbsp;&nbsp;USART1_IRQHandler
</UL>

<P><STRONG><a name="[26d]"></a>USART_SendBreak</STRONG> (Thumb, 10 bytes, Stack size 0 bytes, stm32f10x_usart.o(.text), UNUSED)

<P><STRONG><a name="[26e]"></a>USART_SetGuardTime</STRONG> (Thumb, 16 bytes, Stack size 0 bytes, stm32f10x_usart.o(.text), UNUSED)

<P><STRONG><a name="[26f]"></a>USART_SetPrescaler</STRONG> (Thumb, 16 bytes, Stack size 0 bytes, stm32f10x_usart.o(.text), UNUSED)

<P><STRONG><a name="[270]"></a>USART_SmartCardCmd</STRONG> (Thumb, 24 bytes, Stack size 0 bytes, stm32f10x_usart.o(.text), UNUSED)

<P><STRONG><a name="[271]"></a>USART_SmartCardNACKCmd</STRONG> (Thumb, 24 bytes, Stack size 0 bytes, stm32f10x_usart.o(.text), UNUSED)

<P><STRONG><a name="[272]"></a>USART_HalfDuplexCmd</STRONG> (Thumb, 24 bytes, Stack size 0 bytes, stm32f10x_usart.o(.text), UNUSED)

<P><STRONG><a name="[273]"></a>USART_OverSampling8Cmd</STRONG> (Thumb, 22 bytes, Stack size 0 bytes, stm32f10x_usart.o(.text), UNUSED)

<P><STRONG><a name="[274]"></a>USART_OneBitMethodCmd</STRONG> (Thumb, 24 bytes, Stack size 0 bytes, stm32f10x_usart.o(.text), UNUSED)

<P><STRONG><a name="[275]"></a>USART_IrDAConfig</STRONG> (Thumb, 18 bytes, Stack size 0 bytes, stm32f10x_usart.o(.text), UNUSED)

<P><STRONG><a name="[276]"></a>USART_IrDACmd</STRONG> (Thumb, 24 bytes, Stack size 0 bytes, stm32f10x_usart.o(.text), UNUSED)

<P><STRONG><a name="[277]"></a>USART_GetFlagStatus</STRONG> (Thumb, 26 bytes, Stack size 0 bytes, stm32f10x_usart.o(.text), UNUSED)

<P><STRONG><a name="[278]"></a>USART_ClearFlag</STRONG> (Thumb, 18 bytes, Stack size 0 bytes, stm32f10x_usart.o(.text), UNUSED)

<P><STRONG><a name="[b1]"></a>USART_GetITStatus</STRONG> (Thumb, 84 bytes, Stack size 16 bytes, stm32f10x_usart.o(.text))
<BR><BR>[Stack]<UL><LI>Max Depth = 16<LI>Call Chain = USART_GetITStatus
</UL>
<BR>[Called By]<UL><LI><a href="#[40]">&gt;&gt;</a>&nbsp;&nbsp;&nbsp;USART1_IRQHandler
</UL>

<P><STRONG><a name="[279]"></a>USART_ClearITPendingBit</STRONG> (Thumb, 52 bytes, Stack size 8 bytes, stm32f10x_usart.o(.text), UNUSED)

<P><STRONG><a name="[98]"></a>GPIO_DeInit</STRONG> (Thumb, 172 bytes, Stack size 8 bytes, stm32f10x_gpio.o(.text), UNUSED)
<BR><BR>[Calls]<UL><LI><a href="#[92]">&gt;&gt;</a>&nbsp;&nbsp;&nbsp;RCC_APB2PeriphResetCmd
</UL>

<P><STRONG><a name="[99]"></a>GPIO_AFIODeInit</STRONG> (Thumb, 20 bytes, Stack size 8 bytes, stm32f10x_gpio.o(.text), UNUSED)
<BR><BR>[Calls]<UL><LI><a href="#[92]">&gt;&gt;</a>&nbsp;&nbsp;&nbsp;RCC_APB2PeriphResetCmd
</UL>

<P><STRONG><a name="[ad]"></a>GPIO_Init</STRONG> (Thumb, 278 bytes, Stack size 24 bytes, stm32f10x_gpio.o(.text))
<BR><BR>[Stack]<UL><LI>Max Depth = 24<LI>Call Chain = GPIO_Init
</UL>
<BR>[Called By]<UL><LI><a href="#[82]">&gt;&gt;</a>&nbsp;&nbsp;&nbsp;uart_init
<LI><a href="#[83]">&gt;&gt;</a>&nbsp;&nbsp;&nbsp;KEY_Init
<LI><a href="#[87]">&gt;&gt;</a>&nbsp;&nbsp;&nbsp;FSMC_SRAM_Init
<LI><a href="#[107]">&gt;&gt;</a>&nbsp;&nbsp;&nbsp;dianjiqudong
<LI><a href="#[104]">&gt;&gt;</a>&nbsp;&nbsp;&nbsp;DHT11_Init1
<LI><a href="#[e2]">&gt;&gt;</a>&nbsp;&nbsp;&nbsp;ENC28J60_Init
<LI><a href="#[da]">&gt;&gt;</a>&nbsp;&nbsp;&nbsp;SPI1_Init
<LI><a href="#[cb]">&gt;&gt;</a>&nbsp;&nbsp;&nbsp;LCD_Init
</UL>

<P><STRONG><a name="[27a]"></a>GPIO_StructInit</STRONG> (Thumb, 16 bytes, Stack size 0 bytes, stm32f10x_gpio.o(.text), UNUSED)

<P><STRONG><a name="[b4]"></a>GPIO_ReadInputDataBit</STRONG> (Thumb, 18 bytes, Stack size 0 bytes, stm32f10x_gpio.o(.text))
<BR><BR>[Called By]<UL><LI><a href="#[8c]">&gt;&gt;</a>&nbsp;&nbsp;&nbsp;KEY_Scan
</UL>

<P><STRONG><a name="[bb]"></a>GPIO_ReadInputData</STRONG> (Thumb, 8 bytes, Stack size 0 bytes, stm32f10x_gpio.o(.text), UNUSED)
<BR><BR>[Called By]<UL><LI><a href="#[c1]">&gt;&gt;</a>&nbsp;&nbsp;&nbsp;LCD_ReadPoint
<LI><a href="#[ba]">&gt;&gt;</a>&nbsp;&nbsp;&nbsp;LCD_RD_DATA
</UL>

<P><STRONG><a name="[27b]"></a>GPIO_ReadOutputDataBit</STRONG> (Thumb, 18 bytes, Stack size 0 bytes, stm32f10x_gpio.o(.text), UNUSED)

<P><STRONG><a name="[27c]"></a>GPIO_ReadOutputData</STRONG> (Thumb, 8 bytes, Stack size 0 bytes, stm32f10x_gpio.o(.text), UNUSED)

<P><STRONG><a name="[b8]"></a>GPIO_SetBits</STRONG> (Thumb, 4 bytes, Stack size 0 bytes, stm32f10x_gpio.o(.text))
<BR><BR>[Called By]<UL><LI><a href="#[ca]">&gt;&gt;</a>&nbsp;&nbsp;&nbsp;LCD_Clear
<LI><a href="#[c9]">&gt;&gt;</a>&nbsp;&nbsp;&nbsp;LCD_Set_Window
<LI><a href="#[c7]">&gt;&gt;</a>&nbsp;&nbsp;&nbsp;LCD_Fast_DrawPoint
<LI><a href="#[c6]">&gt;&gt;</a>&nbsp;&nbsp;&nbsp;LCD_DrawPoint
<LI><a href="#[c5]">&gt;&gt;</a>&nbsp;&nbsp;&nbsp;LCD_Scan_Dir
<LI><a href="#[c1]">&gt;&gt;</a>&nbsp;&nbsp;&nbsp;LCD_ReadPoint
<LI><a href="#[c0]">&gt;&gt;</a>&nbsp;&nbsp;&nbsp;LCD_SetCursor
<LI><a href="#[bf]">&gt;&gt;</a>&nbsp;&nbsp;&nbsp;LCD_WriteRAM
<LI><a href="#[bc]">&gt;&gt;</a>&nbsp;&nbsp;&nbsp;LCD_WriteReg
<LI><a href="#[ba]">&gt;&gt;</a>&nbsp;&nbsp;&nbsp;LCD_RD_DATA
<LI><a href="#[b9]">&gt;&gt;</a>&nbsp;&nbsp;&nbsp;LCD_WR_DATAX
<LI><a href="#[b5]">&gt;&gt;</a>&nbsp;&nbsp;&nbsp;LCD_WR_REG
<LI><a href="#[109]">&gt;&gt;</a>&nbsp;&nbsp;&nbsp;Open_Elengine_2
<LI><a href="#[108]">&gt;&gt;</a>&nbsp;&nbsp;&nbsp;Open_Elengine_1
<LI><a href="#[104]">&gt;&gt;</a>&nbsp;&nbsp;&nbsp;DHT11_Init1
<LI><a href="#[e2]">&gt;&gt;</a>&nbsp;&nbsp;&nbsp;ENC28J60_Init
<LI><a href="#[da]">&gt;&gt;</a>&nbsp;&nbsp;&nbsp;SPI1_Init
<LI><a href="#[cd]">&gt;&gt;</a>&nbsp;&nbsp;&nbsp;LCD_Color_Fill
<LI><a href="#[cc]">&gt;&gt;</a>&nbsp;&nbsp;&nbsp;LCD_Fill
<LI><a href="#[cb]">&gt;&gt;</a>&nbsp;&nbsp;&nbsp;LCD_Init
</UL>

<P><STRONG><a name="[b6]"></a>GPIO_ResetBits</STRONG> (Thumb, 4 bytes, Stack size 0 bytes, stm32f10x_gpio.o(.text))
<BR><BR>[Called By]<UL><LI><a href="#[ca]">&gt;&gt;</a>&nbsp;&nbsp;&nbsp;LCD_Clear
<LI><a href="#[c9]">&gt;&gt;</a>&nbsp;&nbsp;&nbsp;LCD_Set_Window
<LI><a href="#[c7]">&gt;&gt;</a>&nbsp;&nbsp;&nbsp;LCD_Fast_DrawPoint
<LI><a href="#[c6]">&gt;&gt;</a>&nbsp;&nbsp;&nbsp;LCD_DrawPoint
<LI><a href="#[c5]">&gt;&gt;</a>&nbsp;&nbsp;&nbsp;LCD_Scan_Dir
<LI><a href="#[c1]">&gt;&gt;</a>&nbsp;&nbsp;&nbsp;LCD_ReadPoint
<LI><a href="#[c0]">&gt;&gt;</a>&nbsp;&nbsp;&nbsp;LCD_SetCursor
<LI><a href="#[bf]">&gt;&gt;</a>&nbsp;&nbsp;&nbsp;LCD_WriteRAM
<LI><a href="#[bc]">&gt;&gt;</a>&nbsp;&nbsp;&nbsp;LCD_WriteReg
<LI><a href="#[ba]">&gt;&gt;</a>&nbsp;&nbsp;&nbsp;LCD_RD_DATA
<LI><a href="#[b9]">&gt;&gt;</a>&nbsp;&nbsp;&nbsp;LCD_WR_DATAX
<LI><a href="#[b5]">&gt;&gt;</a>&nbsp;&nbsp;&nbsp;LCD_WR_REG
<LI><a href="#[143]">&gt;&gt;</a>&nbsp;&nbsp;&nbsp;Message_processing
<LI><a href="#[10b]">&gt;&gt;</a>&nbsp;&nbsp;&nbsp;Close_Elengine_2
<LI><a href="#[10a]">&gt;&gt;</a>&nbsp;&nbsp;&nbsp;Close_Elengine_1
<LI><a href="#[109]">&gt;&gt;</a>&nbsp;&nbsp;&nbsp;Open_Elengine_2
<LI><a href="#[108]">&gt;&gt;</a>&nbsp;&nbsp;&nbsp;Open_Elengine_1
<LI><a href="#[107]">&gt;&gt;</a>&nbsp;&nbsp;&nbsp;dianjiqudong
<LI><a href="#[cd]">&gt;&gt;</a>&nbsp;&nbsp;&nbsp;LCD_Color_Fill
<LI><a href="#[cc]">&gt;&gt;</a>&nbsp;&nbsp;&nbsp;LCD_Fill
</UL>

<P><STRONG><a name="[27d]"></a>GPIO_WriteBit</STRONG> (Thumb, 10 bytes, Stack size 0 bytes, stm32f10x_gpio.o(.text), UNUSED)

<P><STRONG><a name="[b7]"></a>GPIO_Write</STRONG> (Thumb, 4 bytes, Stack size 0 bytes, stm32f10x_gpio.o(.text), UNUSED)
<BR><BR>[Called By]<UL><LI><a href="#[ca]">&gt;&gt;</a>&nbsp;&nbsp;&nbsp;LCD_Clear
<LI><a href="#[c9]">&gt;&gt;</a>&nbsp;&nbsp;&nbsp;LCD_Set_Window
<LI><a href="#[c7]">&gt;&gt;</a>&nbsp;&nbsp;&nbsp;LCD_Fast_DrawPoint
<LI><a href="#[c6]">&gt;&gt;</a>&nbsp;&nbsp;&nbsp;LCD_DrawPoint
<LI><a href="#[c5]">&gt;&gt;</a>&nbsp;&nbsp;&nbsp;LCD_Scan_Dir
<LI><a href="#[c0]">&gt;&gt;</a>&nbsp;&nbsp;&nbsp;LCD_SetCursor
<LI><a href="#[bf]">&gt;&gt;</a>&nbsp;&nbsp;&nbsp;LCD_WriteRAM
<LI><a href="#[bc]">&gt;&gt;</a>&nbsp;&nbsp;&nbsp;LCD_WriteReg
<LI><a href="#[b9]">&gt;&gt;</a>&nbsp;&nbsp;&nbsp;LCD_WR_DATAX
<LI><a href="#[b5]">&gt;&gt;</a>&nbsp;&nbsp;&nbsp;LCD_WR_REG
<LI><a href="#[cd]">&gt;&gt;</a>&nbsp;&nbsp;&nbsp;LCD_Color_Fill
<LI><a href="#[cc]">&gt;&gt;</a>&nbsp;&nbsp;&nbsp;LCD_Fill
</UL>

<P><STRONG><a name="[27e]"></a>GPIO_PinLockConfig</STRONG> (Thumb, 18 bytes, Stack size 0 bytes, stm32f10x_gpio.o(.text), UNUSED)

<P><STRONG><a name="[27f]"></a>GPIO_EventOutputConfig</STRONG> (Thumb, 26 bytes, Stack size 0 bytes, stm32f10x_gpio.o(.text), UNUSED)

<P><STRONG><a name="[280]"></a>GPIO_EventOutputCmd</STRONG> (Thumb, 6 bytes, Stack size 0 bytes, stm32f10x_gpio.o(.text), UNUSED)

<P><STRONG><a name="[b3]"></a>GPIO_PinRemapConfig</STRONG> (Thumb, 138 bytes, Stack size 20 bytes, stm32f10x_gpio.o(.text))
<BR><BR>[Stack]<UL><LI>Max Depth = 20<LI>Call Chain = GPIO_PinRemapConfig
</UL>
<BR>[Called By]<UL><LI><a href="#[83]">&gt;&gt;</a>&nbsp;&nbsp;&nbsp;KEY_Init
<LI><a href="#[cb]">&gt;&gt;</a>&nbsp;&nbsp;&nbsp;LCD_Init
</UL>

<P><STRONG><a name="[e3]"></a>GPIO_EXTILineConfig</STRONG> (Thumb, 66 bytes, Stack size 12 bytes, stm32f10x_gpio.o(.text))
<BR><BR>[Stack]<UL><LI>Max Depth = 12<LI>Call Chain = GPIO_EXTILineConfig
</UL>
<BR>[Called By]<UL><LI><a href="#[106]">&gt;&gt;</a>&nbsp;&nbsp;&nbsp;EXTIX_Init
<LI><a href="#[e2]">&gt;&gt;</a>&nbsp;&nbsp;&nbsp;ENC28J60_Init
</UL>

<P><STRONG><a name="[281]"></a>GPIO_ETH_MediaInterfaceConfig</STRONG> (Thumb, 8 bytes, Stack size 0 bytes, stm32f10x_gpio.o(.text), UNUSED)

<P><STRONG><a name="[282]"></a>FSMC_NORSRAMDeInit</STRONG> (Thumb, 54 bytes, Stack size 0 bytes, stm32f10x_fsmc.o(.text), UNUSED)

<P><STRONG><a name="[283]"></a>FSMC_NANDDeInit</STRONG> (Thumb, 62 bytes, Stack size 0 bytes, stm32f10x_fsmc.o(.text), UNUSED)

<P><STRONG><a name="[284]"></a>FSMC_PCCARDDeInit</STRONG> (Thumb, 36 bytes, Stack size 0 bytes, stm32f10x_fsmc.o(.text), UNUSED)

<P><STRONG><a name="[f0]"></a>FSMC_NORSRAMInit</STRONG> (Thumb, 230 bytes, Stack size 0 bytes, stm32f10x_fsmc.o(.text))
<BR><BR>[Called By]<UL><LI><a href="#[87]">&gt;&gt;</a>&nbsp;&nbsp;&nbsp;FSMC_SRAM_Init
</UL>

<P><STRONG><a name="[285]"></a>FSMC_NANDInit</STRONG> (Thumb, 132 bytes, Stack size 12 bytes, stm32f10x_fsmc.o(.text), UNUSED)

<P><STRONG><a name="[286]"></a>FSMC_PCCARDInit</STRONG> (Thumb, 130 bytes, Stack size 0 bytes, stm32f10x_fsmc.o(.text), UNUSED)

<P><STRONG><a name="[287]"></a>FSMC_NORSRAMStructInit</STRONG> (Thumb, 114 bytes, Stack size 0 bytes, stm32f10x_fsmc.o(.text), UNUSED)

<P><STRONG><a name="[288]"></a>FSMC_NANDStructInit</STRONG> (Thumb, 54 bytes, Stack size 0 bytes, stm32f10x_fsmc.o(.text), UNUSED)

<P><STRONG><a name="[289]"></a>FSMC_PCCARDStructInit</STRONG> (Thumb, 60 bytes, Stack size 0 bytes, stm32f10x_fsmc.o(.text), UNUSED)

<P><STRONG><a name="[f1]"></a>FSMC_NORSRAMCmd</STRONG> (Thumb, 46 bytes, Stack size 0 bytes, stm32f10x_fsmc.o(.text))
<BR><BR>[Called By]<UL><LI><a href="#[87]">&gt;&gt;</a>&nbsp;&nbsp;&nbsp;FSMC_SRAM_Init
</UL>

<P><STRONG><a name="[28a]"></a>FSMC_NANDCmd</STRONG> (Thumb, 86 bytes, Stack size 0 bytes, stm32f10x_fsmc.o(.text), UNUSED)

<P><STRONG><a name="[28b]"></a>FSMC_PCCARDCmd</STRONG> (Thumb, 44 bytes, Stack size 0 bytes, stm32f10x_fsmc.o(.text), UNUSED)

<P><STRONG><a name="[28c]"></a>FSMC_NANDECCCmd</STRONG> (Thumb, 90 bytes, Stack size 0 bytes, stm32f10x_fsmc.o(.text), UNUSED)

<P><STRONG><a name="[28d]"></a>FSMC_GetECC</STRONG> (Thumb, 24 bytes, Stack size 0 bytes, stm32f10x_fsmc.o(.text), UNUSED)

<P><STRONG><a name="[28e]"></a>FSMC_ITConfig</STRONG> (Thumb, 128 bytes, Stack size 8 bytes, stm32f10x_fsmc.o(.text), UNUSED)

<P><STRONG><a name="[28f]"></a>FSMC_GetFlagStatus</STRONG> (Thumb, 54 bytes, Stack size 8 bytes, stm32f10x_fsmc.o(.text), UNUSED)

<P><STRONG><a name="[290]"></a>FSMC_ClearFlag</STRONG> (Thumb, 62 bytes, Stack size 0 bytes, stm32f10x_fsmc.o(.text), UNUSED)

<P><STRONG><a name="[291]"></a>FSMC_GetITStatus</STRONG> (Thumb, 64 bytes, Stack size 16 bytes, stm32f10x_fsmc.o(.text), UNUSED)

<P><STRONG><a name="[292]"></a>FSMC_ClearITPendingBit</STRONG> (Thumb, 68 bytes, Stack size 0 bytes, stm32f10x_fsmc.o(.text), UNUSED)

<P><STRONG><a name="[9a]"></a>TIM_DeInit</STRONG> (Thumb, 424 bytes, Stack size 8 bytes, stm32f10x_tim.o(.text), UNUSED)
<BR><BR>[Calls]<UL><LI><a href="#[93]">&gt;&gt;</a>&nbsp;&nbsp;&nbsp;RCC_APB1PeriphResetCmd
<LI><a href="#[92]">&gt;&gt;</a>&nbsp;&nbsp;&nbsp;RCC_APB2PeriphResetCmd
</UL>

<P><STRONG><a name="[f7]"></a>TIM_TimeBaseInit</STRONG> (Thumb, 122 bytes, Stack size 0 bytes, stm32f10x_tim.o(.text))
<BR><BR>[Called By]<UL><LI><a href="#[85]">&gt;&gt;</a>&nbsp;&nbsp;&nbsp;TIM3_Int_Init
<LI><a href="#[119]">&gt;&gt;</a>&nbsp;&nbsp;&nbsp;Timer4_Init
</UL>

<P><STRONG><a name="[293]"></a>TIM_OC1Init</STRONG> (Thumb, 132 bytes, Stack size 16 bytes, stm32f10x_tim.o(.text), UNUSED)

<P><STRONG><a name="[294]"></a>TIM_OC2Init</STRONG> (Thumb, 154 bytes, Stack size 16 bytes, stm32f10x_tim.o(.text), UNUSED)

<P><STRONG><a name="[295]"></a>TIM_OC3Init</STRONG> (Thumb, 150 bytes, Stack size 16 bytes, stm32f10x_tim.o(.text), UNUSED)

<P><STRONG><a name="[296]"></a>TIM_OC4Init</STRONG> (Thumb, 182 bytes, Stack size 16 bytes, stm32f10x_tim.o(.text), UNUSED)

<P><STRONG><a name="[a3]"></a>TIM_SetIC4Prescaler</STRONG> (Thumb, 26 bytes, Stack size 0 bytes, stm32f10x_tim.o(.text), UNUSED)
<BR><BR>[Called By]<UL><LI><a href="#[9b]">&gt;&gt;</a>&nbsp;&nbsp;&nbsp;TIM_ICInit
</UL>

<P><STRONG><a name="[a1]"></a>TIM_SetIC3Prescaler</STRONG> (Thumb, 18 bytes, Stack size 0 bytes, stm32f10x_tim.o(.text), UNUSED)
<BR><BR>[Called By]<UL><LI><a href="#[9b]">&gt;&gt;</a>&nbsp;&nbsp;&nbsp;TIM_ICInit
</UL>

<P><STRONG><a name="[9f]"></a>TIM_SetIC2Prescaler</STRONG> (Thumb, 26 bytes, Stack size 0 bytes, stm32f10x_tim.o(.text), UNUSED)
<BR><BR>[Called By]<UL><LI><a href="#[a4]">&gt;&gt;</a>&nbsp;&nbsp;&nbsp;TIM_PWMIConfig
<LI><a href="#[9b]">&gt;&gt;</a>&nbsp;&nbsp;&nbsp;TIM_ICInit
</UL>

<P><STRONG><a name="[9d]"></a>TIM_SetIC1Prescaler</STRONG> (Thumb, 18 bytes, Stack size 0 bytes, stm32f10x_tim.o(.text), UNUSED)
<BR><BR>[Called By]<UL><LI><a href="#[a4]">&gt;&gt;</a>&nbsp;&nbsp;&nbsp;TIM_PWMIConfig
<LI><a href="#[9b]">&gt;&gt;</a>&nbsp;&nbsp;&nbsp;TIM_ICInit
</UL>

<P><STRONG><a name="[9b]"></a>TIM_ICInit</STRONG> (Thumb, 150 bytes, Stack size 16 bytes, stm32f10x_tim.o(.text), UNUSED)
<BR><BR>[Calls]<UL><LI><a href="#[9d]">&gt;&gt;</a>&nbsp;&nbsp;&nbsp;TIM_SetIC1Prescaler
<LI><a href="#[9f]">&gt;&gt;</a>&nbsp;&nbsp;&nbsp;TIM_SetIC2Prescaler
<LI><a href="#[a1]">&gt;&gt;</a>&nbsp;&nbsp;&nbsp;TIM_SetIC3Prescaler
<LI><a href="#[a3]">&gt;&gt;</a>&nbsp;&nbsp;&nbsp;TIM_SetIC4Prescaler
<LI><a href="#[9c]">&gt;&gt;</a>&nbsp;&nbsp;&nbsp;TI1_Config
<LI><a href="#[9e]">&gt;&gt;</a>&nbsp;&nbsp;&nbsp;TI2_Config
<LI><a href="#[a0]">&gt;&gt;</a>&nbsp;&nbsp;&nbsp;TI3_Config
<LI><a href="#[a2]">&gt;&gt;</a>&nbsp;&nbsp;&nbsp;TI4_Config
</UL>

<P><STRONG><a name="[a4]"></a>TIM_PWMIConfig</STRONG> (Thumb, 124 bytes, Stack size 24 bytes, stm32f10x_tim.o(.text), UNUSED)
<BR><BR>[Calls]<UL><LI><a href="#[9d]">&gt;&gt;</a>&nbsp;&nbsp;&nbsp;TIM_SetIC1Prescaler
<LI><a href="#[9f]">&gt;&gt;</a>&nbsp;&nbsp;&nbsp;TIM_SetIC2Prescaler
<LI><a href="#[9c]">&gt;&gt;</a>&nbsp;&nbsp;&nbsp;TI1_Config
<LI><a href="#[9e]">&gt;&gt;</a>&nbsp;&nbsp;&nbsp;TI2_Config
</UL>

<P><STRONG><a name="[297]"></a>TIM_BDTRConfig</STRONG> (Thumb, 32 bytes, Stack size 0 bytes, stm32f10x_tim.o(.text), UNUSED)

<P><STRONG><a name="[298]"></a>TIM_TimeBaseStructInit</STRONG> (Thumb, 18 bytes, Stack size 0 bytes, stm32f10x_tim.o(.text), UNUSED)

<P><STRONG><a name="[299]"></a>TIM_OCStructInit</STRONG> (Thumb, 20 bytes, Stack size 0 bytes, stm32f10x_tim.o(.text), UNUSED)

<P><STRONG><a name="[29a]"></a>TIM_ICStructInit</STRONG> (Thumb, 18 bytes, Stack size 0 bytes, stm32f10x_tim.o(.text), UNUSED)

<P><STRONG><a name="[29b]"></a>TIM_BDTRStructInit</STRONG> (Thumb, 40 bytes, Stack size 0 bytes, stm32f10x_tim.o(.text), UNUSED)

<P><STRONG><a name="[f9]"></a>TIM_Cmd</STRONG> (Thumb, 24 bytes, Stack size 0 bytes, stm32f10x_tim.o(.text))
<BR><BR>[Called By]<UL><LI><a href="#[85]">&gt;&gt;</a>&nbsp;&nbsp;&nbsp;TIM3_Int_Init
<LI><a href="#[119]">&gt;&gt;</a>&nbsp;&nbsp;&nbsp;Timer4_Init
</UL>

<P><STRONG><a name="[29c]"></a>TIM_CtrlPWMOutputs</STRONG> (Thumb, 30 bytes, Stack size 0 bytes, stm32f10x_tim.o(.text), UNUSED)

<P><STRONG><a name="[f8]"></a>TIM_ITConfig</STRONG> (Thumb, 18 bytes, Stack size 0 bytes, stm32f10x_tim.o(.text))
<BR><BR>[Called By]<UL><LI><a href="#[85]">&gt;&gt;</a>&nbsp;&nbsp;&nbsp;TIM3_Int_Init
<LI><a href="#[119]">&gt;&gt;</a>&nbsp;&nbsp;&nbsp;Timer4_Init
</UL>

<P><STRONG><a name="[29d]"></a>TIM_GenerateEvent</STRONG> (Thumb, 4 bytes, Stack size 0 bytes, stm32f10x_tim.o(.text), UNUSED)

<P><STRONG><a name="[29e]"></a>TIM_DMAConfig</STRONG> (Thumb, 10 bytes, Stack size 0 bytes, stm32f10x_tim.o(.text), UNUSED)

<P><STRONG><a name="[29f]"></a>TIM_DMACmd</STRONG> (Thumb, 18 bytes, Stack size 0 bytes, stm32f10x_tim.o(.text), UNUSED)

<P><STRONG><a name="[2a0]"></a>TIM_InternalClockConfig</STRONG> (Thumb, 12 bytes, Stack size 0 bytes, stm32f10x_tim.o(.text), UNUSED)

<P><STRONG><a name="[a6]"></a>TIM_SelectInputTrigger</STRONG> (Thumb, 18 bytes, Stack size 0 bytes, stm32f10x_tim.o(.text), UNUSED)
<BR><BR>[Called By]<UL><LI><a href="#[a7]">&gt;&gt;</a>&nbsp;&nbsp;&nbsp;TIM_TIxExternalClockConfig
<LI><a href="#[a5]">&gt;&gt;</a>&nbsp;&nbsp;&nbsp;TIM_ITRxExternalClockConfig
</UL>

<P><STRONG><a name="[a5]"></a>TIM_ITRxExternalClockConfig</STRONG> (Thumb, 24 bytes, Stack size 12 bytes, stm32f10x_tim.o(.text), UNUSED)
<BR><BR>[Calls]<UL><LI><a href="#[a6]">&gt;&gt;</a>&nbsp;&nbsp;&nbsp;TIM_SelectInputTrigger
</UL>

<P><STRONG><a name="[a7]"></a>TIM_TIxExternalClockConfig</STRONG> (Thumb, 62 bytes, Stack size 24 bytes, stm32f10x_tim.o(.text), UNUSED)
<BR><BR>[Calls]<UL><LI><a href="#[a6]">&gt;&gt;</a>&nbsp;&nbsp;&nbsp;TIM_SelectInputTrigger
<LI><a href="#[9c]">&gt;&gt;</a>&nbsp;&nbsp;&nbsp;TI1_Config
<LI><a href="#[9e]">&gt;&gt;</a>&nbsp;&nbsp;&nbsp;TI2_Config
</UL>

<P><STRONG><a name="[a9]"></a>TIM_ETRConfig</STRONG> (Thumb, 28 bytes, Stack size 12 bytes, stm32f10x_tim.o(.text), UNUSED)
<BR><BR>[Called By]<UL><LI><a href="#[aa]">&gt;&gt;</a>&nbsp;&nbsp;&nbsp;TIM_ETRClockMode2Config
<LI><a href="#[a8]">&gt;&gt;</a>&nbsp;&nbsp;&nbsp;TIM_ETRClockMode1Config
</UL>

<P><STRONG><a name="[a8]"></a>TIM_ETRClockMode1Config</STRONG> (Thumb, 54 bytes, Stack size 24 bytes, stm32f10x_tim.o(.text), UNUSED)
<BR><BR>[Calls]<UL><LI><a href="#[a9]">&gt;&gt;</a>&nbsp;&nbsp;&nbsp;TIM_ETRConfig
</UL>

<P><STRONG><a name="[aa]"></a>TIM_ETRClockMode2Config</STRONG> (Thumb, 32 bytes, Stack size 20 bytes, stm32f10x_tim.o(.text), UNUSED)
<BR><BR>[Calls]<UL><LI><a href="#[a9]">&gt;&gt;</a>&nbsp;&nbsp;&nbsp;TIM_ETRConfig
</UL>

<P><STRONG><a name="[2a1]"></a>TIM_PrescalerConfig</STRONG> (Thumb, 6 bytes, Stack size 0 bytes, stm32f10x_tim.o(.text), UNUSED)

<P><STRONG><a name="[2a2]"></a>TIM_CounterModeConfig</STRONG> (Thumb, 18 bytes, Stack size 0 bytes, stm32f10x_tim.o(.text), UNUSED)

<P><STRONG><a name="[2a3]"></a>TIM_EncoderInterfaceConfig</STRONG> (Thumb, 66 bytes, Stack size 20 bytes, stm32f10x_tim.o(.text), UNUSED)

<P><STRONG><a name="[2a4]"></a>TIM_ForcedOC1Config</STRONG> (Thumb, 18 bytes, Stack size 0 bytes, stm32f10x_tim.o(.text), UNUSED)

<P><STRONG><a name="[2a5]"></a>TIM_ForcedOC2Config</STRONG> (Thumb, 26 bytes, Stack size 0 bytes, stm32f10x_tim.o(.text), UNUSED)

<P><STRONG><a name="[2a6]"></a>TIM_ForcedOC3Config</STRONG> (Thumb, 18 bytes, Stack size 0 bytes, stm32f10x_tim.o(.text), UNUSED)

<P><STRONG><a name="[2a7]"></a>TIM_ForcedOC4Config</STRONG> (Thumb, 26 bytes, Stack size 0 bytes, stm32f10x_tim.o(.text), UNUSED)

<P><STRONG><a name="[2a8]"></a>TIM_ARRPreloadConfig</STRONG> (Thumb, 24 bytes, Stack size 0 bytes, stm32f10x_tim.o(.text), UNUSED)

<P><STRONG><a name="[2a9]"></a>TIM_SelectCOM</STRONG> (Thumb, 24 bytes, Stack size 0 bytes, stm32f10x_tim.o(.text), UNUSED)

<P><STRONG><a name="[2aa]"></a>TIM_SelectCCDMA</STRONG> (Thumb, 24 bytes, Stack size 0 bytes, stm32f10x_tim.o(.text), UNUSED)

<P><STRONG><a name="[2ab]"></a>TIM_CCPreloadControl</STRONG> (Thumb, 24 bytes, Stack size 0 bytes, stm32f10x_tim.o(.text), UNUSED)

<P><STRONG><a name="[2ac]"></a>TIM_OC1PreloadConfig</STRONG> (Thumb, 18 bytes, Stack size 0 bytes, stm32f10x_tim.o(.text), UNUSED)

<P><STRONG><a name="[2ad]"></a>TIM_OC2PreloadConfig</STRONG> (Thumb, 26 bytes, Stack size 0 bytes, stm32f10x_tim.o(.text), UNUSED)

<P><STRONG><a name="[2ae]"></a>TIM_OC3PreloadConfig</STRONG> (Thumb, 18 bytes, Stack size 0 bytes, stm32f10x_tim.o(.text), UNUSED)

<P><STRONG><a name="[2af]"></a>TIM_OC4PreloadConfig</STRONG> (Thumb, 26 bytes, Stack size 0 bytes, stm32f10x_tim.o(.text), UNUSED)

<P><STRONG><a name="[2b0]"></a>TIM_OC1FastConfig</STRONG> (Thumb, 18 bytes, Stack size 0 bytes, stm32f10x_tim.o(.text), UNUSED)

<P><STRONG><a name="[2b1]"></a>TIM_OC2FastConfig</STRONG> (Thumb, 26 bytes, Stack size 0 bytes, stm32f10x_tim.o(.text), UNUSED)

<P><STRONG><a name="[2b2]"></a>TIM_OC3FastConfig</STRONG> (Thumb, 18 bytes, Stack size 0 bytes, stm32f10x_tim.o(.text), UNUSED)

<P><STRONG><a name="[2b3]"></a>TIM_OC4FastConfig</STRONG> (Thumb, 26 bytes, Stack size 0 bytes, stm32f10x_tim.o(.text), UNUSED)

<P><STRONG><a name="[2b4]"></a>TIM_ClearOC1Ref</STRONG> (Thumb, 18 bytes, Stack size 0 bytes, stm32f10x_tim.o(.text), UNUSED)

<P><STRONG><a name="[2b5]"></a>TIM_ClearOC2Ref</STRONG> (Thumb, 24 bytes, Stack size 0 bytes, stm32f10x_tim.o(.text), UNUSED)

<P><STRONG><a name="[2b6]"></a>TIM_ClearOC3Ref</STRONG> (Thumb, 18 bytes, Stack size 0 bytes, stm32f10x_tim.o(.text), UNUSED)

<P><STRONG><a name="[2b7]"></a>TIM_ClearOC4Ref</STRONG> (Thumb, 24 bytes, Stack size 0 bytes, stm32f10x_tim.o(.text), UNUSED)

<P><STRONG><a name="[2b8]"></a>TIM_OC1PolarityConfig</STRONG> (Thumb, 18 bytes, Stack size 0 bytes, stm32f10x_tim.o(.text), UNUSED)

<P><STRONG><a name="[2b9]"></a>TIM_OC1NPolarityConfig</STRONG> (Thumb, 18 bytes, Stack size 0 bytes, stm32f10x_tim.o(.text), UNUSED)

<P><STRONG><a name="[2ba]"></a>TIM_OC2PolarityConfig</STRONG> (Thumb, 26 bytes, Stack size 0 bytes, stm32f10x_tim.o(.text), UNUSED)

<P><STRONG><a name="[2bb]"></a>TIM_OC2NPolarityConfig</STRONG> (Thumb, 26 bytes, Stack size 0 bytes, stm32f10x_tim.o(.text), UNUSED)

<P><STRONG><a name="[2bc]"></a>TIM_OC3PolarityConfig</STRONG> (Thumb, 26 bytes, Stack size 0 bytes, stm32f10x_tim.o(.text), UNUSED)

<P><STRONG><a name="[2bd]"></a>TIM_OC3NPolarityConfig</STRONG> (Thumb, 26 bytes, Stack size 0 bytes, stm32f10x_tim.o(.text), UNUSED)

<P><STRONG><a name="[2be]"></a>TIM_OC4PolarityConfig</STRONG> (Thumb, 26 bytes, Stack size 0 bytes, stm32f10x_tim.o(.text), UNUSED)

<P><STRONG><a name="[2bf]"></a>TIM_CCxCmd</STRONG> (Thumb, 30 bytes, Stack size 12 bytes, stm32f10x_tim.o(.text), UNUSED)

<P><STRONG><a name="[2c0]"></a>TIM_CCxNCmd</STRONG> (Thumb, 30 bytes, Stack size 12 bytes, stm32f10x_tim.o(.text), UNUSED)

<P><STRONG><a name="[2c1]"></a>TIM_SelectOCxM</STRONG> (Thumb, 82 bytes, Stack size 16 bytes, stm32f10x_tim.o(.text), UNUSED)

<P><STRONG><a name="[2c2]"></a>TIM_UpdateDisableConfig</STRONG> (Thumb, 24 bytes, Stack size 0 bytes, stm32f10x_tim.o(.text), UNUSED)

<P><STRONG><a name="[2c3]"></a>TIM_UpdateRequestConfig</STRONG> (Thumb, 24 bytes, Stack size 0 bytes, stm32f10x_tim.o(.text), UNUSED)

<P><STRONG><a name="[2c4]"></a>TIM_SelectHallSensor</STRONG> (Thumb, 24 bytes, Stack size 0 bytes, stm32f10x_tim.o(.text), UNUSED)

<P><STRONG><a name="[2c5]"></a>TIM_SelectOnePulseMode</STRONG> (Thumb, 18 bytes, Stack size 0 bytes, stm32f10x_tim.o(.text), UNUSED)

<P><STRONG><a name="[2c6]"></a>TIM_SelectOutputTrigger</STRONG> (Thumb, 18 bytes, Stack size 0 bytes, stm32f10x_tim.o(.text), UNUSED)

<P><STRONG><a name="[2c7]"></a>TIM_SelectSlaveMode</STRONG> (Thumb, 18 bytes, Stack size 0 bytes, stm32f10x_tim.o(.text), UNUSED)

<P><STRONG><a name="[2c8]"></a>TIM_SelectMasterSlaveMode</STRONG> (Thumb, 18 bytes, Stack size 0 bytes, stm32f10x_tim.o(.text), UNUSED)

<P><STRONG><a name="[115]"></a>TIM_SetCounter</STRONG> (Thumb, 4 bytes, Stack size 0 bytes, stm32f10x_tim.o(.text))
<BR><BR>[Called By]<UL><LI><a href="#[39]">&gt;&gt;</a>&nbsp;&nbsp;&nbsp;TIM4_IRQHandler
<LI><a href="#[112]">&gt;&gt;</a>&nbsp;&nbsp;&nbsp;usmart_reset_runtime
</UL>

<P><STRONG><a name="[114]"></a>TIM_SetAutoreload</STRONG> (Thumb, 4 bytes, Stack size 0 bytes, stm32f10x_tim.o(.text))
<BR><BR>[Called By]<UL><LI><a href="#[39]">&gt;&gt;</a>&nbsp;&nbsp;&nbsp;TIM4_IRQHandler
<LI><a href="#[112]">&gt;&gt;</a>&nbsp;&nbsp;&nbsp;usmart_reset_runtime
</UL>

<P><STRONG><a name="[2c9]"></a>TIM_SetCompare1</STRONG> (Thumb, 4 bytes, Stack size 0 bytes, stm32f10x_tim.o(.text), UNUSED)

<P><STRONG><a name="[2ca]"></a>TIM_SetCompare2</STRONG> (Thumb, 4 bytes, Stack size 0 bytes, stm32f10x_tim.o(.text), UNUSED)

<P><STRONG><a name="[2cb]"></a>TIM_SetCompare3</STRONG> (Thumb, 4 bytes, Stack size 0 bytes, stm32f10x_tim.o(.text), UNUSED)

<P><STRONG><a name="[2cc]"></a>TIM_SetCompare4</STRONG> (Thumb, 6 bytes, Stack size 0 bytes, stm32f10x_tim.o(.text), UNUSED)

<P><STRONG><a name="[2cd]"></a>TIM_SetClockDivision</STRONG> (Thumb, 18 bytes, Stack size 0 bytes, stm32f10x_tim.o(.text), UNUSED)

<P><STRONG><a name="[2ce]"></a>TIM_GetCapture1</STRONG> (Thumb, 6 bytes, Stack size 0 bytes, stm32f10x_tim.o(.text), UNUSED)

<P><STRONG><a name="[2cf]"></a>TIM_GetCapture2</STRONG> (Thumb, 6 bytes, Stack size 0 bytes, stm32f10x_tim.o(.text), UNUSED)

<P><STRONG><a name="[2d0]"></a>TIM_GetCapture3</STRONG> (Thumb, 6 bytes, Stack size 0 bytes, stm32f10x_tim.o(.text), UNUSED)

<P><STRONG><a name="[2d1]"></a>TIM_GetCapture4</STRONG> (Thumb, 8 bytes, Stack size 0 bytes, stm32f10x_tim.o(.text), UNUSED)

<P><STRONG><a name="[118]"></a>TIM_GetCounter</STRONG> (Thumb, 6 bytes, Stack size 0 bytes, stm32f10x_tim.o(.text))
<BR><BR>[Called By]<UL><LI><a href="#[116]">&gt;&gt;</a>&nbsp;&nbsp;&nbsp;usmart_get_runtime
</UL>

<P><STRONG><a name="[2d2]"></a>TIM_GetPrescaler</STRONG> (Thumb, 6 bytes, Stack size 0 bytes, stm32f10x_tim.o(.text), UNUSED)

<P><STRONG><a name="[117]"></a>TIM_GetFlagStatus</STRONG> (Thumb, 18 bytes, Stack size 0 bytes, stm32f10x_tim.o(.text))
[...]
</UL>
<BR>[Calls]<UL><LI><a href="#[1a2]">&gt;&gt;</a>&nbsp;&nbsp;&nbsp;dhcp_release
<LI><a href="#[19d]">&gt;&gt;</a>&nbsp;&nbsp;&nbsp;dhcp_renew
<LI><a href="#[1a3]">&gt;&gt;</a>&nbsp;&nbsp;&nbsp;dhcp_bind
<LI><a href="#[1a1]">&gt;&gt;</a>&nbsp;&nbsp;&nbsp;dhcp_reboot
<LI><a href="#[19f]">&gt;&gt;</a>&nbsp;&nbsp;&nbsp;dhcp_rebind
<LI><a href="#[19b]">&gt;&gt;</a>&nbsp;&nbsp;&nbsp;dhcp_select
<LI><a href="#[199]">&gt;&gt;</a>&nbsp;&nbsp;&nbsp;dhcp_check
<LI><a href="#[191]">&gt;&gt;</a>&nbsp;&nbsp;&nbsp;dhcp_discover
</UL>
<BR>[Called By]<UL><LI><a href="#[134]">&gt;&gt;</a>&nbsp;&nbsp;&nbsp;dhcp_fine_tmr
</UL>

<P><STRONG><a name="[1a5]"></a>dhcp_handle_ack</STRONG> (Thumb, 112 bytes, Stack size 16 bytes, dhcp.o(.text))
<BR><BR>[Stack]<UL><LI>Max Depth = 16<LI>Call Chain = dhcp_handle_ack
</UL>
<BR>[Calls]<UL><LI><a href="#[177]">&gt;&gt;</a>&nbsp;&nbsp;&nbsp;lwip_htonl
</UL>
<BR>[Called By]<UL><LI><a href="#[5e]">&gt;&gt;</a>&nbsp;&nbsp;&nbsp;dhcp_recv
</UL>

<P><STRONG><a name="[1aa]"></a>dhcp_parse_reply</STRONG> (Thumb, 1290 bytes, Stack size 80 bytes, dhcp.o(.text))
<BR><BR>[Stack]<UL><LI>Max Depth = 264 + Unknown Stack Size
<LI>Call Chain = dhcp_parse_reply &rArr; pbuf_copy_partial &rArr; __2printf &rArr; _printf_char_file &rArr; _printf_char_common &rArr; __printf
</UL>
<BR>[Calls]<UL><LI><a href="#[1ab]">&gt;&gt;</a>&nbsp;&nbsp;&nbsp;pbuf_copy_partial
<LI><a href="#[18a]">&gt;&gt;</a>&nbsp;&nbsp;&nbsp;lwip_ntohl
<LI><a href="#[177]">&gt;&gt;</a>&nbsp;&nbsp;&nbsp;lwip_htonl
<LI><a href="#[184]">&gt;&gt;</a>&nbsp;&nbsp;&nbsp;__aeabi_memclr4
<LI><a href="#[89]">&gt;&gt;</a>&nbsp;&nbsp;&nbsp;__2printf
</UL>
<BR>[Called By]<UL><LI><a href="#[5e]">&gt;&gt;</a>&nbsp;&nbsp;&nbsp;dhcp_recv
</UL>

<P><STRONG><a name="[5e]"></a>dhcp_recv</STRONG> (Thumb, 272 bytes, Stack size 40 bytes, dhcp.o(.text))
<BR><BR>[Stack]<UL><LI>Max Depth = 656 + Unknown Stack Size
<LI>Call Chain = dhcp_recv &rArr; dhcp_bind &rArr; netif_set_ipaddr &rArr; tcp_abort &rArr; tcp_abandon &rArr; tcp_pcb_remove &rArr; tcp_output &rArr; tcp_output_segment &rArr; ip_output &rArr; ip_output_if &rArr; ip_frag &rArr; pbuf_alloc &rArr; pbuf_free &rArr; mem_free &rArr; plug_holes &rArr; __2printf &rArr; _printf_char_file &rArr; _printf_char_common &rArr; __printf
</UL>
<BR>[Calls]<UL><LI><a href="#[1aa]">&gt;&gt;</a>&nbsp;&nbsp;&nbsp;dhcp_parse_reply
<LI><a href="#[1a5]">&gt;&gt;</a>&nbsp;&nbsp;&nbsp;dhcp_handle_ack
<LI><a href="#[1a3]">&gt;&gt;</a>&nbsp;&nbsp;&nbsp;dhcp_bind
<LI><a href="#[19c]">&gt;&gt;</a>&nbsp;&nbsp;&nbsp;dhcp_handle_offer
<LI><a href="#[199]">&gt;&gt;</a>&nbsp;&nbsp;&nbsp;dhcp_check
<LI><a href="#[194]">&gt;&gt;</a>&nbsp;&nbsp;&nbsp;dhcp_handle_nak
<LI><a href="#[18a]">&gt;&gt;</a>&nbsp;&nbsp;&nbsp;lwip_ntohl
<LI><a href="#[142]">&gt;&gt;</a>&nbsp;&nbsp;&nbsp;pbuf_free
<LI><a href="#[89]">&gt;&gt;</a>&nbsp;&nbsp;&nbsp;__2printf
</UL>
<BR>[Address Reference Count : 1]<UL><LI> dhcp.o(.text)
</UL>
<P><STRONG><a name="[1af]"></a>dhcp_decline</STRONG> (Thumb, 126 bytes, Stack size 32 bytes, dhcp.o(.text))
<BR><BR>[Stack]<UL><LI>Max Depth = 480 + Unknown Stack Size
<LI>Call Chain = dhcp_decline &rArr; udp_sendto_if &rArr; ip_output_if &rArr; ip_frag &rArr; pbuf_alloc &rArr; pbuf_free &rArr; mem_free &rArr; plug_holes &rArr; __2printf &rArr; _printf_char_file &rArr; _printf_char_common &rArr; __printf
</UL>
<BR>[Calls]<UL><LI><a href="#[193]">&gt;&gt;</a>&nbsp;&nbsp;&nbsp;udp_sendto_if
<LI><a href="#[19a]">&gt;&gt;</a>&nbsp;&nbsp;&nbsp;dhcp_option_long
<LI><a href="#[192]">&gt;&gt;</a>&nbsp;&nbsp;&nbsp;dhcp_set_state
<LI><a href="#[190]">&gt;&gt;</a>&nbsp;&nbsp;&nbsp;dhcp_create_msg
<LI><a href="#[18e]">&gt;&gt;</a>&nbsp;&nbsp;&nbsp;dhcp_option
<LI><a href="#[18c]">&gt;&gt;</a>&nbsp;&nbsp;&nbsp;dhcp_option_trailer
<LI><a href="#[18b]">&gt;&gt;</a>&nbsp;&nbsp;&nbsp;dhcp_delete_msg
<LI><a href="#[18a]">&gt;&gt;</a>&nbsp;&nbsp;&nbsp;lwip_ntohl
<LI><a href="#[16f]">&gt;&gt;</a>&nbsp;&nbsp;&nbsp;pbuf_realloc
</UL>
<BR>[Called By]<UL><LI><a href="#[157]">&gt;&gt;</a>&nbsp;&nbsp;&nbsp;dhcp_arp_reply
</UL>

<P><STRONG><a name="[1b6]"></a>plug_holes</STRONG> (Thumb, 218 bytes, Stack size 16 bytes, mem.o(.text))
<BR><BR>[Stack]<UL><LI>Max Depth = 160 + Unknown Stack Size
<LI>Call Chain = plug_holes &rArr; __2printf &rArr; _printf_char_file &rArr; _printf_char_common &rArr; __printf
</UL>
<BR>[Calls]<UL><LI><a href="#[89]">&gt;&gt;</a>&nbsp;&nbsp;&nbsp;__2printf
</UL>
<BR>[Called By]<UL><LI><a href="#[1a8]">&gt;&gt;</a>&nbsp;&nbsp;&nbsp;mem_free
</UL>

<P><STRONG><a name="[1d2]"></a>tcp_close_shutdown</STRONG> (Thumb, 460 bytes, Stack size 24 bytes, tcp.o(.text))
<BR><BR>[Stack]<UL><LI>Max Depth = 544 + Unknown Stack Size
<LI>Call Chain = tcp_close_shutdown &rArr; tcp_pcb_remove &rArr; tcp_output &rArr; tcp_output_segment &rArr; ip_output &rArr; ip_output_if &rArr; ip_frag &rArr; pbuf_alloc &rArr; pbuf_free &rArr; mem_free &rArr; plug_holes &rArr; __2printf &rArr; _printf_char_file &rArr; _printf_char_common &rArr; __printf
</UL>
<BR>[Calls]<UL><LI><a href="#[17d]">&gt;&gt;</a>&nbsp;&nbsp;&nbsp;memp_free
<LI><a href="#[89]">&gt;&gt;</a>&nbsp;&nbsp;&nbsp;__2printf
<LI><a href="#[1d3]">&gt;&gt;</a>&nbsp;&nbsp;&nbsp;tcp_timer_needed
<LI><a href="#[1d4]">&gt;&gt;</a>&nbsp;&nbsp;&nbsp;tcp_send_fin
<LI><a href="#[1cf]">&gt;&gt;</a>&nbsp;&nbsp;&nbsp;tcp_rst
<LI><a href="#[1d0]">&gt;&gt;</a>&nbsp;&nbsp;&nbsp;tcp_output
<LI><a href="#[1d1]">&gt;&gt;</a>&nbsp;&nbsp;&nbsp;tcp_pcb_remove
<LI><a href="#[1ca]">&gt;&gt;</a>&nbsp;&nbsp;&nbsp;tcp_pcb_purge
</UL>
<BR>[Called By]<UL><LI><a href="#[1db]">&gt;&gt;</a>&nbsp;&nbsp;&nbsp;tcp_shutdown
<LI><a href="#[1d5]">&gt;&gt;</a>&nbsp;&nbsp;&nbsp;tcp_close
</UL>

<P><STRONG><a name="[1de]"></a>tcp_new_port</STRONG> (Thumb, 96 bytes, Stack size 12 bytes, tcp.o(.text), UNUSED)
<BR><BR>[Called By]<UL><LI><a href="#[1e1]">&gt;&gt;</a>&nbsp;&nbsp;&nbsp;tcp_connect
<LI><a href="#[1dd]">&gt;&gt;</a>&nbsp;&nbsp;&nbsp;tcp_bind
</UL>

<P><STRONG><a name="[5f]"></a>tcp_accept_null</STRONG> (Thumb, 8 bytes, Stack size 0 bytes, tcp.o(.text))
<BR>[Address Reference Count : 1]<UL><LI> tcp.o(.text)
</UL>
<P><STRONG><a name="[1e4]"></a>tcp_kill_prio</STRONG> (Thumb, 76 bytes, Stack size 24 bytes, tcp.o(.text))
<BR><BR>[Stack]<UL><LI>Max Depth = 592 + Unknown Stack Size
<LI>Call Chain = tcp_kill_prio &rArr; tcp_abort &rArr; tcp_abandon &rArr; tcp_pcb_remove &rArr; tcp_output &rArr; tcp_output_segment &rArr; ip_output &rArr; ip_output_if &rArr; ip_frag &rArr; pbuf_alloc &rArr; pbuf_free &rArr; mem_free &rArr; plug_holes &rArr; __2printf &rArr; _printf_char_file &rArr; _printf_char_common &rArr; __printf
</UL>
<BR>[Calls]<UL><LI><a href="#[1b9]">&gt;&gt;</a>&nbsp;&nbsp;&nbsp;tcp_abort
</UL>
<BR>[Called By]<UL><LI><a href="#[1e6]">&gt;&gt;</a>&nbsp;&nbsp;&nbsp;tcp_alloc
</UL>

<P><STRONG><a name="[1e5]"></a>tcp_kill_timewait</STRONG> (Thumb, 50 bytes, Stack size 16 bytes, tcp.o(.text))
<BR><BR>[Stack]<UL><LI>Max Depth = 584 + Unknown Stack Size
<LI>Call Chain = tcp_kill_timewait &rArr; tcp_abort &rArr; tcp_abandon &rArr; tcp_pcb_remove &rArr; tcp_output &rArr; tcp_output_segment &rArr; ip_output &rArr; ip_output_if &rArr; ip_frag &rArr; pbuf_alloc &rArr; pbuf_free &rArr; mem_free &rArr; plug_holes &rArr; __2printf &rArr; _printf_char_file &rArr; _printf_char_common &rArr; __printf
</UL>
<BR>[Calls]<UL><LI><a href="#[1b9]">&gt;&gt;</a>&nbsp;&nbsp;&nbsp;tcp_abort
</UL>
<BR>[Called By]<UL><LI><a href="#[1e6]">&gt;&gt;</a>&nbsp;&nbsp;&nbsp;tcp_alloc
</UL>

<P><STRONG><a name="[1ec]"></a>tcp_receive</STRONG> (Thumb, 2092 bytes, Stack size 40 bytes, tcp_in.o(.text))
<BR><BR>[Stack]<UL><LI>Max Depth = 504 + Unknown Stack Size
<LI>Call Chain = tcp_receive &rArr; tcp_send_empty_ack &rArr; ip_output &rArr; ip_output_if &rArr; ip_frag &rArr; pbuf_alloc &rArr; pbuf_free &rArr; mem_free &rArr; plug_holes &rArr; __2printf &rArr; _printf_char_file &rArr; _printf_char_common &rArr; __printf
</UL>
<BR>[Calls]<UL><LI><a href="#[18a]">&gt;&gt;</a>&nbsp;&nbsp;&nbsp;lwip_ntohl
<LI><a href="#[17f]">&gt;&gt;</a>&nbsp;&nbsp;&nbsp;pbuf_clen
<LI><a href="#[16f]">&gt;&gt;</a>&nbsp;&nbsp;&nbsp;pbuf_realloc
<LI><a href="#[16e]">&gt;&gt;</a>&nbsp;&nbsp;&nbsp;lwip_ntohs
<LI><a href="#[15e]">&gt;&gt;</a>&nbsp;&nbsp;&nbsp;pbuf_header
<LI><a href="#[156]">&gt;&gt;</a>&nbsp;&nbsp;&nbsp;lwip_htons
<LI><a href="#[89]">&gt;&gt;</a>&nbsp;&nbsp;&nbsp;__2printf
<LI><a href="#[1ee]">&gt;&gt;</a>&nbsp;&nbsp;&nbsp;tcp_send_empty_ack
<LI><a href="#[1ed]">&gt;&gt;</a>&nbsp;&nbsp;&nbsp;tcp_rexmit_fast
<LI><a href="#[1d6]">&gt;&gt;</a>&nbsp;&nbsp;&nbsp;tcp_update_rcv_ann_wnd
<LI><a href="#[1c8]">&gt;&gt;</a>&nbsp;&nbsp;&nbsp;tcp_seg_free
</UL>
<BR>[Called By]<UL><LI><a href="#[1f0]">&gt;&gt;</a>&nbsp;&nbsp;&nbsp;tcp_process
</UL>

<P><STRONG><a name="[1ef]"></a>tcp_parseopt</STRONG> (Thumb, 368 bytes, Stack size 32 bytes, tcp_in.o(.text))
<BR><BR>[Stack]<UL><LI>Max Depth = 36<LI>Call Chain = tcp_parseopt &rArr; lwip_ntohs
</UL>
<BR>[Calls]<UL><LI><a href="#[16e]">&gt;&gt;</a>&nbsp;&nbsp;&nbsp;lwip_ntohs
</UL>
<BR>[Called By]<UL><LI><a href="#[1f2]">&gt;&gt;</a>&nbsp;&nbsp;&nbsp;tcp_listen_input
<LI><a href="#[1f0]">&gt;&gt;</a>&nbsp;&nbsp;&nbsp;tcp_process
</UL>

<P><STRONG><a name="[1f0]"></a>tcp_process</STRONG> (Thumb, 1556 bytes, Stack size 32 bytes, tcp_in.o(.text))
<BR><BR>[Stack]<UL><LI>Max Depth = 600 + Unknown Stack Size
<LI>Call Chain = tcp_process &rArr; tcp_abort &rArr; tcp_abandon &rArr; tcp_pcb_remove &rArr; tcp_output &rArr; tcp_output_segment &rArr; ip_output &rArr; ip_output_if &rArr; ip_frag &rArr; pbuf_alloc &rArr; pbuf_free &rArr; mem_free &rArr; plug_holes &rArr; __2printf &rArr; _printf_char_file &rArr; _printf_char_common &rArr; __printf
</UL>
<BR>[Calls]<UL><LI><a href="#[18a]">&gt;&gt;</a>&nbsp;&nbsp;&nbsp;lwip_ntohl
<LI><a href="#[89]">&gt;&gt;</a>&nbsp;&nbsp;&nbsp;__2printf
<LI><a href="#[1f1]">&gt;&gt;</a>&nbsp;&nbsp;&nbsp;tcp_rexmit
<LI><a href="#[1ef]">&gt;&gt;</a>&nbsp;&nbsp;&nbsp;tcp_parseopt
<LI><a href="#[1ec]">&gt;&gt;</a>&nbsp;&nbsp;&nbsp;tcp_receive
<LI><a href="#[1d3]">&gt;&gt;</a>&nbsp;&nbsp;&nbsp;tcp_timer_needed
<LI><a href="#[1cf]">&gt;&gt;</a>&nbsp;&nbsp;&nbsp;tcp_rst
<LI><a href="#[1e0]">&gt;&gt;</a>&nbsp;&nbsp;&nbsp;tcp_eff_send_mss
<LI><a href="#[1ca]">&gt;&gt;</a>&nbsp;&nbsp;&nbsp;tcp_pcb_purge
<LI><a href="#[1c8]">&gt;&gt;</a>&nbsp;&nbsp;&nbsp;tcp_seg_free
<LI><a href="#[1b9]">&gt;&gt;</a>&nbsp;&nbsp;&nbsp;tcp_abort
</UL>
<BR>[Called By]<UL><LI><a href="#[173]">&gt;&gt;</a>&nbsp;&nbsp;&nbsp;tcp_input
</UL>

<P><STRONG><a name="[1f2]"></a>tcp_listen_input</STRONG> (Thumb, 268 bytes, Stack size 24 bytes, tcp_in.o(.text))
<BR><BR>[Stack]<UL><LI>Max Depth = 632 + Unknown Stack Size
<LI>Call Chain = tcp_listen_input &rArr; tcp_alloc &rArr; tcp_kill_prio &rArr; tcp_abort &rArr; tcp_abandon &rArr; tcp_pcb_remove &rArr; tcp_output &rArr; tcp_output_segment &rArr; ip_output &rArr; ip_output_if &rArr; ip_frag &rArr; pbuf_alloc &rArr; pbuf_free &rArr; mem_free &rArr; plug_holes &rArr; __2printf &rArr; _printf_char_file &rArr; _printf_char_common &rArr; __printf
</UL>
<BR>[Calls]<UL><LI><a href="#[1ef]">&gt;&gt;</a>&nbsp;&nbsp;&nbsp;tcp_parseopt
<LI><a href="#[1d3]">&gt;&gt;</a>&nbsp;&nbsp;&nbsp;tcp_timer_needed
<LI><a href="#[1cf]">&gt;&gt;</a>&nbsp;&nbsp;&nbsp;tcp_rst
<LI><a href="#[1d0]">&gt;&gt;</a>&nbsp;&nbsp;&nbsp;tcp_output
<LI><a href="#[1e3]">&gt;&gt;</a>&nbsp;&nbsp;&nbsp;tcp_enqueue_flags
<LI><a href="#[1e6]">&gt;&gt;</a>&nbsp;&nbsp;&nbsp;tcp_alloc
<LI><a href="#[1e0]">&gt;&gt;</a>&nbsp;&nbsp;&nbsp;tcp_eff_send_mss
<LI><a href="#[1dc]">&gt;&gt;</a>&nbsp;&nbsp;&nbsp;tcp_abandon
</UL>
<BR>[Called By]<UL><LI><a href="#[173]">&gt;&gt;</a>&nbsp;&nbsp;&nbsp;tcp_input
</UL>

<P><STRONG><a name="[1f3]"></a>tcp_timewait_input</STRONG> (Thumb, 140 bytes, Stack size 16 bytes, tcp_in.o(.text))
<BR><BR>[Stack]<UL><LI>Max Depth = 520 + Unknown Stack Size
<LI>Call Chain = tcp_timewait_input &rArr; tcp_output &rArr; tcp_output_segment &rArr; ip_output &rArr; ip_output_if &rArr; ip_frag &rArr; pbuf_alloc &rArr; pbuf_free &rArr; mem_free &rArr; plug_holes &rArr; __2printf &rArr; _printf_char_file &rArr; _printf_char_common &rArr; __printf
</UL>
<BR>[Calls]<UL><LI><a href="#[1cf]">&gt;&gt;</a>&nbsp;&nbsp;&nbsp;tcp_rst
<LI><a href="#[1d0]">&gt;&gt;</a>&nbsp;&nbsp;&nbsp;tcp_output
</UL>
<BR>[Called By]<UL><LI><a href="#[173]">&gt;&gt;</a>&nbsp;&nbsp;&nbsp;tcp_input
</UL>

<P><STRONG><a name="[1f4]"></a>tcp_output_alloc_header</STRONG> (Thumb, 148 bytes, Stack size 32 bytes, tcp_out.o(.text))
<BR><BR>[Stack]<UL><LI>Max Depth = 280 + Unknown Stack Size
<LI>Call Chain = tcp_output_alloc_header &rArr; pbuf_alloc &rArr; pbuf_free &rArr; mem_free &rArr; plug_holes &rArr; __2printf &rArr; _printf_char_file &rArr; _printf_char_common &rArr; __printf
</UL>
<BR>[Calls]<UL><LI><a href="#[177]">&gt;&gt;</a>&nbsp;&nbsp;&nbsp;lwip_htonl
<LI><a href="#[156]">&gt;&gt;</a>&nbsp;&nbsp;&nbsp;lwip_htons
<LI><a href="#[13e]">&gt;&gt;</a>&nbsp;&nbsp;&nbsp;pbuf_alloc
<LI><a href="#[89]">&gt;&gt;</a>&nbsp;&nbsp;&nbsp;__2printf
</UL>
<BR>[Called By]<UL><LI><a href="#[1ee]">&gt;&gt;</a>&nbsp;&nbsp;&nbsp;tcp_send_empty_ack
<LI><a href="#[1cc]">&gt;&gt;</a>&nbsp;&nbsp;&nbsp;tcp_zero_window_probe
<LI><a href="#[1ce]">&gt;&gt;</a>&nbsp;&nbsp;&nbsp;tcp_keepalive
</UL>

<P><STRONG><a name="[1f5]"></a>tcp_create_segment</STRONG> (Thumb, 172 bytes, Stack size 40 bytes, tcp_out.o(.text))
<BR><BR>[Stack]<UL><LI>Max Depth = 256 + Unknown Stack Size
<LI>Call Chain = tcp_create_segment &rArr; tcp_seg_free &rArr; pbuf_free &rArr; mem_free &rArr; plug_holes &rArr; __2printf &rArr; _printf_char_file &rArr; _printf_char_common &rArr; __printf
</UL>
<BR>[Calls]<UL><LI><a href="#[183]">&gt;&gt;</a>&nbsp;&nbsp;&nbsp;memp_malloc
<LI><a href="#[177]">&gt;&gt;</a>&nbsp;&nbsp;&nbsp;lwip_htonl
<LI><a href="#[15e]">&gt;&gt;</a>&nbsp;&nbsp;&nbsp;pbuf_header
<LI><a href="#[156]">&gt;&gt;</a>&nbsp;&nbsp;&nbsp;lwip_htons
<LI><a href="#[142]">&gt;&gt;</a>&nbsp;&nbsp;&nbsp;pbuf_free
<LI><a href="#[1c8]">&gt;&gt;</a>&nbsp;&nbsp;&nbsp;tcp_seg_free
</UL>
<BR>[Called By]<UL><LI><a href="#[1f8]">&gt;&gt;</a>&nbsp;&nbsp;&nbsp;tcp_write
<LI><a href="#[1e3]">&gt;&gt;</a>&nbsp;&nbsp;&nbsp;tcp_enqueue_flags
</UL>

<P><STRONG><a name="[1f6]"></a>tcp_pbuf_prealloc</STRONG> (Thumb, 142 bytes, Stack size 56 bytes, tcp_out.o(.text), UNUSED)
<BR><BR>[Calls]<UL><LI><a href="#[13e]">&gt;&gt;</a>&nbsp;&nbsp;&nbsp;pbuf_alloc
<LI><a href="#[89]">&gt;&gt;</a>&nbsp;&nbsp;&nbsp;__2printf
</UL>
<BR>[Called By]<UL><LI><a href="#[1f8]">&gt;&gt;</a>&nbsp;&nbsp;&nbsp;tcp_write
</UL>

<P><STRONG><a name="[1f7]"></a>tcp_write_checks</STRONG> (Thumb, 510 bytes, Stack size 16 bytes, tcp_out.o(.text), UNUSED)
<BR><BR>[Calls]<UL><LI><a href="#[89]">&gt;&gt;</a>&nbsp;&nbsp;&nbsp;__2printf
</UL>
<BR>[Called By]<UL><LI><a href="#[1f8]">&gt;&gt;</a>&nbsp;&nbsp;&nbsp;tcp_write
</UL>

<P><STRONG><a name="[1f9]"></a>tcp_output_segment</STRONG> (Thumb, 224 bytes, Stack size 40 bytes, tcp_out.o(.text))
<BR><BR>[Stack]<UL><LI>Max Depth = 472 + Unknown Stack Size
<LI>Call Chain = tcp_output_segment &rArr; ip_output &rArr; ip_output_if &rArr; ip_frag &rArr; pbuf_alloc &rArr; pbuf_free &rArr; mem_free &rArr; plug_holes &rArr; __2printf &rArr; _printf_char_file &rArr; _printf_char_common &rArr; __printf
</UL>
<BR>[Calls]<UL><LI><a href="#[18a]">&gt;&gt;</a>&nbsp;&nbsp;&nbsp;lwip_ntohl
<LI><a href="#[177]">&gt;&gt;</a>&nbsp;&nbsp;&nbsp;lwip_htonl
<LI><a href="#[175]">&gt;&gt;</a>&nbsp;&nbsp;&nbsp;ip_route
<LI><a href="#[16b]">&gt;&gt;</a>&nbsp;&nbsp;&nbsp;inet_chksum_pseudo
<LI><a href="#[168]">&gt;&gt;</a>&nbsp;&nbsp;&nbsp;ip_output
<LI><a href="#[156]">&gt;&gt;</a>&nbsp;&nbsp;&nbsp;lwip_htons
<LI><a href="#[1e0]">&gt;&gt;</a>&nbsp;&nbsp;&nbsp;tcp_eff_send_mss
</UL>
<BR>[Called By]<UL><LI><a href="#[1d0]">&gt;&gt;</a>&nbsp;&nbsp;&nbsp;tcp_output
</UL>

<P><STRONG><a name="[60]"></a>tcpip_tcp_timer</STRONG> (Thumb, 40 bytes, Stack size 8 bytes, timers.o(.text))
<BR><BR>[Stack]<UL><LI>Max Depth = 632 + Unknown Stack Size
<LI>Call Chain = tcpip_tcp_timer &rArr; tcp_tmr &rArr; tcp_fasttmr &rArr; tcp_process_refused_data &rArr; tcp_recv_null &rArr; tcp_close &rArr; tcp_close_shutdown &rArr; tcp_pcb_remove &rArr; tcp_output &rArr; tcp_output_segment &rArr; ip_output &rArr; ip_output_if &rArr; ip_frag &rArr; pbuf_alloc &rArr; pbuf_free &rArr; mem_free &rArr; plug_holes &rArr; __2printf &rArr; _printf_char_file &rArr; _printf_char_common &rArr; __printf
</UL>
<BR>[Calls]<UL><LI><a href="#[132]">&gt;&gt;</a>&nbsp;&nbsp;&nbsp;tcp_tmr
<LI><a href="#[1fa]">&gt;&gt;</a>&nbsp;&nbsp;&nbsp;sys_timeout
</UL>
<BR>[Address Reference Count : 1]<UL><LI> timers.o(.text)
</UL>
<P><STRONG><a name="[61]"></a>ip_reass_timer</STRONG> (Thumb, 22 bytes, Stack size 8 bytes, timers.o(.text))
<BR><BR>[Stack]<UL><LI>Max Depth = 544 + Unknown Stack Size
<LI>Call Chain = ip_reass_timer &rArr; ip_reass_tmr &rArr; ip_reass_free_complete_datagram &rArr; icmp_time_exceeded &rArr; icmp_send_response &rArr; ip_output &rArr; ip_output_if &rArr; ip_frag &rArr; pbuf_alloc &rArr; pbuf_free &rArr; mem_free &rArr; plug_holes &rArr; __2printf &rArr; _printf_char_file &rArr; _printf_char_common &rArr; __printf
</UL>
<BR>[Calls]<UL><LI><a href="#[180]">&gt;&gt;</a>&nbsp;&nbsp;&nbsp;ip_reass_tmr
<LI><a href="#[1fa]">&gt;&gt;</a>&nbsp;&nbsp;&nbsp;sys_timeout
</UL>
<BR>[Address Reference Count : 1]<UL><LI> timers.o(.text)
</UL>
<P><STRONG><a name="[62]"></a>arp_timer</STRONG> (Thumb, 22 bytes, Stack size 8 bytes, timers.o(.text))
<BR><BR>[Stack]<UL><LI>Max Depth = 240 + Unknown Stack Size
<LI>Call Chain = arp_timer &rArr; etharp_tmr &rArr; etharp_free_entry &rArr; pbuf_free &rArr; mem_free &rArr; plug_holes &rArr; __2printf &rArr; _printf_char_file &rArr; _printf_char_common &rArr; __printf
</UL>
<BR>[Calls]<UL><LI><a href="#[133]">&gt;&gt;</a>&nbsp;&nbsp;&nbsp;etharp_tmr
<LI><a href="#[1fa]">&gt;&gt;</a>&nbsp;&nbsp;&nbsp;sys_timeout
</UL>
<BR>[Address Reference Count : 1]<UL><LI> timers.o(.text)
</UL>
<P><STRONG><a name="[63]"></a>dhcp_timer_coarse</STRONG> (Thumb, 22 bytes, Stack size 8 bytes, timers.o(.text))
<BR><BR>[Stack]<UL><LI>Max Depth = 504 + Unknown Stack Size
<LI>Call Chain = dhcp_timer_coarse &rArr; dhcp_coarse_tmr &rArr; dhcp_t2_timeout &rArr; dhcp_rebind &rArr; udp_sendto_if &rArr; ip_output_if &rArr; ip_frag &rArr; pbuf_alloc &rArr; pbuf_free &rArr; mem_free &rArr; plug_holes &rArr; __2printf &rArr; _printf_char_file &rArr; _printf_char_common &rArr; __printf
</UL>
<BR>[Calls]<UL><LI><a href="#[135]">&gt;&gt;</a>&nbsp;&nbsp;&nbsp;dhcp_coarse_tmr
<LI><a href="#[1fa]">&gt;&gt;</a>&nbsp;&nbsp;&nbsp;sys_timeout
</UL>
<BR>[Address Reference Count : 1]<UL><LI> timers.o(.text)
</UL>
<P><STRONG><a name="[64]"></a>dhcp_timer_fine</STRONG> (Thumb, 22 bytes, Stack size 8 bytes, timers.o(.text))
<BR><BR>[Stack]<UL><LI>Max Depth = 648 + Unknown Stack Size
<LI>Call Chain = dhcp_timer_fine &rArr; dhcp_fine_tmr &rArr; dhcp_timeout &rArr; dhcp_release &rArr; netif_set_ipaddr &rArr; tcp_abort &rArr; tcp_abandon &rArr; tcp_pcb_remove &rArr; tcp_output &rArr; tcp_output_segment &rArr; ip_output &rArr; ip_output_if &rArr; ip_frag &rArr; pbuf_alloc &rArr; pbuf_free &rArr; mem_free &rArr; plug_holes &rArr; __2printf &rArr; _printf_char_file &rArr; _printf_char_common &rArr; __printf
</UL>
<BR>[Calls]<UL><LI><a href="#[134]">&gt;&gt;</a>&nbsp;&nbsp;&nbsp;dhcp_fine_tmr
<LI><a href="#[1fa]">&gt;&gt;</a>&nbsp;&nbsp;&nbsp;sys_timeout
</UL>
<BR>[Address Reference Count : 1]<UL><LI> timers.o(.text)
</UL>
<P><STRONG><a name="[1ff]"></a>udp_new_port</STRONG> (Thumb, 80 bytes, Stack size 8 bytes, udp.o(.text))
<BR><BR>[Stack]<UL><LI>Max Depth = 8<LI>Call Chain = udp_new_port
</UL>
<BR>[Called By]<UL><LI><a href="#[14c]">&gt;&gt;</a>&nbsp;&nbsp;&nbsp;udp_bind
</UL>

<P><STRONG><a name="[66]"></a>_printf_input_char</STRONG> (Thumb, 10 bytes, Stack size 0 bytes, _printf_char_common.o(.text))
<BR>[Address Reference Count : 1]<UL><LI> _printf_char_common.o(.text)
</UL><P>
<H3>
Undefined Global Symbols
</H3><HR></body></html>
