<html>
<body>
<pre>
<h1>µVision Build Log</h1>
<h2>Tool Versions:</h2>
IDE-Version: ¦ÌVision V5.14.0.0
Copyright (C) 2015 ARM Ltd and ARM Germany GmbH. All rights reserved.
License Information: 22222 222, 222, LIC=AK101-CS2XY-228L4-FR87C-W6ZJW-6QQ2A
 
Tool Versions:
Toolchain:       MDK-ARM Professional  Version: 5.14.0.0
Toolchain Path:  D:\LearningSoftware\Keil5\ARM\ARMCC\Bin
C Compiler:      Armcc.exe V5.05 update 1 (build 106)
Assembler:       Armasm.exe V5.05 update 1 (build 106)
Linker/Locator:  ArmLink.exe V5.05 update 1 (build 106)
Library Manager: ArmAr.exe V5.05 update 1 (build 106)
Hex Converter:   FromElf.exe V5.05 update 1 (build 106)
CPU DLL:         SARMCM3.DLL V5.14.0.0
Dialog DLL:      DCM.DLL V1.13.1.0
Target DLL:      Segger\JL2CM3.dll V2.99.13.0
Dialog DLL:      TCM.DLL V1.14.4.0
 
<h2>Project:</h2>
C:\Users\0XFF\Desktop\µ×²ãÄ£¿é\USER\ENC28J60.uvprojx
Project File Date:  05/15/2019

<h2>Output:</h2>
Build target 'ENC28J60'
compiling main.c...
compiling led.c...
compiling udp_demo.c...
..\LWIP\lwip_app\udp_demo\udp_demo.c(70): warning:  #550-D: variable "xoff" was set but never used
        u16 xoff;
..\LWIP\lwip_app\udp_demo\udp_demo.c: 1 warning, 0 errors
linking...
Program Size: Code=90714 RO-data=7350 RW-data=608 ZI-data=256720  
FromELF: creating hex file...
"..\OBJ\NRF24L01.axf" - 0 Error(s), 1 Warning(s).

<h2>Collection of Component include folders:</h2>
  C:\Users\0XFF\Desktop\µ×²ãÄ£¿é\USER\RTE
  D:\LearningSoftware\Keil5\ARM\PACK\Keil\STM32F1xx_DFP\1.0.5\Device\Include

<h2>Collection of Component Files used:</h2>
</pre>
</body>
</html>
