Component: ARM Compiler 5.05 update 1 (build 106) Tool: armlink [4d0efa]

==============================================================================

Section Cross References

    main.o(.text) refers to delay.o(.text) for delay_init
    main.o(.text) refers to misc.o(.text) for NVIC_PriorityGroupConfig
    main.o(.text) refers to usart.o(.text) for uart_init
    main.o(.text) refers to key.o(.text) for KEY_Init
    main.o(.text) refers to led.o(.text) for LED_Init
    main.o(.text) refers to timer.o(.text) for TIM3_Int_Init
    main.o(.text) refers to motor.o(.text) for MOTOR_PWM_Init
    main.o(.text) refers to sram.o(.text) for FSMC_SRAM_Init
    main.o(.text) refers to malloc.o(.text) for my_mem_init
    main.o(.text) refers to lwip_comm.o(.text) for lwip_comm_init
    main.o(.text) refers to noretval__2printf.o(.text) for __2printf
    main.o(.text) refers to udp_demo.o(.text) for udp_demo_test
    main.o(.text) refers to lwip_comm.o(.bss) for lwipdev
    main.o(.text) refers to udp_demo.o(.data) for udp_demo_flag
    system_stm32f10x.o(.text) refers to system_stm32f10x.o(.data) for SystemCoreClock
    startup_stm32f10x_hd.o(STACK) refers (Special) to heapauxi.o(.text) for __use_two_region_memory
    startup_stm32f10x_hd.o(HEAP) refers (Special) to heapauxi.o(.text) for __use_two_region_memory
    startup_stm32f10x_hd.o(RESET) refers (Special) to heapauxi.o(.text) for __use_two_region_memory
    startup_stm32f10x_hd.o(RESET) refers to startup_stm32f10x_hd.o(STACK) for __initial_sp
    startup_stm32f10x_hd.o(RESET) refers to startup_stm32f10x_hd.o(.text) for Reset_Handler
    startup_stm32f10x_hd.o(RESET) refers to stm32f10x_it.o(.text) for NMI_Handler
    startup_stm32f10x_hd.o(RESET) refers to exti.o(.text) for EXTI0_IRQHandler
    startup_stm32f10x_hd.o(RESET) refers to enc28j60.o(.text) for EXTI1_IRQHandler
    startup_stm32f10x_hd.o(RESET) refers to timer.o(.text) for TIM3_IRQHandler
    startup_stm32f10x_hd.o(RESET) refers to usmart.o(.text) for TIM4_IRQHandler
    startup_stm32f10x_hd.o(RESET) refers to usart.o(.text) for USART1_IRQHandler
    startup_stm32f10x_hd.o(.text) refers (Special) to heapauxi.o(.text) for __use_two_region_memory
    startup_stm32f10x_hd.o(.text) refers to system_stm32f10x.o(.text) for SystemInit
    startup_stm32f10x_hd.o(.text) refers to __main.o(!!!main) for __main
    startup_stm32f10x_hd.o(.text) refers to startup_stm32f10x_hd.o(HEAP) for Heap_Mem
    startup_stm32f10x_hd.o(.text) refers to startup_stm32f10x_hd.o(STACK) for Stack_Mem
    stm32f10x_rcc.o(.text) refers to stm32f10x_rcc.o(.data) for APBAHBPrescTable
    stm32f10x_spi.o(.text) refers to stm32f10x_rcc.o(.text) for RCC_APB2PeriphResetCmd
    stm32f10x_usart.o(.text) refers to stm32f10x_rcc.o(.text) for RCC_APB2PeriphResetCmd
    stm32f10x_gpio.o(.text) refers to stm32f10x_rcc.o(.text) for RCC_APB2PeriphResetCmd
    stm32f10x_tim.o(.text) refers to stm32f10x_rcc.o(.text) for RCC_APB2PeriphResetCmd
    delay.o(.text) refers to misc.o(.text) for SysTick_CLKSourceConfig
    delay.o(.text) refers to system_stm32f10x.o(.data) for SystemCoreClock
    delay.o(.text) refers to delay.o(.data) for fac_us
    usart.o(.text) refers (Special) to use_no_semi_2.o(.text) for __use_no_semihosting
    usart.o(.text) refers to stm32f10x_rcc.o(.text) for RCC_APB2PeriphClockCmd
    usart.o(.text) refers to stm32f10x_gpio.o(.text) for GPIO_Init
    usart.o(.text) refers to misc.o(.text) for NVIC_Init
    usart.o(.text) refers to stm32f10x_usart.o(.text) for USART_Init
    usart.o(.text) refers to usart.o(.data) for USART_RX_STA
    usart.o(.text) refers to usart.o(.bss) for USART_RX_BUF
    usart.o(.bss) refers (Special) to use_no_semi_2.o(.text) for __use_no_semihosting
    usart.o(.data) refers (Special) to use_no_semi_2.o(.text) for __use_no_semihosting
    key.o(.text) refers to stm32f10x_rcc.o(.text) for RCC_APB2PeriphClockCmd
    key.o(.text) refers to stm32f10x_gpio.o(.text) for GPIO_PinRemapConfig
    key.o(.text) refers to delay.o(.text) for delay_ms
    key.o(.text) refers to key.o(.data) for key_up
    lcd.o(.text) refers to _printf_percent.o(.ARM.Collect$$_printf_percent$$00000000) for _printf_percent
    lcd.o(.text) refers to _printf_x.o(.ARM.Collect$$_printf_percent$$0000000C) for _printf_x
    lcd.o(.text) refers to _printf_hex_int.o(.text) for _printf_longlong_hex
    lcd.o(.text) refers to stm32f10x_gpio.o(.text) for GPIO_ResetBits
    lcd.o(.text) refers to delay.o(.text) for delay_us
    lcd.o(.text) refers to lcd.o(.bss) for lcddev
    lcd.o(.text) refers to lcd.o(.data) for POINT_COLOR
    lcd.o(.text) refers to stm32f10x_rcc.o(.text) for RCC_APB2PeriphClockCmd
    lcd.o(.text) refers to noretval__2printf.o(.text) for __2printf
    lcd.o(.text) refers to lcd.o(.constdata) for asc2_1206
    spi.o(.text) refers to stm32f10x_spi.o(.text) for SPI_I2S_GetFlagStatus
    spi.o(.text) refers to stm32f10x_rcc.o(.text) for RCC_APB2PeriphClockCmd
    spi.o(.text) refers to stm32f10x_gpio.o(.text) for GPIO_Init
[...]
    ADC1_2_IRQHandler                        0x08000533   Thumb Code     0  startup_stm32f10x_hd.o(.text)
    ADC3_IRQHandler                          0x08000533   Thumb Code     0  startup_stm32f10x_hd.o(.text)
    CAN1_RX1_IRQHandler                      0x08000533   Thumb Code     0  startup_stm32f10x_hd.o(.text)
    CAN1_SCE_IRQHandler                      0x08000533   Thumb Code     0  startup_stm32f10x_hd.o(.text)
    DMA1_Channel1_IRQHandler                 0x08000533   Thumb Code     0  startup_stm32f10x_hd.o(.text)
    DMA1_Channel2_IRQHandler                 0x08000533   Thumb Code     0  startup_stm32f10x_hd.o(.text)
    DMA1_Channel3_IRQHandler                 0x08000533   Thumb Code     0  startup_stm32f10x_hd.o(.text)
    DMA1_Channel4_IRQHandler                 0x08000533   Thumb Code     0  startup_stm32f10x_hd.o(.text)
    DMA1_Channel5_IRQHandler                 0x08000533   Thumb Code     0  startup_stm32f10x_hd.o(.text)
    DMA1_Channel6_IRQHandler                 0x08000533   Thumb Code     0  startup_stm32f10x_hd.o(.text)
    DMA1_Channel7_IRQHandler                 0x08000533   Thumb Code     0  startup_stm32f10x_hd.o(.text)
    DMA2_Channel1_IRQHandler                 0x08000533   Thumb Code     0  startup_stm32f10x_hd.o(.text)
    DMA2_Channel2_IRQHandler                 0x08000533   Thumb Code     0  startup_stm32f10x_hd.o(.text)
    DMA2_Channel3_IRQHandler                 0x08000533   Thumb Code     0  startup_stm32f10x_hd.o(.text)
    DMA2_Channel4_5_IRQHandler               0x08000533   Thumb Code     0  startup_stm32f10x_hd.o(.text)
    EXTI15_10_IRQHandler                     0x08000533   Thumb Code     0  startup_stm32f10x_hd.o(.text)
    EXTI2_IRQHandler                         0x08000533   Thumb Code     0  startup_stm32f10x_hd.o(.text)
    EXTI3_IRQHandler                         0x08000533   Thumb Code     0  startup_stm32f10x_hd.o(.text)
    EXTI4_IRQHandler                         0x08000533   Thumb Code     0  startup_stm32f10x_hd.o(.text)
    EXTI9_5_IRQHandler                       0x08000533   Thumb Code     0  startup_stm32f10x_hd.o(.text)
    FLASH_IRQHandler                         0x08000533   Thumb Code     0  startup_stm32f10x_hd.o(.text)
    FSMC_IRQHandler                          0x08000533   Thumb Code     0  startup_stm32f10x_hd.o(.text)
    I2C1_ER_IRQHandler                       0x08000533   Thumb Code     0  startup_stm32f10x_hd.o(.text)
    I2C1_EV_IRQHandler                       0x08000533   Thumb Code     0  startup_stm32f10x_hd.o(.text)
    I2C2_ER_IRQHandler                       0x08000533   Thumb Code     0  startup_stm32f10x_hd.o(.text)
    I2C2_EV_IRQHandler                       0x08000533   Thumb Code     0  startup_stm32f10x_hd.o(.text)
    PVD_IRQHandler                           0x08000533   Thumb Code     0  startup_stm32f10x_hd.o(.text)
    RCC_IRQHandler                           0x08000533   Thumb Code     0  startup_stm32f10x_hd.o(.text)
    RTCAlarm_IRQHandler                      0x08000533   Thumb Code     0  startup_stm32f10x_hd.o(.text)
    RTC_IRQHandler                           0x08000533   Thumb Code     0  startup_stm32f10x_hd.o(.text)
    SDIO_IRQHandler                          0x08000533   Thumb Code     0  startup_stm32f10x_hd.o(.text)
    SPI1_IRQHandler                          0x08000533   Thumb Code     0  startup_stm32f10x_hd.o(.text)
    SPI2_IRQHandler                          0x08000533   Thumb Code     0  startup_stm32f10x_hd.o(.text)
    SPI3_IRQHandler                          0x08000533   Thumb Code     0  startup_stm32f10x_hd.o(.text)
    TAMPER_IRQHandler                        0x08000533   Thumb Code     0  startup_stm32f10x_hd.o(.text)
    TIM1_BRK_IRQHandler                      0x08000533   Thumb Code     0  startup_stm32f10x_hd.o(.text)
    TIM1_CC_IRQHandler                       0x08000533   Thumb Code     0  startup_stm32f10x_hd.o(.text)
    TIM1_TRG_COM_IRQHandler                  0x08000533   Thumb Code     0  startup_stm32f10x_hd.o(.text)
    TIM1_UP_IRQHandler                       0x08000533   Thumb Code     0  startup_stm32f10x_hd.o(.text)
    TIM2_IRQHandler                          0x08000533   Thumb Code     0  startup_stm32f10x_hd.o(.text)
    TIM5_IRQHandler                          0x08000533   Thumb Code     0  startup_stm32f10x_hd.o(.text)
    TIM6_IRQHandler                          0x08000533   Thumb Code     0  startup_stm32f10x_hd.o(.text)
    TIM7_IRQHandler                          0x08000533   Thumb Code     0  startup_stm32f10x_hd.o(.text)
    TIM8_BRK_IRQHandler                      0x08000533   Thumb Code     0  startup_stm32f10x_hd.o(.text)
    TIM8_CC_IRQHandler                       0x08000533   Thumb Code     0  startup_stm32f10x_hd.o(.text)
    TIM8_TRG_COM_IRQHandler                  0x08000533   Thumb Code     0  startup_stm32f10x_hd.o(.text)
    TIM8_UP_IRQHandler                       0x08000533   Thumb Code     0  startup_stm32f10x_hd.o(.text)
    UART4_IRQHandler                         0x08000533   Thumb Code     0  startup_stm32f10x_hd.o(.text)
    UART5_IRQHandler                         0x08000533   Thumb Code     0  startup_stm32f10x_hd.o(.text)
    USART2_IRQHandler                        0x08000533   Thumb Code     0  startup_stm32f10x_hd.o(.text)
    USART3_IRQHandler                        0x08000533   Thumb Code     0  startup_stm32f10x_hd.o(.text)
    USBWakeUp_IRQHandler                     0x08000533   Thumb Code     0  startup_stm32f10x_hd.o(.text)
    USB_HP_CAN1_TX_IRQHandler                0x08000533   Thumb Code     0  startup_stm32f10x_hd.o(.text)
    USB_LP_CAN1_RX0_IRQHandler               0x08000533   Thumb Code     0  startup_stm32f10x_hd.o(.text)
    WWDG_IRQHandler                          0x08000533   Thumb Code     0  startup_stm32f10x_hd.o(.text)
    __user_initial_stackheap                 0x08000535   Thumb Code     0  startup_stm32f10x_hd.o(.text)
    NVIC_PriorityGroupConfig                 0x08000559   Thumb Code    10  misc.o(.text)
    NVIC_Init                                0x08000563   Thumb Code   100  misc.o(.text)
    NVIC_SetVectorTable                      0x080005c7   Thumb Code    14  misc.o(.text)
    NVIC_SystemLPConfig                      0x080005d5   Thumb Code    34  misc.o(.text)
    SysTick_CLKSourceConfig                  0x080005f7   Thumb Code    40  misc.o(.text)
    RCC_DeInit                               0x08000635   Thumb Code    64  stm32f10x_rcc.o(.text)
    RCC_HSEConfig                            0x08000675   Thumb Code    70  stm32f10x_rcc.o(.text)
    RCC_GetFlagStatus                        0x080006bb   Thumb Code    56  stm32f10x_rcc.o(.text)
    RCC_WaitForHSEStartUp                    0x080006f3   Thumb Code    56  stm32f10x_rcc.o(.text)
    RCC_AdjustHSICalibrationValue            0x0800072b   Thumb Code    20  stm32f10x_rcc.o(.text)
    RCC_HSICmd                               0x0800073f   Thumb Code     6  stm32f10x_rcc.o(.text)
    RCC_PLLConfig                            0x08000745   Thumb Code    24  stm32f10x_rcc.o(.text)
    RCC_PLLCmd                               0x0800075d   Thumb Code     6  stm32f10x_rcc.o(.text)
    RCC_SYSCLKConfig                         0x08000763   Thumb Code    18  stm32f10x_rcc.o(.text)
    RCC_GetSYSCLKSource                      0x08000775   Thumb Code    10  stm32f10x_rcc.o(.text)
    RCC_HCLKConfig                           0x0800077f   Thumb Code    18  stm32f10x_rcc.o(.text)
    RCC_PCLK1Config                          0x08000791   Thumb Code    18  stm32f10x_rcc.o(.text)
    RCC_PCLK2Config                          0x080007a3   Thumb Code    20  stm32f10x_rcc.o(.text)
    RCC_ITConfig                             0x080007b7   Thumb Code    26  stm32f10x_rcc.o(.text)
    RCC_USBCLKConfig                         0x080007d1   Thumb Code     8  stm32f10x_rcc.o(.text)
    RCC_ADCCLKConfig                         0x080007d9   Thumb Code    18  stm32f10x_rcc.o(.text)
    RCC_LSEConfig                            0x080007eb   Thumb Code    50  stm32f10x_rcc.o(.text)
    RCC_LSICmd                               0x0800081d   Thumb Code     6  stm32f10x_rcc.o(.text)
    RCC_RTCCLKConfig                         0x08000823   Thumb Code    12  stm32f10x_rcc.o(.text)
    RCC_RTCCLKCmd                            0x0800082f   Thumb Code     8  stm32f10x_rcc.o(.text)
    RCC_GetClocksFreq                        0x08000837   Thumb Code   192  stm32f10x_rcc.o(.text)
    RCC_AHBPeriphClockCmd                    0x080008f7   Thumb Code    26  stm32f10x_rcc.o(.text)
    RCC_APB2PeriphClockCmd                   0x08000911   Thumb Code    26  stm32f10x_rcc.o(.text)
    RCC_APB1PeriphClockCmd                   0x0800092b   Thumb Code    26  stm32f10x_rcc.o(.text)
    RCC_APB2PeriphResetCmd                   0x08000945   Thumb Code    26  stm32f10x_rcc.o(.text)
    RCC_APB1PeriphResetCmd                   0x0800095f   Thumb Code    26  stm32f10x_rcc.o(.text)
    RCC_BackupResetCmd                       0x08000979   Thumb Code     8  stm32f10x_rcc.o(.text)
    RCC_ClockSecuritySystemCmd               0x08000981   Thumb Code     6  stm32f10x_rcc.o(.text)
    RCC_MCOConfig                            0x08000987   Thumb Code     6  stm32f10x_rcc.o(.text)
    RCC_ClearFlag                            0x0800098d   Thumb Code    14  stm32f10x_rcc.o(.text)
    RCC_GetITStatus                          0x0800099b   Thumb Code    20  stm32f10x_rcc.o(.text)
    RCC_ClearITPendingBit                    0x080009af   Thumb Code     6  stm32f10x_rcc.o(.text)
    SPI_I2S_DeInit                           0x080009d9   Thumb Code    76  stm32f10x_spi.o(.text)
    SPI_Init                                 0x08000a25   Thumb Code    60  stm32f10x_spi.o(.text)
    I2S_Init                                 0x08000a61   Thumb Code   226  stm32f10x_spi.o(.text)
    SPI_StructInit                           0x08000b43   Thumb Code    24  stm32f10x_spi.o(.text)
    I2S_StructInit                           0x08000b5b   Thumb Code    20  stm32f10x_spi.o(.text)
    SPI_Cmd                                  0x08000b6f   Thumb Code    24  stm32f10x_spi.o(.text)
    I2S_Cmd                                  0x08000b87   Thumb Code    24  stm32f10x_spi.o(.text)
    SPI_I2S_ITConfig                         0x08000b9f   Thumb Code    32  stm32f10x_spi.o(.text)
    SPI_I2S_DMACmd                           0x08000bbf   Thumb Code    18  stm32f10x_spi.o(.text)
    SPI_I2S_SendData                         0x08000bd1   Thumb Code     4  stm32f10x_spi.o(.text)
    SPI_I2S_ReceiveData                      0x08000bd5   Thumb Code     6  stm32f10x_spi.o(.text)
    SPI_NSSInternalSoftwareConfig            0x08000bdb   Thumb Code    30  stm32f10x_spi.o(.text)
    SPI_SSOutputCmd                          0x08000bf9   Thumb Code    24  stm32f10x_spi.o(.text)
    SPI_DataSizeConfig                       0x08000c11   Thumb Code    18  stm32f10x_spi.o(.text)
    SPI_TransmitCRC                          0x08000c23   Thumb Code    10  stm32f10x_spi.o(.text)
    SPI_CalculateCRC                         0x08000c2d   Thumb Code    24  stm32f10x_spi.o(.text)
    SPI_GetCRC                               0x08000c45   Thumb Code    16  stm32f10x_spi.o(.text)
    SPI_GetCRCPolynomial                     0x08000c55   Thumb Code     6  stm32f10x_spi.o(.text)
    SPI_BiDirectionalLineConfig              0x08000c5b   Thumb Code    28  stm32f10x_spi.o(.text)
    SPI_I2S_GetFlagStatus                    0x08000c77   Thumb Code    18  stm32f10x_spi.o(.text)
    SPI_I2S_ClearFlag                        0x08000c89   Thumb Code     6  stm32f10x_spi.o(.text)
    SPI_I2S_GetITStatus                      0x08000c8f   Thumb Code    52  stm32f10x_spi.o(.text)
    SPI_I2S_ClearITPendingBit                0x08000cc3   Thumb Code    20  stm32f10x_spi.o(.text)
    USART_DeInit                             0x08000ce5   Thumb Code   134  stm32f10x_usart.o(.text)
    USART_Init                               0x08000d6b   Thumb Code   210  stm32f10x_usart.o(.text)
    USART_StructInit                         0x08000e3d   Thumb Code    24  stm32f10x_usart.o(.text)
    USART_ClockInit                          0x08000e55   Thumb Code    34  stm32f10x_usart.o(.text)
    USART_ClockStructInit                    0x08000e77   Thumb Code    12  stm32f10x_usart.o(.text)
    USART_Cmd                                0x08000e83   Thumb Code    24  stm32f10x_usart.o(.text)
    USART_ITConfig                           0x08000e9b   Thumb Code    74  stm32f10x_usart.o(.text)
    USART_DMACmd                             0x08000ee5   Thumb Code    18  stm32f10x_usart.o(.text)
    USART_SetAddress                         0x08000ef7   Thumb Code    18  stm32f10x_usart.o(.text)
    USART_WakeUpConfig                       0x08000f09   Thumb Code    18  stm32f10x_usart.o(.text)
    USART_ReceiverWakeUpCmd                  0x08000f1b   Thumb Code    24  stm32f10x_usart.o(.text)
    USART_LINBreakDetectLengthConfig         0x08000f33   Thumb Code    18  stm32f10x_usart.o(.text)
    USART_LINCmd                             0x08000f45   Thumb Code    24  stm32f10x_usart.o(.text)
    USART_SendData                           0x08000f5d   Thumb Code     8  stm32f10x_usart.o(.text)
    USART_ReceiveData                        0x08000f65   Thumb Code    10  stm32f10x_usart.o(.text)
    USART_SendBreak                          0x08000f6f   Thumb Code    10  stm32f10x_usart.o(.text)
    USART_SetGuardTime                       0x08000f79   Thumb Code    16  stm32f10x_usart.o(.text)
    USART_SetPrescaler                       0x08000f89   Thumb Code    16  stm32f10x_usart.o(.text)
    USART_SmartCardCmd                       0x08000f99   Thumb Code    24  stm32f10x_usart.o(.text)
    USART_SmartCardNACKCmd                   0x08000fb1   Thumb Code    24  stm32f10x_usart.o(.text)
    USART_HalfDuplexCmd                      0x08000fc9   Thumb Code    24  stm32f10x_usart.o(.text)
    USART_OverSampling8Cmd                   0x08000fe1   Thumb Code    22  stm32f10x_usart.o(.text)
    USART_OneBitMethodCmd                    0x08000ff7   Thumb Code    24  stm32f10x_usart.o(.text)
    USART_IrDAConfig                         0x0800100f   Thumb Code    18  stm32f10x_usart.o(.text)
    USART_IrDACmd                            0x08001021   Thumb Code    24  stm32f10x_usart.o(.text)
    USART_GetFlagStatus                      0x08001039   Thumb Code    26  stm32f10x_usart.o(.text)
    USART_ClearFlag                          0x08001053   Thumb Code    18  stm32f10x_usart.o(.text)
    USART_GetITStatus                        0x08001065   Thumb Code    84  stm32f10x_usart.o(.text)
    USART_ClearITPendingBit                  0x080010b9   Thumb Code    52  stm32f10x_usart.o(.text)
    GPIO_DeInit                              0x080010ed   Thumb Code   172  stm32f10x_gpio.o(.text)
    GPIO_AFIODeInit                          0x08001199   Thumb Code    20  stm32f10x_gpio.o(.text)
    GPIO_Init                                0x080011ad   Thumb Code   278  stm32f10x_gpio.o(.text)
    GPIO_StructInit                          0x080012c3   Thumb Code    16  stm32f10x_gpio.o(.text)
    GPIO_ReadInputDataBit                    0x080012d3   Thumb Code    18  stm32f10x_gpio.o(.text)
    GPIO_ReadInputData                       0x080012e5   Thumb Code     8  stm32f10x_gpio.o(.text)
    GPIO_ReadOutputDataBit                   0x080012ed   Thumb Code    18  stm32f10x_gpio.o(.text)
    GPIO_ReadOutputData                      0x080012ff   Thumb Code     8  stm32f10x_gpio.o(.text)
    GPIO_SetBits                             0x08001307   Thumb Code     4  stm32f10x_gpio.o(.text)
    GPIO_ResetBits                           0x0800130b   Thumb Code     4  stm32f10x_gpio.o(.text)
    GPIO_WriteBit                            0x0800130f   Thumb Code    10  stm32f10x_gpio.o(.text)
    GPIO_Write                               0x08001319   Thumb Code     4  stm32f10x_gpio.o(.text)
    GPIO_PinLockConfig                       0x0800131d   Thumb Code    18  stm32f10x_gpio.o(.text)
    GPIO_EventOutputConfig                   0x0800132f   Thumb Code    26  stm32f10x_gpio.o(.text)
    GPIO_EventOutputCmd                      0x08001349   Thumb Code     6  stm32f10x_gpio.o(.text)
    GPIO_PinRemapConfig                      0x0800134f   Thumb Code   138  stm32f10x_gpio.o(.text)
    GPIO_EXTILineConfig                      0x080013d9   Thumb Code    66  stm32f10x_gpio.o(.text)
    GPIO_ETH_MediaInterfaceConfig            0x0800141b   Thumb Code     8  stm32f10x_gpio.o(.text)
    FSMC_NORSRAMDeInit                       0x08001449   Thumb Code    54  stm32f10x_fsmc.o(.text)
    FSMC_NANDDeInit                          0x0800147f   Thumb Code    62  stm32f10x_fsmc.o(.text)
    FSMC_PCCARDDeInit                        0x080014bd   Thumb Code    36  stm32f10x_fsmc.o(.text)
    FSMC_NORSRAMInit                         0x080014e1   Thumb Code   230  stm32f10x_fsmc.o(.text)
    FSMC_NANDInit                            0x080015c7   Thumb Code   132  stm32f10x_fsmc.o(.text)
    FSMC_PCCARDInit                          0x0800164b   Thumb Code   130  stm32f10x_fsmc.o(.text)
    FSMC_NORSRAMStructInit                   0x080016cd   Thumb Code   114  stm32f10x_fsmc.o(.text)
    FSMC_NANDStructInit                      0x0800173f   Thumb Code    54  stm32f10x_fsmc.o(.text)
    FSMC_PCCARDStructInit                    0x08001775   Thumb Code    60  stm32f10x_fsmc.o(.text)
    FSMC_NORSRAMCmd                          0x080017b1   Thumb Code    46  stm32f10x_fsmc.o(.text)
    FSMC_NANDCmd                             0x080017df   Thumb Code    86  stm32f10x_fsmc.o(.text)
    FSMC_PCCARDCmd                           0x08001835   Thumb Code    44  stm32f10x_fsmc.o(.text)
    FSMC_NANDECCCmd                          0x08001861   Thumb Code    90  stm32f10x_fsmc.o(.text)
    FSMC_GetECC                              0x080018bb   Thumb Code    24  stm32f10x_fsmc.o(.text)
    FSMC_ITConfig                            0x080018d3   Thumb Code   128  stm32f10x_fsmc.o(.text)
    FSMC_GetFlagStatus                       0x08001953   Thumb Code    54  stm32f10x_fsmc.o(.text)
    FSMC_ClearFlag                           0x08001989   Thumb Code    62  stm32f10x_fsmc.o(.text)
    FSMC_GetITStatus                         0x080019c7   Thumb Code    64  stm32f10x_fsmc.o(.text)
    FSMC_ClearITPendingBit                   0x08001a07   Thumb Code    68  stm32f10x_fsmc.o(.text)
    TIM_DeInit                               0x08001a55   Thumb Code   424  stm32f10x_tim.o(.text)
    TIM_TimeBaseInit                         0x08001bfd   Thumb Code   122  stm32f10x_tim.o(.text)
    TIM_OC1Init                              0x08001c77   Thumb Code   132  stm32f10x_tim.o(.text)
    TIM_OC2Init                              0x08001cfb   Thumb Code   154  stm32f10x_tim.o(.text)
    TIM_OC3Init                              0x08001d95   Thumb Code   150  stm32f10x_tim.o(.text)
    TIM_OC4Init                              0x08001e2b   Thumb Code   182  stm32f10x_tim.o(.text)
    TIM_SetIC4Prescaler                      0x08001ee1   Thumb Code    26  stm32f10x_tim.o(.text)
    TIM_SetIC3Prescaler                      0x08001f7d   Thumb Code    18  stm32f10x_tim.o(.text)
    TIM_SetIC2Prescaler                      0x08002009   Thumb Code    26  stm32f10x_tim.o(.text)
    TIM_SetIC1Prescaler                      0x080020a5   Thumb Code    18  stm32f10x_tim.o(.text)
    TIM_ICInit                               0x08002123   Thumb Code   150  stm32f10x_tim.o(.text)
    TIM_PWMIConfig                           0x080021b9   Thumb Code   124  stm32f10x_tim.o(.text)
    TIM_BDTRConfig                           0x08002235   Thumb Code    32  stm32f10x_tim.o(.text)
    TIM_TimeBaseStructInit                   0x08002255   Thumb Code    18  stm32f10x_tim.o(.text)
    TIM_OCStructInit                         0x08002267   Thumb Code    20  stm32f10x_tim.o(.text)
    TIM_ICStructInit                         0x0800227b   Thumb Code    18  stm32f10x_tim.o(.text)
    TIM_BDTRStructInit                       0x0800228d   Thumb Code    40  stm32f10x_tim.o(.text)
    TIM_Cmd                                  0x080022b5   Thumb Code    24  stm32f10x_tim.o(.text)
    TIM_CtrlPWMOutputs                       0x080022cd   Thumb Code    30  stm32f10x_tim.o(.text)
    TIM_ITConfig                             0x080022eb   Thumb Code    18  stm32f10x_tim.o(.text)
    TIM_GenerateEvent                        0x080022fd   Thumb Code     4  stm32f10x_tim.o(.text)
    TIM_DMAConfig                            0x08002301   Thumb Code    10  stm32f10x_tim.o(.text)
    TIM_DMACmd                               0x0800230b   Thumb Code    18  stm32f10x_tim.o(.text)
    TIM_InternalClockConfig                  0x0800231d   Thumb Code    12  stm32f10x_tim.o(.text)
    TIM_SelectInputTrigger                   0x08002329   Thumb Code    18  stm32f10x_tim.o(.text)
    TIM_ITRxExternalClockConfig              0x0800233b   Thumb Code    24  stm32f10x_tim.o(.text)
    TIM_TIxExternalClockConfig               0x08002353   Thumb Code    62  stm32f10x_tim.o(.text)
    TIM_ETRConfig                            0x08002391   Thumb Code    28  stm32f10x_tim.o(.text)
    TIM_ETRClockMode1Config                  0x080023ad   Thumb Code    54  stm32f10x_tim.o(.text)
    TIM_ETRClockMode2Config                  0x080023e3   Thumb Code    32  stm32f10x_tim.o(.text)
    TIM_PrescalerConfig                      0x08002403   Thumb Code     6  stm32f10x_tim.o(.text)
    TIM_CounterModeConfig                    0x08002409   Thumb Code    18  stm32f10x_tim.o(.text)
    TIM_EncoderInterfaceConfig               0x0800241b   Thumb Code    66  stm32f10x_tim.o(.text)
    TIM_ForcedOC1Config                      0x0800245d   Thumb Code    18  stm32f10x_tim.o(.text)
    TIM_ForcedOC2Config                      0x0800246f   Thumb Code    26  stm32f10x_tim.o(.text)
    TIM_ForcedOC3Config                      0x08002489   Thumb Code    18  stm32f10x_tim.o(.text)
    TIM_ForcedOC4Config                      0x0800249b   Thumb Code    26  stm32f10x_tim.o(.text)
    TIM_ARRPreloadConfig                     0x080024b5   Thumb Code    24  stm32f10x_tim.o(.text)
    TIM_SelectCOM                            0x080024cd   Thumb Code    24  stm32f10x_tim.o(.text)
    TIM_SelectCCDMA                          0x080024e5   Thumb Code    24  stm32f10x_tim.o(.text)
    TIM_CCPreloadControl                     0x080024fd   Thumb Code    24  stm32f10x_tim.o(.text)
    TIM_OC1PreloadConfig                     0x08002515   Thumb Code    18  stm32f10x_tim.o(.text)
    TIM_OC2PreloadConfig                     0x08002527   Thumb Code    26  stm32f10x_tim.o(.text)
    TIM_OC3PreloadConfig                     0x08002541   Thumb Code    18  stm32f10x_tim.o(.text)
    TIM_OC4PreloadConfig                     0x08002553   Thumb Code    26  stm32f10x_tim.o(.text)
    TIM_OC1FastConfig                        0x0800256d   Thumb Code    18  stm32f10x_tim.o(.text)
    TIM_OC2FastConfig                        0x0800257f   Thumb Code    26  stm32f10x_tim.o(.text)
    TIM_OC3FastConfig                        0x08002599   Thumb Code    18  stm32f10x_tim.o(.text)
    TIM_OC4FastConfig                        0x080025ab   Thumb Code    26  stm32f10x_tim.o(.text)
    TIM_ClearOC1Ref                          0x080025c5   Thumb Code    18  stm32f10x_tim.o(.text)
    TIM_ClearOC2Ref                          0x080025d7   Thumb Code    24  stm32f10x_tim.o(.text)
    TIM_ClearOC3Ref                          0x080025ef   Thumb Code    18  stm32f10x_tim.o(.text)
    TIM_ClearOC4Ref                          0x08002601   Thumb Code    24  stm32f10x_tim.o(.text)
    TIM_OC1PolarityConfig                    0x08002619   Thumb Code    18  stm32f10x_tim.o(.text)
    TIM_OC1NPolarityConfig                   0x0800262b   Thumb Code    18  stm32f10x_tim.o(.text)
    TIM_OC2PolarityConfig                    0x0800263d   Thumb Code    26  stm32f10x_tim.o(.text)
    TIM_OC2NPolarityConfig                   0x08002657   Thumb Code    26  stm32f10x_tim.o(.text)
    TIM_OC3PolarityConfig                    0x08002671   Thumb Code    26  stm32f10x_tim.o(.text)
    TIM_OC3NPolarityConfig                   0x0800268b   Thumb Code    26  stm32f10x_tim.o(.text)
    TIM_OC4PolarityConfig                    0x080026a5   Thumb Code    26  stm32f10x_tim.o(.text)
    TIM_CCxCmd                               0x080026bf   Thumb Code    30  stm32f10x_tim.o(.text)
    TIM_CCxNCmd                              0x080026dd   Thumb Code    30  stm32f10x_tim.o(.text)
    TIM_SelectOCxM                           0x080026fb   Thumb Code    82  stm32f10x_tim.o(.text)
    TIM_UpdateDisableConfig                  0x0800274d   Thumb Code    24  stm32f10x_tim.o(.text)
    TIM_UpdateRequestConfig                  0x08002765   Thumb Code    24  stm32f10x_tim.o(.text)
    TIM_SelectHallSensor                     0x0800277d   Thumb Code    24  stm32f10x_tim.o(.text)
    TIM_SelectOnePulseMode                   0x08002795   Thumb Code    18  stm32f10x_tim.o(.text)
    TIM_SelectOutputTrigger                  0x080027a7   Thumb Code    18  stm32f10x_tim.o(.text)
    TIM_SelectSlaveMode                      0x080027b9   Thumb Code    18  stm32f10x_tim.o(.text)
    TIM_SelectMasterSlaveMode                0x080027cb   Thumb Code    18  stm32f10x_tim.o(.text)
    TIM_SetCounter                           0x080027dd   Thumb Code     4  stm32f10x_tim.o(.text)
    TIM_SetAutoreload                        0x080027e1   Thumb Code     4  stm32f10x_tim.o(.text)
    TIM_SetCompare1                          0x080027e5   Thumb Code     4  stm32f10x_tim.o(.text)
    TIM_SetCompare2                          0x080027e9   Thumb Code     4  stm32f10x_tim.o(.text)
    TIM_SetCompare3                          0x080027ed   Thumb Code     4  stm32f10x_tim.o(.text)
    TIM_SetCompare4                          0x080027f1   Thumb Code     6  stm32f10x_tim.o(.text)
    TIM_SetClockDivision                     0x080027f7   Thumb Code    18  stm32f10x_tim.o(.text)
    TIM_GetCapture1                          0x08002809   Thumb Code     6  stm32f10x_tim.o(.text)
    TIM_GetCapture2                          0x0800280f   Thumb Code     6  stm32f10x_tim.o(.text)
    TIM_GetCapture3                          0x08002815   Thumb Code     6  stm32f10x_tim.o(.text)
    TIM_GetCapture4                          0x0800281b   Thumb Code     8  stm32f10x_tim.o(.text)
    TIM_GetCounter                           0x08002823   Thumb Code     6  stm32f10x_tim.o(.text)
    TIM_GetPrescaler                         0x08002829   Thumb Code     6  stm32f10x_tim.o(.text)
    TIM_GetFlagStatus                        0x0800282f   Thumb Code    18  stm32f10x_tim.o(.text)
    TIM_ClearFlag                            0x08002841   Thumb Code     6  stm32f10x_tim.o(.text)
    TIM_GetITStatus                          0x08002847   Thumb Code    34  stm32f10x_tim.o(.text)
    TIM_ClearITPendingBit                    0x08002869   Thumb Code     6  stm32f10x_tim.o(.text)
    EXTI_DeInit                              0x08002871   Thumb Code    28  stm32f10x_exti.o(.text)
    EXTI_Init                                0x0800288d   Thumb Code   142  stm32f10x_exti.o(.text)
    EXTI_StructInit                          0x0800291b   Thumb Code    16  stm32f10x_exti.o(.text)
    EXTI_GenerateSWInterrupt                 0x0800292b   Thumb Code    16  stm32f10x_exti.o(.text)
    EXTI_GetFlagStatus                       0x0800293b   Thumb Code    22  stm32f10x_exti.o(.text)
    EXTI_ClearFlag                           0x08002951   Thumb Code     8  stm32f10x_exti.o(.text)
    EXTI_GetITStatus                         0x08002959   Thumb Code    34  stm32f10x_exti.o(.text)
    EXTI_ClearITPendingBit                   0x0800297b   Thumb Code     8  stm32f10x_exti.o(.text)
    delay_init                               0x0800298d   Thumb Code    50  delay.o(.text)
    delay_us                                 0x080029bf   Thumb Code    72  delay.o(.text)
    delay_ms                                 0x08002a07   Thumb Code    72  delay.o(.text)
    WFI_SET                                  0x08002a61   Thumb Code     4  sys.o(.text)
    INTX_DISABLE                             0x08002a65   Thumb Code     4  sys.o(.text)
    INTX_ENABLE                              0x08002a69   Thumb Code     4  sys.o(.text)
    _sys_exit                                0x08002a6d   Thumb Code     6  usart.o(.text)
    fputc                                    0x08002a73   Thumb Code    24  usart.o(.text)
    uart_init                                0x08002a8b   Thumb Code   152  usart.o(.text)
    USART1_IRQHandler                        0x08002b23   Thumb Code   122  usart.o(.text)
    LED_Init                                 0x08002bad   Thumb Code    68  led.o(.text)
    KEY_Init                                 0x08002c01   Thumb Code    82  key.o(.text)
    KEY_Scan                                 0x08002c53   Thumb Code   154  key.o(.text)
    LCD_WR_REG                               0x08002cfd   Thumb Code    60  lcd.o(.text)
    LCD_WR_DATAX                             0x08002d39   Thumb Code    60  lcd.o(.text)
    LCD_RD_DATA                              0x08002d75   Thumb Code   118  lcd.o(.text)
    LCD_WriteReg                             0x08002deb   Thumb Code    68  lcd.o(.text)
    LCD_ReadReg                              0x08002e2f   Thumb Code    16  lcd.o(.text)
    LCD_WriteRAM_Prepare                     0x08002e3f   Thumb Code    12  lcd.o(.text)
    LCD_WriteRAM                             0x08002e4b   Thumb Code    60  lcd.o(.text)
    LCD_BGR2RGB                              0x08002e87   Thumb Code    26  lcd.o(.text)
    LCD_SetCursor                            0x08002ea1   Thumb Code   860  lcd.o(.text)
    LCD_ReadPoint                            0x080031fd   Thumb Code   464  lcd.o(.text)
    LCD_DisplayOn                            0x080033cd   Thumb Code    80  lcd.o(.text)
    LCD_DisplayOff                           0x0800341d   Thumb Code    78  lcd.o(.text)
    LCD_Scan_Dir                             0x0800346b   Thumb Code  1504  lcd.o(.text)
    LCD_DrawPoint                            0x08003a4b   Thumb Code    76  lcd.o(.text)
    LCD_Fast_DrawPoint                       0x08003a97   Thumb Code   980  lcd.o(.text)
    LCD_Display_Dir                          0x08003e6b   Thumb Code   420  lcd.o(.text)
    LCD_Set_Window                           0x0800400f   Thumb Code  1212  lcd.o(.text)
    LCD_Clear                                0x080044cb   Thumb Code   164  lcd.o(.text)
    LCD_Init                                 0x0800456f   Thumb Code 14876  lcd.o(.text)
    LCD_Fill                                 0x08007f8b   Thumb Code   226  lcd.o(.text)
    LCD_Color_Fill                           0x0800806d   Thumb Code   140  lcd.o(.text)
    LCD_DrawLine                             0x080080f9   Thumb Code   176  lcd.o(.text)
    LCD_DrawRectangle                        0x080081a9   Thumb Code    80  lcd.o(.text)
    LCD_Draw_Circle                          0x080081f9   Thumb Code   176  lcd.o(.text)
    LCD_ShowChar                             0x080082a9   Thumb Code   272  lcd.o(.text)
    LCD_Pow                                  0x080083b9   Thumb Code    22  lcd.o(.text)
    LCD_ShowNum                              0x080083cf   Thumb Code   148  lcd.o(.text)
    LCD_ShowxNum                             0x08008463   Thumb Code   190  lcd.o(.text)
    LCD_ShowString                           0x08008521   Thumb Code   102  lcd.o(.text)
    SPI1_ReadWriteByte                       0x080085a1   Thumb Code    78  spi.o(.text)
    SPI1_Init                                0x080085ef   Thumb Code   108  spi.o(.text)
    SPI1_SetSpeed                            0x0800865b   Thumb Code    34  spi.o(.text)
    ENC28J60_Read_Op                         0x08008689   Thumb Code    60  enc28j60.o(.text)
    ENC28J60_Write_Op                        0x080086c5   Thumb Code    50  enc28j60.o(.text)
    ENC28J60_Set_Bank                        0x080086f7   Thumb Code    48  enc28j60.o(.text)
    ENC28J60_Read                            0x08008727   Thumb Code    20  enc28j60.o(.text)
    ENC28J60_Write                           0x0800873b   Thumb Code    24  enc28j60.o(.text)
    ENC28J60_PHY_Read                        0x08008753   Thumb Code    94  enc28j60.o(.text)
    ENC28J60_Get_Duplex                      0x080087b1   Thumb Code    16  enc28j60.o(.text)
    ENC28J60_PHY_Write                       0x080087c1   Thumb Code    60  enc28j60.o(.text)
    ENC28J60_Get_EREVID                      0x080087fd   Thumb Code    14  enc28j60.o(.text)
    ENC28J60_Init                            0x0800880b   Thumb Code   752  enc28j60.o(.text)
    ENC28J60_Read_Buf                        0x08008afb   Thumb Code    48  enc28j60.o(.text)
    ENC28J60_Write_Buf                       0x08008b2b   Thumb Code    42  enc28j60.o(.text)
    ENC28J60_Packet_Send                     0x08008b55   Thumb Code   154  enc28j60.o(.text)
    ENC28J60_Packet_Receive                  0x08008bef   Thumb Code   212  enc28j60.o(.text)
    ENC28J60_ISRHandler                      0x08008cc3   Thumb Code   180  enc28j60.o(.text)
    EXTI1_IRQHandler                         0x08008d77   Thumb Code    24  enc28j60.o(.text)
    FSMC_SRAM_Init                           0x08008df9   Thumb Code   182  sram.o(.text)
    FSMC_SRAM_WriteBuffer                    0x08008eaf   Thumb Code    24  sram.o(.text)
    FSMC_SRAM_ReadBuffer                     0x08008ec7   Thumb Code    22  sram.o(.text)
    fsmc_sram_test_write                     0x08008edd   Thumb Code    16  sram.o(.text)
    fsmc_sram_test_read                      0x08008eed   Thumb Code    20  sram.o(.text)
    TIM3_Int_Init                            0x08008f11   Thumb Code    90  timer.o(.text)
    TIM3_IRQHandler                          0x08008f6b   Thumb Code    34  timer.o(.text)
    DHT11_Rst1                               0x08008f95   Thumb Code    52  dht11.o(.text)
    DHT11_Rst2                               0x08008fc9   Thumb Code    54  dht11.o(.text)
    DHT11_Check1                             0x08008fff   Thumb Code    96  dht11.o(.text)
    DHT11_Read_Bit1                          0x0800905f   Thumb Code    76  dht11.o(.text)
    DHT11_Read_Bit2                          0x080090ab   Thumb Code    76  dht11.o(.text)
    DHT11_Read_Byte1                         0x080090f7   Thumb Code    30  dht11.o(.text)
    DHT11_Read_Byte2                         0x08009115   Thumb Code    30  dht11.o(.text)
    DHT11_Read_Data1                         0x08009133   Thumb Code    88  dht11.o(.text)
    DHT11_Init1                              0x0800918b   Thumb Code    54  dht11.o(.text)
    DHT11_test                               0x080091c1   Thumb Code   176  dht11.o(.text)
    EXTIX_Init                               0x080092d5   Thumb Code    76  exti.o(.text)
    EXTI0_IRQHandler                         0x08009321   Thumb Code     2  exti.o(.text)
    dianjiqudong                             0x08009325   Thumb Code    50  elengine.o(.text)
    Open_Elengine_1                          0x08009357   Thumb Code   104  elengine.o(.text)
    Open_Elengine_2                          0x080093bf   Thumb Code    34  elengine.o(.text)
    Close_Elengine_1                         0x080093e1   Thumb Code    30  elengine.o(.text)
    Close_Elengine_2                         0x080093ff   Thumb Code    32  elengine.o(.text)
    MOTOR_PWM_Init                           0x08009429   Thumb Code   184  motor.o(.text)
    usmart_sys_cmd_exe                       0x080094ed   Thumb Code  1554  usmart.o(.text)
    usmart_reset_runtime                     0x08009aff   Thumb Code    38  usmart.o(.text)
    usmart_get_runtime                       0x08009b25   Thumb Code    60  usmart.o(.text)
    TIM4_IRQHandler                          0x08009b61   Thumb Code    46  usmart.o(.text)
    Timer4_Init                              0x08009b8f   Thumb Code    88  usmart.o(.text)
    usmart_init                              0x08009be7   Thumb Code    36  usmart.o(.text)
    usmart_cmd_rec                           0x08009c0b   Thumb Code   170  usmart.o(.text)
    usmart_exe                               0x08009cb5   Thumb Code   870  usmart.o(.text)
    usmart_scan                              0x0800a01b   Thumb Code   120  usmart.o(.text)
    read_addr                                0x0800a093   Thumb Code     6  usmart.o(.text)
    write_addr                               0x0800a099   Thumb Code     4  usmart.o(.text)
    usmart_strcmp                            0x0800a125   Thumb Code    34  usmart_str.o(.text)
    usmart_strcopy                           0x0800a147   Thumb Code    22  usmart_str.o(.text)
    usmart_strlen                            0x0800a15d   Thumb Code    24  usmart_str.o(.text)
    usmart_pow                               0x0800a175   Thumb Code    22  usmart_str.o(.text)
    usmart_str2num                           0x0800a18b   Thumb Code   202  usmart_str.o(.text)
    usmart_get_cmdname                       0x0800a255   Thumb Code    54  usmart_str.o(.text)
    usmart_search_nextc                      0x0800a28b   Thumb Code    22  usmart_str.o(.text)
    usmart_get_fname                         0x0800a2a1   Thumb Code   440  usmart_str.o(.text)
    usmart_get_aparm                         0x0800a459   Thumb Code   200  usmart_str.o(.text)
    usmart_get_parmpos                       0x0800a521   Thumb Code    26  usmart_str.o(.text)
    usmart_get_fparam                        0x0800a53b   Thumb Code   262  usmart_str.o(.text)
    mymemcpy                                 0x0800a64d   Thumb Code    26  malloc.o(.text)
    mymemset                                 0x0800a667   Thumb Code    20  malloc.o(.text)
    my_mem_init                              0x0800a67b   Thumb Code    54  malloc.o(.text)
    my_mem_perused                           0x0800a6b1   Thumb Code    54  malloc.o(.text)
    my_mem_malloc                            0x0800a6e7   Thumb Code   162  malloc.o(.text)
    my_mem_free                              0x0800a789   Thumb Code    94  malloc.o(.text)
    myfree                                   0x0800a7e7   Thumb Code    32  malloc.o(.text)
    mymalloc                                 0x0800a807   Thumb Code    36  malloc.o(.text)
    myrealloc                                0x0800a82b   Thumb Code    68  malloc.o(.text)
    lwip_comm_mem_free                       0x0800a881   Thumb Code    24  lwip_comm.o(.text)
    lwip_comm_mem_malloc                     0x0800a899   Thumb Code    60  lwip_comm.o(.text)
    lwip_comm_default_ip_set                 0x0800a8d5   Thumb Code   102  lwip_comm.o(.text)
    lwip_comm_init                           0x0800a93b   Thumb Code   104  lwip_comm.o(.text)
    lwip_pkt_handle                          0x0800a9a3   Thumb Code    10  lwip_comm.o(.text)
    lwip_dhcp_process_handle                 0x0800a9ad   Thumb Code   418  lwip_comm.o(.text)
    lwip_periodic_handle                     0x0800ab4f   Thumb Code   138  lwip_comm.o(.text)
    initsardata                              0x0800ada9   Thumb Code    80  udp_demo.o(.text)
    udp_demo_set_remoteip                    0x0800adf9   Thumb Code   182  udp_demo.o(.text)
    udp_demo_connection_close                0x0800aeaf   Thumb Code    42  udp_demo.o(.text)
    setsendbuf                               0x0800aed9   Thumb Code   144  udp_demo.o(.text)
    setdata                                  0x0800af69   Thumb Code   236  udp_demo.o(.text)
    udp_demo_senddata                        0x0800b055   Thumb Code   132  udp_demo.o(.text)
    Message_processing                       0x0800b0d9   Thumb Code   534  udp_demo.o(.text)
    judge                                    0x0800b2ef   Thumb Code    72  udp_demo.o(.text)
    readrecv                                 0x0800b337   Thumb Code   104  udp_demo.o(.text)
    udp_demo_recv                            0x0800b39f   Thumb Code   184  udp_demo.o(.text)
    udp_demo_test                            0x0800b457   Thumb Code   330  udp_demo.o(.text)
    etharp_tmr                               0x0800b687   Thumb Code   136  etharp.o(.text)
    etharp_cleanup_netif                     0x0800ba11   Thumb Code   336  etharp.o(.text)
    etharp_find_addr                         0x0800bb61   Thumb Code   110  etharp.o(.text)
    etharp_request                           0x0800be13   Thumb Code    36  etharp.o(.text)
    etharp_query                             0x0800bec5   Thumb Code   660  etharp.o(.text)
    etharp_output                            0x0800c159   Thumb Code   388  etharp.o(.text)
    ethernet_input                           0x0800c2dd   Thumb Code   200  etharp.o(.text)
    ethernetif_input                         0x0800c507   Thumb Code    44  ethernetif.o(.text)
    ethernetif_init                          0x0800c533   Thumb Code    56  ethernetif.o(.text)
    icmp_input                               0x0800c61d   Thumb Code   506  icmp.o(.text)
    icmp_dest_unreach                        0x0800c89f   Thumb Code    18  icmp.o(.text)
    icmp_time_exceeded                       0x0800c8b1   Thumb Code    18  icmp.o(.text)
    inet_chksum_pseudo                       0x0800ca97   Thumb Code   162  inet_chksum.o(.text)
    inet_chksum_pseudo_partial               0x0800cb39   Thumb Code   210  inet_chksum.o(.text)
    inet_chksum                              0x0800cc0b   Thumb Code    20  inet_chksum.o(.text)
    inet_chksum_pbuf                         0x0800cc1f   Thumb Code    86  inet_chksum.o(.text)
    ip_route                                 0x0800ccdd   Thumb Code    76  ip.o(.text)
    ip_input                                 0x0800cd29   Thumb Code   440  ip.o(.text)
    ip_output_if                             0x0800cee1   Thumb Code   306  ip.o(.text)
    ip_output                                0x0800d013   Thumb Code    80  ip.o(.text)
    ip4_addr_isbroadcast                     0x0800d111   Thumb Code    78  ip_addr.o(.text)
    ip4_addr_netmask_valid                   0x0800d15f   Thumb Code    56  ip_addr.o(.text)
    ipaddr_aton                              0x0800d197   Thumb Code   364  ip_addr.o(.text)
    ipaddr_addr                              0x0800d303   Thumb Code    24  ip_addr.o(.text)
    ipaddr_ntoa_r                            0x0800d31b   Thumb Code   168  ip_addr.o(.text)
    ipaddr_ntoa                              0x0800d3c3   Thumb Code    16  ip_addr.o(.text)
    ip_reass_tmr                             0x0800d58d   Thumb Code    48  ip_frag.o(.text)
    ip_reass                                 0x0800d9cd   Thumb Code   386  ip_frag.o(.text)
    ip_frag                                  0x0800dbd5   Thumb Code   618  ip_frag.o(.text)
    lwip_htons                               0x0800de3f   Thumb Code    12  def.o(.text)
    lwip_ntohs                               0x0800de4b   Thumb Code    12  def.o(.text)
    lwip_htonl                               0x0800de57   Thumb Code    26  def.o(.text)
    lwip_ntohl                               0x0800de71   Thumb Code    12  def.o(.text)
    dhcp_renew                               0x0800e6fd   Thumb Code   132  dhcp.o(.text)
    dhcp_coarse_tmr                          0x0800e843   Thumb Code    62  dhcp.o(.text)
    dhcp_release                             0x0800e97b   Thumb Code   160  dhcp.o(.text)
    dhcp_fine_tmr                            0x0800ebcf   Thumb Code    64  dhcp.o(.text)
    dhcp_set_struct                          0x0800ec7f   Thumb Code   106  dhcp.o(.text)
    dhcp_cleanup                             0x0800ece9   Thumb Code   188  dhcp.o(.text)
    dhcp_stop                                0x0800eda5   Thumb Code   108  dhcp.o(.text)
    dhcp_start                               0x0800f42b   Thumb Code   276  dhcp.o(.text)
    dhcp_inform                              0x0800f53f   Thumb Code   192  dhcp.o(.text)
    dhcp_network_changed                     0x0800f5ff   Thumb Code   150  dhcp.o(.text)
    dhcp_arp_reply                           0x0800f713   Thumb Code    68  dhcp.o(.text)
    lwip_init                                0x0800f761   Thumb Code    28  init.o(.text)
    mem_init                                 0x0800f857   Thumb Code    78  mem.o(.text)
    mem_free                                 0x0800f8a5   Thumb Code   148  mem.o(.text)
    mem_trim                                 0x0800f939   Thumb Code   308  mem.o(.text)
    mem_malloc                               0x0800fa6d   Thumb Code   740  mem.o(.text)
    mem_calloc                               0x0800fd51   Thumb Code    34  mem.o(.text)
    memp_get_memorysize                      0x0800fe21   Thumb Code     8  memp.o(.text)
    memp_init                                0x0800fe29   Thumb Code    86  memp.o(.text)
    memp_malloc                              0x0800fe7f   Thumb Code    88  memp.o(.text)
    memp_free                                0x0800fed7   Thumb Code    58  memp.o(.text)
    netif_init                               0x0800ffd5   Thumb Code     2  netif.o(.text)
    netif_set_gw                             0x0800ffd7   Thumb Code    12  netif.o(.text)
    netif_set_netmask                        0x0800ffe3   Thumb Code    12  netif.o(.text)
    netif_set_ipaddr                         0x0800ffef   Thumb Code   110  netif.o(.text)
    netif_set_addr                           0x0801005d   Thumb Code    40  netif.o(.text)
    netif_add                                0x08010085   Thumb Code   120  netif.o(.text)
    netif_set_default                        0x080100fd   Thumb Code     6  netif.o(.text)
    netif_set_down                           0x08010103   Thumb Code    42  netif.o(.text)
    netif_remove                             0x0801012d   Thumb Code    90  netif.o(.text)
    netif_find                               0x08010187   Thumb Code    64  netif.o(.text)
    netif_set_up                             0x080101c7   Thumb Code    54  netif.o(.text)
    netif_set_link_up                        0x080101fd   Thumb Code    66  netif.o(.text)
    netif_set_link_down                      0x0801023f   Thumb Code    24  netif.o(.text)
    pbuf_free                                0x080102d5   Thumb Code   244  pbuf.o(.text)
    pbuf_alloc                               0x080103c9   Thumb Code   644  pbuf.o(.text)
    pbuf_alloced_custom                      0x0801064d   Thumb Code   674  pbuf.o(.text)
    pbuf_realloc                             0x080108ef   Thumb Code   268  pbuf.o(.text)
    pbuf_header                              0x080109fb   Thumb Code   206  pbuf.o(.text)
    pbuf_clen                                0x08010ac9   Thumb Code    18  pbuf.o(.text)
    pbuf_ref                                 0x08010adb   Thumb Code    10  pbuf.o(.text)
    pbuf_cat                                 0x08010ae5   Thumb Code   138  pbuf.o(.text)
    pbuf_chain                               0x08010b6f   Thumb Code    22  pbuf.o(.text)
    pbuf_dechain                             0x08010b85   Thumb Code   122  pbuf.o(.text)
    pbuf_copy                                0x08010bff   Thumb Code   814  pbuf.o(.text)
    pbuf_copy_partial                        0x08010f2d   Thumb Code   190  pbuf.o(.text)
    pbuf_take                                0x08010feb   Thumb Code   210  pbuf.o(.text)
    pbuf_coalesce                            0x080110bd   Thumb Code    84  pbuf.o(.text)
    pbuf_get_at                              0x08011111   Thumb Code    46  pbuf.o(.text)
    pbuf_memcmp                              0x0801113f   Thumb Code    96  pbuf.o(.text)
    pbuf_memfind                             0x0801119f   Thumb Code    76  pbuf.o(.text)
    pbuf_strstr                              0x080111eb   Thumb Code    60  pbuf.o(.text)
    raw_input                                0x08011311   Thumb Code   102  raw.o(.text)
    raw_bind                                 0x08011377   Thumb Code    16  raw.o(.text)
    raw_connect                              0x08011387   Thumb Code    16  raw.o(.text)
    raw_recv                                 0x08011397   Thumb Code     6  raw.o(.text)
    raw_sendto                               0x0801139d   Thumb Code   178  raw.o(.text)
    raw_send                                 0x0801144f   Thumb Code    18  raw.o(.text)
    raw_remove                               0x08011461   Thumb Code    60  raw.o(.text)
    raw_new                                  0x0801149d   Thumb Code    42  raw.o(.text)
    tcp_init                                 0x0801154d   Thumb Code     2  tcp.o(.text)
    tcp_seg_free                             0x0801154f   Thumb Code    26  tcp.o(.text)
    tcp_segs_free                            0x08011569   Thumb Code    24  tcp.o(.text)
    tcp_pcb_purge                            0x08011581   Thumb Code    64  tcp.o(.text)
    tcp_slowtmr                              0x080115c1   Thumb Code  1420  tcp.o(.text)
    tcp_pcb_remove                           0x08011b4d   Thumb Code   192  tcp.o(.text)
    tcp_close                                0x08011dd9   Thumb Code    28  tcp.o(.text)
    tcp_update_rcv_ann_wnd                   0x08011df5   Thumb Code   106  tcp.o(.text)
    tcp_recved                               0x08011e5f   Thumb Code   132  tcp.o(.text)
    tcp_recv_null                            0x08011ee3   Thumb Code   298  tcp.o(.text)
    tcp_process_refused_data                 0x0801200d   Thumb Code   140  tcp.o(.text)
    tcp_fasttmr                              0x08012099   Thumb Code   110  tcp.o(.text)
    tcp_tmr                                  0x08012107   Thumb Code    30  tcp.o(.text)
    tcp_shutdown                             0x08012125   Thumb Code    98  tcp.o(.text)
    tcp_abandon                              0x08012187   Thumb Code   164  tcp.o(.text)
    tcp_abort                                0x0801222b   Thumb Code    14  tcp.o(.text)
    tcp_bind                                 0x08012299   Thumb Code   166  tcp.o(.text)
    tcp_listen_with_backlog                  0x08012347   Thumb Code   222  tcp.o(.text)
    tcp_eff_send_mss                         0x08012425   Thumb Code    46  tcp.o(.text)
    tcp_next_iss                             0x08012453   Thumb Code    20  tcp.o(.text)
    tcp_connect                              0x08012467   Thumb Code   580  tcp.o(.text)
    tcp_setprio                              0x080126ab   Thumb Code     4  tcp.o(.text)
    tcp_alloc                                0x0801272d   Thumb Code   174  tcp.o(.text)
    tcp_new                                  0x080127db   Thumb Code    10  tcp.o(.text)
    tcp_arg                                  0x080127e5   Thumb Code     4  tcp.o(.text)
    tcp_recv                                 0x080127e9   Thumb Code    42  tcp.o(.text)
    tcp_sent                                 0x08012813   Thumb Code    42  tcp.o(.text)
    tcp_err                                  0x0801283d   Thumb Code    44  tcp.o(.text)
    tcp_accept                               0x08012869   Thumb Code     4  tcp.o(.text)
    tcp_poll                                 0x0801286d   Thumb Code    50  tcp.o(.text)
    tcp_debug_state_str                      0x0801289f   Thumb Code    10  tcp.o(.text)
    tcp_input                                0x08013aad   Thumb Code  1682  tcp_in.o(.text)
    tcp_enqueue_flags                        0x08014281   Thumb Code   396  tcp_out.o(.text)
    tcp_send_fin                             0x0801440d   Thumb Code    74  tcp_out.o(.text)
    tcp_write                                0x080146e3   Thumb Code  1564  tcp_out.o(.text)
    tcp_send_empty_ack                       0x08014cff   Thumb Code    96  tcp_out.o(.text)
    tcp_output                               0x08014e3f   Thumb Code   662  tcp_out.o(.text)
    tcp_rst                                  0x080150d5   Thumb Code   172  tcp_out.o(.text)
    tcp_rexmit_rto                           0x08015181   Thumb Code    58  tcp_out.o(.text)
    tcp_rexmit                               0x080151bb   Thumb Code    90  tcp_out.o(.text)
    tcp_rexmit_fast                          0x08015215   Thumb Code   112  tcp_out.o(.text)
    tcp_keepalive                            0x08015285   Thumb Code    86  tcp_out.o(.text)
    tcp_zero_window_probe                    0x080152db   Thumb Code   182  tcp_out.o(.text)
    sys_timeout                              0x08015391   Thumb Code   174  timers.o(.text)
    tcp_timer_needed                         0x08015467   Thumb Code    38  timers.o(.text)
    sys_timeouts_init                        0x080154e5   Thumb Code    60  timers.o(.text)
    sys_untimeout                            0x08015521   Thumb Code    90  timers.o(.text)
    sys_check_timeouts                       0x0801557b   Thumb Code    92  timers.o(.text)
    sys_restart_timeouts                     0x080155d7   Thumb Code    12  timers.o(.text)
    udp_init                                 0x080156a1   Thumb Code     2  udp.o(.text)
    udp_input                                0x080156f3   Thumb Code   518  udp.o(.text)
    udp_bind                                 0x080158f9   Thumb Code   146  udp.o(.text)
    udp_sendto_if                            0x0801598b   Thumb Code   466  udp.o(.text)
    udp_sendto                               0x08015b5d   Thumb Code    46  udp.o(.text)
    udp_send                                 0x08015b8b   Thumb Code    20  udp.o(.text)
    udp_connect                              0x08015b9f   Thumb Code    94  udp.o(.text)
    udp_disconnect                           0x08015bfd   Thumb Code    16  udp.o(.text)
    udp_recv                                 0x08015c0d   Thumb Code     6  udp.o(.text)
    udp_remove                               0x08015c13   Thumb Code    60  udp.o(.text)
    udp_new                                  0x08015c4f   Thumb Code    28  udp.o(.text)
    sys_now                                  0x08015c71   Thumb Code     6  sys_arch.o(.text)
    __use_no_semihosting                     0x08015c7d   Thumb Code     2  use_no_semi_2.o(.text)
    __2printf                                0x08015c81   Thumb Code    20  noretval__2printf.o(.text)
    __2sprintf                               0x08015c99   Thumb Code    34  noretval__2sprintf.o(.text)
    _printf_pre_padding                      0x08015cc1   Thumb Code    44  _printf_pad.o(.text)
    _printf_post_padding                     0x08015ced   Thumb Code    34  _printf_pad.o(.text)
    _printf_str                              0x08015d0f   Thumb Code    82  _printf_str.o(.text)
    _printf_int_dec                          0x08015d61   Thumb Code   104  _printf_dec.o(.text)
    _printf_int_hex                          0x08015dd9   Thumb Code    84  _printf_hex_int.o(.text)
    _printf_longlong_hex                     0x08015dd9   Thumb Code     0  _printf_hex_int.o(.text)
    __printf                                 0x08015e31   Thumb Code   388  __printf_flags_ss_wp.o(.text)
    memcmp                                   0x08015fb9   Thumb Code    88  memcmp.o(.text)
    strlen                                   0x08016011   Thumb Code    62  strlen.o(.text)
    __aeabi_memcpy                           0x0801604f   Thumb Code     0  rt_memcpy_v6.o(.text)
    __rt_memcpy                              0x0801604f   Thumb Code   138  rt_memcpy_v6.o(.text)
    _memcpy_lastbytes                        0x080160b5   Thumb Code     0  rt_memcpy_v6.o(.text)
    __aeabi_memclr                           0x080160d9   Thumb Code     0  rt_memclr.o(.text)
    __rt_memclr                              0x080160d9   Thumb Code    68  rt_memclr.o(.text)
    _memset                                  0x080160dd   Thumb Code     0  rt_memclr.o(.text)
    __aeabi_memclr4                          0x0801611d   Thumb Code     0  rt_memclr_w.o(.text)
    __aeabi_memclr8                          0x0801611d   Thumb Code     0  rt_memclr_w.o(.text)
    __rt_memclr_w                            0x0801611d   Thumb Code    78  rt_memclr_w.o(.text)
    _memset_w                                0x08016121   Thumb Code     0  rt_memclr_w.o(.text)
    __use_two_region_memory                  0x0801616b   Thumb Code     2  heapauxi.o(.text)
    __rt_heap_escrow$2region                 0x0801616d   Thumb Code     2  heapauxi.o(.text)
    __rt_heap_expand$2region                 0x0801616f   Thumb Code     2  heapauxi.o(.text)
    __I$use$semihosting                      0x08016171   Thumb Code     0  use_no_semi.o(.text)
    __use_no_semihosting_swi                 0x08016171   Thumb Code     2  use_no_semi.o(.text)
    _printf_int_common                       0x08016173   Thumb Code   178  _printf_intcommon.o(.text)
    _printf_char_common                      0x0801622f   Thumb Code    32  _printf_char_common.o(.text)
    _sputc                                   0x08016255   Thumb Code    10  _sputc.o(.text)
    _printf_cs_common                        0x0801625f   Thumb Code    20  _printf_char.o(.text)
    _printf_char                             0x08016273   Thumb Code    16  _printf_char.o(.text)
    _printf_string                           0x08016283   Thumb Code     8  _printf_char.o(.text)
    _printf_char_file                        0x0801628d   Thumb Code    32  _printf_char_file.o(.text)
    __aeabi_memcpy4                          0x080162b1   Thumb Code     0  rt_memcpy_w.o(.text)
    __aeabi_memcpy8                          0x080162b1   Thumb Code     0  rt_memcpy_w.o(.text)
    __rt_memcpy_w                            0x080162b1   Thumb Code   100  rt_memcpy_w.o(.text)
    _memcpy_lastbytes_aligned                0x080162f9   Thumb Code     0  rt_memcpy_w.o(.text)
    ferror                                   0x08016315   Thumb Code     8  ferror.o(.text)
    __user_setup_stackheap                   0x0801631d   Thumb Code    74  sys_stackheap_outer.o(.text)
    exit                                     0x08016367   Thumb Code    12  exit.o(.text)
    __user_libspace                          0x08016375   Thumb Code     8  libspace.o(.text)
    __user_perproc_libspace                  0x08016375   Thumb Code     0  libspace.o(.text)
    __user_perthread_libspace                0x08016375   Thumb Code     0  libspace.o(.text)
    _is_digit                                0x0801637d   Thumb Code    14  __printf_wp.o(i._is_digit)
    asc2_1206                                0x0801638a   Data        1140  lcd.o(.constdata)
    asc2_1608                                0x080167fe   Data        1520  lcd.o(.constdata)
    asc2_2412                                0x08016dee   Data        3420  lcd.o(.constdata)
    memtblsize                               0x08017b4c   Data           8  malloc.o(.constdata)
    memblksize                               0x08017b54   Data           8  malloc.o(.constdata)
    memsize                                  0x08017b5c   Data           8  malloc.o(.constdata)
    ethbroadcast                             0x08017b64   Data           6  etharp.o(.constdata)
    ethzero                                  0x08017b6a   Data           6  etharp.o(.constdata)
    ip_addr_any                              0x08017b70   Data           4  ip_addr.o(.constdata)
    ip_addr_broadcast                        0x08017b74   Data           4  ip_addr.o(.constdata)
    tcp_state_str                            0x08017ba0   Data          44  tcp.o(.constdata)
    tcp_backoff                              0x08017bcc   Data          13  tcp.o(.constdata)
    tcp_persist_backoff                      0x08017bd9   Data           7  tcp.o(.constdata)
    tcp_pcb_lists                            0x08017be0   Data          16  tcp.o(.constdata)
    Region$$Table$$Base                      0x08017ef0   Number         0  anon$$obj.o(Region$$Table)
    Region$$Table$$Limit                     0x08017f10   Number         0  anon$$obj.o(Region$$Table)
    SystemCoreClock                          0x20000000   Data           4  system_stm32f10x.o(.data)
    AHBPrescTable                            0x20000004   Data          16  system_stm32f10x.o(.data)
    __stdout                                 0x2000002c   Data           4  usart.o(.data)
    USART_RX_STA                             0x20000030   Data           2  usart.o(.data)
    POINT_COLOR                              0x20000034   Data           2  lcd.o(.data)
    BACK_COLOR                               0x20000036   Data           2  lcd.o(.data)
    temp1                                    0x20000038   Data           1  dht11.o(.data)
    temp2                                    0x20000039   Data           1  dht11.o(.data)
    humi1                                    0x2000003a   Data           1  dht11.o(.data)
    humi2                                    0x2000003b   Data           1  dht11.o(.data)
    sys_cmd_tab                              0x2000003c   Data          28  usmart.o(.data)
    usmart_nametab                           0x20000058   Data          64  usmart_config.o(.data)
    usmart_dev                               0x20000098   Data         244  usmart_config.o(.data)
    mallco_dev                               0x2000018c   Data          28  malloc.o(.data)
    TCPTimer                                 0x200001a8   Data           4  lwip_comm.o(.data)
    ARPTimer                                 0x200001ac   Data           4  lwip_comm.o(.data)
    lwip_localtime                           0x200001b0   Data           4  lwip_comm.o(.data)
    DHCPfineTimer                            0x200001b4   Data           4  lwip_comm.o(.data)
    DHCPcoarseTimer                          0x200001b8   Data           4  lwip_comm.o(.data)
    udp_demo_sendbuf                         0x200001bc   Data           4  udp_demo.o(.data)
    elengine_wyx                             0x200001c0   Data           1  udp_demo.o(.data)
    udp_demo_flag                            0x200001c1   Data           1  udp_demo.o(.data)
    current_netif                            0x200001c4   Data           4  ip.o(.data)
    current_header                           0x200001c8   Data           4  ip.o(.data)
    current_iphdr_src                        0x200001cc   Data           4  ip.o(.data)
    current_iphdr_dest                       0x200001d0   Data           4  ip.o(.data)
    ram_heap                                 0x200001e4   Data           4  mem.o(.data)
    memp_memory                              0x200001f4   Data           4  memp.o(.data)
    netif_list                               0x200001f8   Data           4  netif.o(.data)
    netif_default                            0x200001fc   Data           4  netif.o(.data)
    tcp_ticks                                0x2000020c   Data           4  tcp.o(.data)
    tcp_bound_pcbs                           0x20000210   Data           4  tcp.o(.data)
    tcp_listen_pcbs                          0x20000214   Data           4  tcp.o(.data)
    tcp_active_pcbs                          0x20000218   Data           4  tcp.o(.data)
    tcp_tw_pcbs                              0x2000021c   Data           4  tcp.o(.data)
    tcp_tmp_pcb                              0x20000220   Data           4  tcp.o(.data)
    tcp_active_pcbs_changed                  0x20000224   Data           1  tcp.o(.data)
    tcp_input_pcb                            0x20000248   Data           4  tcp_in.o(.data)
    udp_pcbs                                 0x2000025c   Data           4  udp.o(.data)
    USART_RX_BUF                             0x20000260   Data         200  usart.o(.bss)
    lcddev                                   0x20000328   Data          14  lcd.o(.bss)
    SPI_InitStructure                        0x20000336   Data          18  spi.o(.bss)
    enc28j60_dev                             0x20000348   Data          16  enc28j60.o(.bss)
    mem1base                                 0x20000358   Data       40960  malloc.o(.bss)
    mem1mapbase                              0x2000a358   Data        2560  malloc.o(.bss)
    lwipdev                                  0x2000ad58   Data          23  lwip_comm.o(.bss)
    lwip_netif                               0x2000ad70   Data          52  lwip_comm.o(.bss)
    udp_demo_recvbuf                         0x2000ada4   Data        2000  udp_demo.o(.bss)
    sendrecv                                 0x2000b574   Data          18  udp_demo.o(.bss)
    dhcp_rx_options_val                      0x2000b660   Data          40  dhcp.o(.bss)
    dhcp_rx_options_given                    0x2000b688   Data          10  dhcp.o(.bss)
    __libspace_start                         0x2000b6cc   Data          96  libspace.o(.bss)
    __temporary_stack_top$libspace           0x2000b72c   Data           0  libspace.o(.bss)
    mem2base                                 0x68000000   Data       196608  malloc.o(.ARM.__AT_0x68000000)
    mem2mapbase                              0x68030000   Data       12288  malloc.o(.ARM.__AT_0x68030000)



==============================================================================

Memory Map of the image

  Image Entry point : 0x08000131

  Load Region LR_IROM1 (Base: 0x08000000, Size: 0x00018170, Max: 0x00040000, ABSOLUTE, COMPRESSED[0x00017fb4])

    Execution Region ER_IROM1 (Base: 0x08000000, Size: 0x00017f10, Max: 0x00040000, ABSOLUTE)

    Base Addr    Size         Type   Attr      Idx    E Section Name        Object

    0x08000000   0x00000130   Data   RO          296    RESET               startup_stm32f10x_hd.o
    0x08000130   0x00000008   Code   RO         1407  * !!!main             c_w.l(__main.o)
    0x08000138   0x00000034   Code   RO         1582    !!!scatter          c_w.l(__scatter.o)
    0x0800016c   0x0000005a   Code   RO         1580    !!dczerorl2         c_w.l(__dczerorl2.o)
    0x080001c6   0x00000002   PAD
    0x080001c8   0x0000001c   Code   RO         1584    !!handler_zi        c_w.l(__scatter_zi.o)
    0x080001e4   0x00000000   Code   RO         1394    .ARM.Collect$$_printf_percent$$00000000  c_w.l(_printf_percent.o)
    0x080001e4   0x00000006   Code   RO         1392    .ARM.Collect$$_printf_percent$$00000009  c_w.l(_printf_d.o)
    0x080001ea   0x00000006   Code   RO         1393    .ARM.Collect$$_printf_percent$$0000000A  c_w.l(_printf_u.o)
    0x080001f0   0x00000006   Code   RO         1391    .ARM.Collect$$_printf_percent$$0000000C  c_w.l(_printf_x.o)
    0x080001f6   0x00000006   Code   RO         1389    .ARM.Collect$$_printf_percent$$00000013  c_w.l(_printf_c.o)
    0x080001fc   0x00000006   Code   RO         1390    .ARM.Collect$$_printf_percent$$00000014  c_w.l(_printf_s.o)
    0x08000202   0x00000004   Code   RO         1422    .ARM.Collect$$_printf_percent$$00000017  c_w.l(_printf_percent_end.o)
    0x08000206   0x00000002   Code   RO         1455    .ARM.Collect$$libinit$$00000000  c_w.l(libinit.o)
    0x08000208   0x00000000   Code   RO         1462    .ARM.Collect$$libinit$$00000002  c_w.l(libinit2.o)
    0x08000208   0x00000000   Code   RO         1464    .ARM.Collect$$libinit$$00000004  c_w.l(libinit2.o)
    0x08000208   0x00000000   Code   RO         1467    .ARM.Collect$$libinit$$0000000A  c_w.l(libinit2.o)
    0x08000208   0x00000000   Code   RO         1469    .ARM.Collect$$libinit$$0000000C  c_w.l(libinit2.o)
    0x08000208   0x00000000   Code   RO         1471    .ARM.Collect$$libinit$$0000000E  c_w.l(libinit2.o)
    0x08000208   0x00000000   Code   RO         1474    .ARM.Collect$$libinit$$00000011  c_w.l(libinit2.o)
    0x08000208   0x00000000   Code   RO         1476    .ARM.Collect$$libinit$$00000013  c_w.l(libinit2.o)
    0x08000208   0x00000000   Code   RO         1478    .ARM.Collect$$libinit$$00000015  c_w.l(libinit2.o)
    0x08000208   0x00000000   Code   RO         1480    .ARM.Collect$$libinit$$00000017  c_w.l(libinit2.o)
    0x08000208   0x00000000   Code   RO         1482    .ARM.Collect$$libinit$$00000019  c_w.l(libinit2.o)
    0x08000208   0x00000000   Code   RO         1484    .ARM.Collect$$libinit$$0000001B  c_w.l(libinit2.o)
    0x08000208   0x00000000   Code   RO         1486    .ARM.Collect$$libinit$$0000001D  c_w.l(libinit2.o)
    0x08000208   0x00000000   Code   RO         1488    .ARM.Collect$$libinit$$0000001F  c_w.l(libinit2.o)
    0x08000208   0x00000000   Code   RO         1490    .ARM.Collect$$libinit$$00000021  c_w.l(libinit2.o)
    0x08000208   0x00000000   Code   RO         1492    .ARM.Collect$$libinit$$00000023  c_w.l(libinit2.o)
    0x08000208   0x00000000   Code   RO         1494    .ARM.Collect$$libinit$$00000025  c_w.l(libinit2.o)
    0x08000208   0x00000000   Code   RO         1498    .ARM.Collect$$libinit$$0000002C  c_w.l(libinit2.o)
    0x08000208   0x00000000   Code   RO         1500    .ARM.Collect$$libinit$$0000002E  c_w.l(libinit2.o)
    0x08000208   0x00000000   Code   RO         1502    .ARM.Collect$$libinit$$00000030  c_w.l(libinit2.o)
    0x08000208   0x00000000   Code   RO         1504    .ARM.Collect$$libinit$$00000032  c_w.l(libinit2.o)
    0x08000208   0x00000002   Code   RO         1505    .ARM.Collect$$libinit$$00000033  c_w.l(libinit2.o)
    0x0800020a   0x00000002   Code   RO         1523    .ARM.Collect$$libshutdown$$00000000  c_w.l(libshutdown.o)
    0x0800020c   0x00000000   Code   RO         1534    .ARM.Collect$$libshutdown$$00000003  c_w.l(libshutdown2.o)
    0x0800020c   0x00000000   Code   RO         1537    .ARM.Collect$$libshutdown$$00000006  c_w.l(libshutdown2.o)
    0x0800020c   0x00000000   Code   RO         1540    .ARM.Collect$$libshutdown$$00000009  c_w.l(libshutdown2.o)
    0x0800020c   0x00000000   Code   RO         1542    .ARM.Collect$$libshutdown$$0000000B  c_w.l(libshutdown2.o)
    0x0800020c   0x00000000   Code   RO         1545    .ARM.Collect$$libshutdown$$0000000E  c_w.l(libshutdown2.o)
    0x0800020c   0x00000002   Code   RO         1546    .ARM.Collect$$libshutdown$$0000000F  c_w.l(libshutdown2.o)
    0x0800020e   0x00000000   Code   RO         1411    .ARM.Collect$$rtentry$$00000000  c_w.l(__rtentry.o)
    0x0800020e   0x00000000   Code   RO         1426    .ARM.Collect$$rtentry$$00000002  c_w.l(__rtentry2.o)
    0x0800020e   0x00000006   Code   RO         1438    .ARM.Collect$$rtentry$$00000004  c_w.l(__rtentry4.o)
    0x08000214   0x00000000   Code   RO         1428    .ARM.Collect$$rtentry$$00000009  c_w.l(__rtentry2.o)
    0x08000214   0x00000004   Code   RO         1429    .ARM.Collect$$rtentry$$0000000A  c_w.l(__rtentry2.o)
    0x08000218   0x00000000   Code   RO         1431    .ARM.Collect$$rtentry$$0000000C  c_w.l(__rtentry2.o)
    0x08000218   0x00000008   Code   RO         1432    .ARM.Collect$$rtentry$$0000000D  c_w.l(__rtentry2.o)
    0x08000220   0x00000002   Code   RO         1459    .ARM.Collect$$rtexit$$00000000  c_w.l(rtexit.o)
    0x08000222   0x00000000   Code   RO         1507    .ARM.Collect$$rtexit$$00000002  c_w.l(rtexit2.o)
    0x08000222   0x00000004   Code   RO         1508    .ARM.Collect$$rtexit$$00000003  c_w.l(rtexit2.o)
    0x08000226   0x00000006   Code   RO         1509    .ARM.Collect$$rtexit$$00000004  c_w.l(rtexit2.o)
    0x0800022c   0x000000f0   Code   RO            1    .text               main.o
    0x0800031c   0x0000001a   Code   RO          224    .text               stm32f10x_it.o
    0x08000336   0x00000002   PAD
    0x08000338   0x000001e0   Code   RO          265    .text               system_stm32f10x.o
    0x08000518   0x00000040   Code   RO          297    .text               startup_stm32f10x_hd.o
    0x08000558   0x000000dc   Code   RO          301    .text               misc.o
    0x08000634   0x000003a4   Code   RO          313    .text               stm32f10x_rcc.o
    0x080009d8   0x0000030c   Code   RO          327    .text               stm32f10x_spi.o
    0x08000ce4   0x00000408   Code   RO          339    .text               stm32f10x_usart.o
    0x080010ec   0x0000035c   Code   RO          351    .text               stm32f10x_gpio.o
    0x08001448   0x0000060c   Code   RO          363    .text               stm32f10x_fsmc.o
    0x08001a54   0x00000e1a   Code   RO          375    .text               stm32f10x_tim.o
    0x0800286e   0x00000002   PAD
    0x08002870   0x0000011c   Code   RO          387    .text               stm32f10x_exti.o
    0x0800298c   0x000000d4   Code   RO          399    .text               delay.o
    0x08002a60   0x0000000c   Code   RO          414    .text               sys.o
    0x08002a6c   0x00000140   Code   RO          429    .text               usart.o
    0x08002bac   0x00000054   Code   RO          452    .text               led.o
    0x08002c00   0x000000fc   Code   RO          464    .text               key.o
    0x08002cfc   0x000058a4   Code   RO          477    .text               lcd.o
    0x080085a0   0x000000e8   Code   RO          500    .text               spi.o
    0x08008688   0x00000770   Code   RO          518    .text               enc28j60.o
    0x08008df8   0x00000118   Code   RO          544    .text               sram.o
    0x08008f10   0x00000084   Code   RO          556    .text               timer.o
    0x08008f94   0x00000340   Code   RO          569    .text               dht11.o
    0x080092d4   0x0000004e   Code   RO          587    .text               exti.o
    0x08009322   0x00000002   PAD
    0x08009324   0x00000104   Code   RO          599    .text               elengine.o
    0x08009428   0x000000c4   Code   RO          611    .text               motor.o
    0x080094ec   0x00000c38   Code   RO          623    .text               usmart.o
    0x0800a124   0x00000528   Code   RO          639    .text               usmart_str.o
    0x0800a64c   0x00000234   Code   RO          664    .text               malloc.o
    0x0800a880   0x00000528   Code   RO          686    .text               lwip_comm.o
    0x0800ada8   0x000008a4   Code   RO          749    .text               udp_demo.o
    0x0800b64c   0x00000dc0   Code   RO          793    .text               etharp.o
    0x0800c40c   0x00000210   Code   RO          823    .text               ethernetif.o
    0x0800c61c   0x0000041c   Code   RO          859    .text               icmp.o
    0x0800ca38   0x000002a4   Code   RO          904    .text               inet_chksum.o
    0x0800ccdc   0x00000434   Code   RO          919    .text               ip.o
    0x0800d110   0x0000032c   Code   RO          949    .text               ip_addr.o
    0x0800d43c   0x00000a02   Code   RO          972    .text               ip_frag.o
    0x0800de3e   0x0000003e   Code   RO          989    .text               def.o
    0x0800de7c   0x000018e4   Code   RO         1001    .text               dhcp.o
    0x0800f760   0x0000001c   Code   RO         1027    .text               init.o
    0x0800f77c   0x000006a4   Code   RO         1060    .text               mem.o
    0x0800fe20   0x000001b4   Code   RO         1075    .text               memp.o
    0x0800ffd4   0x00000300   Code   RO         1101    .text               netif.o
    0x080102d4   0x0000103c   Code   RO         1123    .text               pbuf.o
    0x08011310   0x0000023c   Code   RO         1135    .text               raw.o
    0x0801154c   0x00001418   Code   RO         1155    .text               tcp.o
    0x08012964   0x000017da   Code   RO         1179    .text               tcp_in.o
    0x0801413e   0x00000002   PAD
    0x08014140   0x00001250   Code   RO         1202    .text               tcp_out.o
    0x08015390   0x00000310   Code   RO         1215    .text               timers.o
    0x080156a0   0x000005d0   Code   RO         1229    .text               udp.o
    0x08015c70   0x0000000c   Code   RO         1258    .text               sys_arch.o
    0x08015c7c   0x00000002   Code   RO         1330    .text               c_w.l(use_no_semi_2.o)
    0x08015c7e   0x00000002   PAD
    0x08015c80   0x00000018   Code   RO         1336    .text               c_w.l(noretval__2printf.o)
    0x08015c98   0x00000028   Code   RO         1338    .text               c_w.l(noretval__2sprintf.o)
    0x08015cc0   0x0000004e   Code   RO         1342    .text               c_w.l(_printf_pad.o)
    0x08015d0e   0x00000052   Code   RO         1344    .text               c_w.l(_printf_str.o)
    0x08015d60   0x00000078   Code   RO         1346    .text               c_w.l(_printf_dec.o)
    0x08015dd8   0x00000058   Code   RO         1351    .text               c_w.l(_printf_hex_int.o)
    0x08015e30   0x00000188   Code   RO         1386    .text               c_w.l(__printf_flags_ss_wp.o)
    0x08015fb8   0x00000058   Code   RO         1395    .text               c_w.l(memcmp.o)
    0x08016010   0x0000003e   Code   RO         1397    .text               c_w.l(strlen.o)
    0x0801604e   0x0000008a   Code   RO         1399    .text               c_w.l(rt_memcpy_v6.o)
    0x080160d8   0x00000044   Code   RO         1401    .text               c_w.l(rt_memclr.o)
    0x0801611c   0x0000004e   Code   RO         1403    .text               c_w.l(rt_memclr_w.o)
    0x0801616a   0x00000006   Code   RO         1405    .text               c_w.l(heapauxi.o)
    0x08016170   0x00000002   Code   RO         1409    .text               c_w.l(use_no_semi.o)
    0x08016172   0x000000b2   Code   RO         1412    .text               c_w.l(_printf_intcommon.o)
    0x08016224   0x00000030   Code   RO         1414    .text               c_w.l(_printf_char_common.o)
    0x08016254   0x0000000a   Code   RO         1416    .text               c_w.l(_sputc.o)
    0x0801625e   0x0000002c   Code   RO         1418    .text               c_w.l(_printf_char.o)
    0x0801628a   0x00000002   PAD
    0x0801628c   0x00000024   Code   RO         1420    .text               c_w.l(_printf_char_file.o)
    0x080162b0   0x00000064   Code   RO         1423    .text               c_w.l(rt_memcpy_w.o)
    0x08016314   0x00000008   Code   RO         1442    .text               c_w.l(ferror.o)
    0x0801631c   0x0000004a   Code   RO         1446    .text               c_w.l(sys_stackheap_outer.o)
    0x08016366   0x0000000c   Code   RO         1448    .text               c_w.l(exit.o)
    0x08016372   0x00000002   PAD
    0x08016374   0x00000008   Code   RO         1456    .text               c_w.l(libspace.o)
    0x0801637c   0x0000000e   Code   RO         1379    i._is_digit         c_w.l(__printf_wp.o)
    0x0801638a   0x000017c0   Data   RO          479    .constdata          lcd.o
    0x08017b4a   0x00000002   PAD
    0x08017b4c   0x00000018   Data   RO          668    .constdata          malloc.o
    0x08017b64   0x0000000c   Data   RO          795    .constdata          etharp.o
    0x08017b70   0x00000008   Data   RO          951    .constdata          ip_addr.o
    0x08017b78   0x00000028   Data   RO         1077    .constdata          memp.o
    0x08017ba0   0x00000050   Data   RO         1156    .constdata          tcp.o
    0x08017bf0   0x00000028   Data   RO         1352    .constdata          c_w.l(_printf_hex_int.o)
    0x08017c18   0x00000011   Data   RO         1387    .constdata          c_w.l(__printf_flags_ss_wp.o)
    0x08017c29   0x00000003   PAD
    0x08017c2c   0x00000028   Data   RO          624    .conststring        usmart.o
    0x08017c54   0x000000fb   Data   RO          651    .conststring        usmart_config.o
    0x08017d4f   0x00000001   PAD
    0x08017d50   0x00000044   Data   RO          796    .conststring        etharp.o
    0x08017d94   0x0000008c   Data   RO         1003    .conststring        dhcp.o
    0x08017e20   0x00000075   Data   RO         1157    .conststring        tcp.o
    0x08017e95   0x00000003   PAD
    0x08017e98   0x00000055   Data   RO         1203    .conststring        tcp_out.o
    0x08017eed   0x00000003   PAD
    0x08017ef0   0x00000020   Data   RO         1578    Region$$Table       anon$$obj.o


    Execution Region RW_IRAM1 (Base: 0x20000000, Size: 0x0000bd30, Max: 0x0000c000, ABSOLUTE, COMPRESSED[0x000000a4])

    Base Addr    Size         Type   Attr      Idx    E Section Name        Object

    0x20000000   0x00000014   Data   RW          266    .data               system_stm32f10x.o
    0x20000014   0x00000014   Data   RW          314    .data               stm32f10x_rcc.o
    0x20000028   0x00000004   Data   RW          400    .data               delay.o
    0x2000002c   0x00000006   Data   RW          431    .data               usart.o
    0x20000032   0x00000001   Data   RW          465    .data               key.o
    0x20000033   0x00000001   PAD
    0x20000034   0x00000004   Data   RW          480    .data               lcd.o
    0x20000038   0x00000004   Data   RW          570    .data               dht11.o
    0x2000003c   0x0000001c   Data   RW          625    .data               usmart.o
    0x20000058   0x00000134   Data   RW          652    .data               usmart_config.o
    0x2000018c   0x0000001c   Data   RW          669    .data               malloc.o
    0x200001a8   0x00000014   Data   RW          688    .data               lwip_comm.o
    0x200001bc   0x00000006   Data   RW          751    .data               udp_demo.o
    0x200001c2   0x00000001   Data   RW          797    .data               etharp.o
    0x200001c3   0x00000001   PAD
    0x200001c4   0x00000012   Data   RW          920    .data               ip.o
    0x200001d6   0x00000002   PAD
    0x200001d8   0x00000006   Data   RW          973    .data               ip_frag.o
    0x200001de   0x00000002   PAD
    0x200001e0   0x00000004   Data   RW         1004    .data               dhcp.o
    0x200001e4   0x00000010   Data   RW         1061    .data               mem.o
    0x200001f4   0x00000004   Data   RW         1078    .data               memp.o
    0x200001f8   0x00000009   Data   RW         1102    .data               netif.o
    0x20000201   0x00000003   PAD
    0x20000204   0x00000004   Data   RW         1136    .data               raw.o
    0x20000208   0x00000024   Data   RW         1158    .data               tcp.o
    0x2000022c   0x00000020   Data   RW         1181    .data               tcp_in.o
    0x2000024c   0x0000000c   Data   RW         1216    .data               timers.o
    0x20000258   0x00000008   Data   RW         1230    .data               udp.o
    0x20000260   0x000000c8   Zero   RW          430    .bss                usart.o
    0x20000328   0x0000000e   Zero   RW          478    .bss                lcd.o
    0x20000336   0x00000012   Zero   RW          501    .bss                spi.o
    0x20000348   0x00000010   Zero   RW          519    .bss                enc28j60.o
    0x20000358   0x0000aa00   Zero   RW          667    .bss                malloc.o
    0x2000ad58   0x0000004c   Zero   RW          687    .bss                lwip_comm.o
    0x2000ada4   0x000007e2   Zero   RW          750    .bss                udp_demo.o
    0x2000b586   0x00000002   PAD
    0x2000b588   0x000000c8   Zero   RW          794    .bss                etharp.o
    0x2000b650   0x00000010   Zero   RW          950    .bss                ip_addr.o
    0x2000b660   0x00000032   Zero   RW         1002    .bss                dhcp.o
    0x2000b692   0x00000002   PAD
    0x2000b694   0x00000028   Zero   RW         1076    .bss                memp.o
    0x2000b6bc   0x00000010   Zero   RW         1180    .bss                tcp_in.o
    0x2000b6cc   0x00000060   Zero   RW         1457    .bss                c_w.l(libspace.o)
    0x2000b72c   0x00000004   PAD
    0x2000b730   0x00000200   Zero   RW          295    HEAP                startup_stm32f10x_hd.o
    0x2000b930   0x00000400   Zero   RW          294    STACK               startup_stm32f10x_hd.o



  Load Region LR$$.ARM.__AT_0x68000000 (Base: 0x68000000, Size: 0x00000000, Max: 0x00030000, ABSOLUTE)

    Execution Region ER$$.ARM.__AT_0x68000000 (Base: 0x68000000, Size: 0x00030000, Max: 0x00030000, ABSOLUTE, UNINIT)

    Base Addr    Size         Type   Attr      Idx    E Section Name        Object

    0x68000000   0x00030000   Zero   RW          665    .ARM.__AT_0x68000000  malloc.o



  Load Region LR$$.ARM.__AT_0x68030000 (Base: 0x68030000, Size: 0x00000000, Max: 0x00003000, ABSOLUTE)

    Execution Region ER$$.ARM.__AT_0x68030000 (Base: 0x68030000, Size: 0x00003000, Max: 0x00003000, ABSOLUTE, UNINIT)

    Base Addr    Size         Type   Attr      Idx    E Section Name        Object

    0x68030000   0x00003000   Zero   RW          666    .ARM.__AT_0x68030000  malloc.o


==============================================================================

Image component sizes


      Code (inc. data)   RO Data    RW Data    ZI Data      Debug   Object Name

         0          0          0          0          0         32   core_cm3.o
        62          0          0          0          0       1078   def.o
       212         18          0          4          0        979   delay.o
      6372       1100        140          4         50      13038   dhcp.o
       832        100          0          4          0       3261   dht11.o
       260         10          0          0          0       1105   elengine.o
      1904        168          0          0         16      11405   enc28j60.o
      3520        596         80          1        200       9683   etharp.o
       528        178          0          0          0       4630   ethernetif.o
        78          0          0          0          0        674   exti.o
      1052        374          0          0          0       6665   icmp.o
         0          0          0          0          0       3816   inet.o
       676        104          0          0          0       2949   inet_chksum.o
        28          0          0          0          0        472   init.o
      1076        174          0         18          0       7031   ip.o
       812        112          8          0         16       9251   ip_addr.o
      2562        484          0          6          0       7264   ip_frag.o
       252         16          0          1          0        804   key.o
     22692        204       6080          4         14      23652   lcd.o
        84         16          0          0          0        415   led.o
      1320        464          0         20         76      18771   lwip_comm.o
       240         64          0          0          0     279930   main.o
       564         18         24         28     252416       4452   malloc.o
      1700        532          0         16          0       3894   mem.o
       436        196         40          4         40       2732   memp.o
       220         22          0          0          0       1785   misc.o
       196         12          0          0          0        537   motor.o
       768        126          0          9          0       6061   netif.o
      4156       1234          0          0          0       9025   pbuf.o
       572        134          0          4          0       3265   raw.o
       232         12          0          0         18       1249   spi.o
       280         16          0          0          0       1905   sram.o
        64         26        304          0       1536        776   startup_stm32f10x_hd.o
       284         10          0          0          0       2219   stm32f10x_exti.o
      1548         18          0          0          0       5331   stm32f10x_fsmc.o
       860         38          0          0          0       5633   stm32f10x_gpio.o
        26          0          0          0          0       1158   stm32f10x_it.o
       932         36          0         20          0       8784   stm32f10x_rcc.o
       780         14          0          0          0       6510   stm32f10x_spi.o
      3610         88          0          0          0      22116   stm32f10x_tim.o
      1032         22          0          0          0       8352   stm32f10x_usart.o
        12          0          0          0          0        563   sys.o
        12          6          0          0          0        418   sys_arch.o
       480         38          0         20          0       1671   system_stm32f10x.o
      5144       1098        197         36          0      21399   tcp.o
      6106        938          0         32         16      14919   tcp_in.o
      4688        864         85          0          0       9651   tcp_out.o
       132          8          0          0          0        748   timer.o
       784        190          0         12          0       2995   timers.o
      1488        202          0          8          0      14101   udp.o
      2212        388          0          6       2018       6708   udp_demo.o
       320         16          0          6        200       3114   usart.o
      3128       1288         40         28          0       4250   usmart.o
         0          0        251        308          0       1540   usmart_config.o
      1320         12          0          0          0       5009   usmart_str.o

    ----------------------------------------------------------------------
     88656      11784       7290        608     256620     589775   Object Totals
         0          0         32          0          0          0   (incl. Generated)
         8          0          9          9          4          0   (incl. Padding)

    ----------------------------------------------------------------------

      Code (inc. data)   RO Data    RW Data    ZI Data      Debug   Library Member Name

        90          0          0          0          0          0   __dczerorl2.o
         8          0          0          0          0         68   __main.o
       392          4         17          0          0         92   __printf_flags_ss_wp.o
        14          0          0          0          0         68   __printf_wp.o
         0          0          0          0          0          0   __rtentry.o
        12          0          0          0          0          0   __rtentry2.o
         6          0          0          0          0          0   __rtentry4.o
        52          8          0          0          0          0   __scatter.o
        28          0          0          0          0          0   __scatter_zi.o
         6          0          0          0          0          0   _printf_c.o
        44          0          0          0          0        108   _printf_char.o
        48          6          0          0          0         96   _printf_char_common.o
        36          4          0          0          0         80   _printf_char_file.o
         6          0          0          0          0          0   _printf_d.o
       120         16          0          0          0         92   _printf_dec.o
        88          4         40          0          0         88   _printf_hex_int.o
       178          0          0          0          0         88   _printf_intcommon.o
        78          0          0          0          0        108   _printf_pad.o
         0          0          0          0          0          0   _printf_percent.o
         4          0          0          0          0          0   _printf_percent_end.o
         6          0          0          0          0          0   _printf_s.o
        82          0          0          0          0         80   _printf_str.o
         6          0          0          0          0          0   _printf_u.o
         6          0          0          0          0          0   _printf_x.o
        10          0          0          0          0         68   _sputc.o
        12          0          0          0          0         72   exit.o
         8          0          0          0          0         68   ferror.o
         6          0          0          0          0        152   heapauxi.o
         2          0          0          0          0          0   libinit.o
         2          0          0          0          0          0   libinit2.o
         2          0          0          0          0          0   libshutdown.o
         2          0          0          0          0          0   libshutdown2.o
         8          4          0          0         96         68   libspace.o
        88          0          0          0          0         76   memcmp.o
        24          4          0          0          0         84   noretval__2printf.o
        40          6          0          0          0         84   noretval__2sprintf.o
        68          0          0          0          0         68   rt_memclr.o
        78          0          0          0          0         80   rt_memclr_w.o
       138          0          0          0          0         68   rt_memcpy_v6.o
       100          0          0          0          0         80   rt_memcpy_w.o
         2          0          0          0          0          0   rtexit.o
        10          0          0          0          0          0   rtexit2.o
        62          0          0          0          0         76   strlen.o
        74          0          0          0          0         80   sys_stackheap_outer.o
         2          0          0          0          0         68   use_no_semi.o
         2          0          0          0          0         68   use_no_semi_2.o

    ----------------------------------------------------------------------
      2058         56         60          0        100       2228   Library Totals
         8          0          3          0          4          0   (incl. Padding)

    ----------------------------------------------------------------------

      Code (inc. data)   RO Data    RW Data    ZI Data      Debug   Library Name

      2050         56         57          0         96       2228   c_w.l

    ----------------------------------------------------------------------
      2058         56         60          0        100       2228   Library Totals

    ----------------------------------------------------------------------

==============================================================================


      Code (inc. data)   RO Data    RW Data    ZI Data      Debug   

     90714      11840       7350        608     256720     586383   Grand Totals
     90714      11840       7350        164     256720     586383   ELF Image Totals (compressed)
     90714      11840       7350        164          0          0   ROM Totals

==============================================================================

    Total RO  Size (Code + RO Data)                98064 (  95.77kB)
    Total RW  Size (RW Data + ZI Data)            257328 ( 251.30kB)
    Total ROM Size (Code + RO Data + RW Data)      98228 (  95.93kB)

==============================================================================

